Component: ARM Compiler 5.06 update 7 (build 960) Tool: armlink [4d3601]

==============================================================================

Section Cross References

    main.o(i.main) refers to sysctl.o(i.SysCtlClockSet) for SysCtlClockSet
    main.o(i.main) refers to configurehardware.o(i.ConfigureLEDS) for ConfigureLEDS
    main.o(i.main) refers to userfeedback.o(i.LedUserFeedbackStartup) for LedUserFeedbackStartup
    main.o(i.main) refers to configurehardware.o(i.ConfigureUART) for ConfigureUART
    main.o(i.main) refers to configurehardware.o(i.EnableUART) for EnableUART
    main.o(i.main) refers to userfeedback.o(i.LedUserFeedbackProgress) for LedUserFeedbackProgress
    main.o(i.main) refers to uartstdio.o(i.UARTwrite) for UARTwrite
    main.o(i.main) refers to userfeedback.o(i.StartupTerminalOutput) for StartupTerminalOutput
    main.o(i.main) refers to configurehardware.o(i.ConfigureI2C) for ConfigureI2C
    main.o(i.main) refers to configurehardware.o(i.EnableI2C) for EnableI2C
    main.o(i.main) refers to application.o(i.main_app) for main_app
    application.o(i.Thread_Communication) refers to cmsis_os2.o(i.osThreadSetPriority) for osThreadSetPriority
    application.o(i.Thread_Communication) refers to uartstdio.o(i.UARTwrite) for UARTwrite
    application.o(i.Thread_Communication) refers to cmsis_os2.o(i.osMessageQueueGet) for osMessageQueueGet
    application.o(i.Thread_Communication) refers to proximityclickapi.o(i.GetSpecs) for GetSpecs
    application.o(i.Thread_Communication) refers to userfeedback.o(i.write_hex) for write_hex
    application.o(i.Thread_Communication) refers to proximityclickapi.o(i.Setup) for Setup
    application.o(i.Thread_Communication) refers to proximityclickapi.o(i.Start) for Start
    application.o(i.Thread_Communication) refers to cmsis_os2.o(i.osThreadFlagsSet) for osThreadFlagsSet
    application.o(i.Thread_Communication) refers to cmsis_os2.o(i.osThreadYield) for osThreadYield
    application.o(i.Thread_Communication) refers to application.o(.data) for tid_Thread_Communication
    application.o(i.Thread_Communication) refers to application.o(.conststring) for .conststring
    application.o(i.Thread_Gesture) refers to cmsis_os2.o(i.osThreadSetPriority) for osThreadSetPriority
    application.o(i.Thread_Gesture) refers to uartstdio.o(i.UARTwrite) for UARTwrite
    application.o(i.Thread_Gesture) refers to cmsis_os2.o(i.osMessageQueueGet) for osMessageQueueGet
    application.o(i.Thread_Gesture) refers to cmsis_os2.o(i.osThreadYield) for osThreadYield
    application.o(i.Thread_Gesture) refers to application.o(.data) for tid_Thread_Gesture
    application.o(i.Thread_Read) refers to cmsis_os2.o(i.osThreadSetPriority) for osThreadSetPriority
    application.o(i.Thread_Read) refers to uartstdio.o(i.UARTwrite) for UARTwrite
    application.o(i.Thread_Read) refers to cmsis_os2.o(i.osThreadFlagsWait) for osThreadFlagsWait
    application.o(i.Thread_Read) refers to proximityclickapi.o(i.ReadOutput) for ReadOutput
    application.o(i.Thread_Read) refers to cmsis_os2.o(i.osMessageQueuePut) for osMessageQueuePut
    application.o(i.Thread_Read) refers to cmsis_os2.o(i.osThreadFlagsSet) for osThreadFlagsSet
    application.o(i.Thread_Read) refers to cmsis_os2.o(i.osThreadYield) for osThreadYield
    application.o(i.Thread_Read) refers to application.o(.data) for tid_Thread_Read
    application.o(i.UART0_Handler) refers to uart.o(i.UARTIntStatus) for UARTIntStatus
    application.o(i.UART0_Handler) refers to uart.o(i.UARTIntClear) for UARTIntClear
    application.o(i.UART0_Handler) refers to uart.o(i.UARTCharsAvail) for UARTCharsAvail
    application.o(i.UART0_Handler) refers to uart.o(i.UARTCharGet) for UARTCharGet
    application.o(i.UART0_Handler) refers to uartstdio.o(i.UARTwrite) for UARTwrite
    application.o(i.UART0_Handler) refers to cmsis_os2.o(i.osMessageQueuePut) for osMessageQueuePut
    application.o(i.UART0_Handler) refers to cmsis_os2.o(i.osThreadResume) for osThreadResume
    application.o(i.UART0_Handler) refers to uart.o(i.UARTCharGetNonBlocking) for UARTCharGetNonBlocking
    application.o(i.UART0_Handler) refers to application.o(.data) for mid_MsgQueue_UserInput
    application.o(i.UART0_Handler) refers to application.o(i.Thread_Communication) for Thread_Communication
    application.o(i.main_app) refers to cmsis_os2.o(i.osKernelInitialize) for osKernelInitialize
    application.o(i.main_app) refers to cmsis_os2.o(i.osThreadNew) for osThreadNew
    application.o(i.main_app) refers to userfeedback.o(i.LedUserFeedbackProgress) for LedUserFeedbackProgress
    application.o(i.main_app) refers to uartstdio.o(i.UARTwrite) for UARTwrite
    application.o(i.main_app) refers to cmsis_os2.o(i.osMessageQueueNew) for osMessageQueueNew
    application.o(i.main_app) refers to cmsis_os2.o(i.osKernelStart) for osKernelStart
    application.o(i.main_app) refers to application.o(i.Thread_Communication) for Thread_Communication
[...]
    prvCopyDataFromQueue                     0x000028d5   Thumb Code    42  queue.o(i.prvCopyDataFromQueue)
    i.prvCopyDataToQueue                     0x000028fe   Section        0  queue.o(i.prvCopyDataToQueue)
    prvCopyDataToQueue                       0x000028ff   Thumb Code   126  queue.o(i.prvCopyDataToQueue)
    i.prvDeleteTCB                           0x0000297c   Section        0  tasks.o(i.prvDeleteTCB)
    prvDeleteTCB                             0x0000297d   Thumb Code    40  tasks.o(i.prvDeleteTCB)
    i.prvGetDisinheritPriorityAfterTimeout   0x000029a4   Section        0  queue.o(i.prvGetDisinheritPriorityAfterTimeout)
    prvGetDisinheritPriorityAfterTimeout     0x000029a5   Thumb Code    20  queue.o(i.prvGetDisinheritPriorityAfterTimeout)
    i.prvGetNextExpireTime                   0x000029b8   Section        0  timers.o(i.prvGetNextExpireTime)
    prvGetNextExpireTime                     0x000029b9   Thumb Code    36  timers.o(i.prvGetNextExpireTime)
    i.prvHeapInit                            0x000029e0   Section        0  heap_4.o(i.prvHeapInit)
    prvHeapInit                              0x000029e1   Thumb Code    98  heap_4.o(i.prvHeapInit)
    i.prvIdleTask                            0x00002a5c   Section        0  tasks.o(i.prvIdleTask)
    prvIdleTask                              0x00002a5d   Thumb Code    32  tasks.o(i.prvIdleTask)
    i.prvInitialiseMutex                     0x00002a84   Section        0  queue.o(i.prvInitialiseMutex)
    prvInitialiseMutex                       0x00002a85   Thumb Code    30  queue.o(i.prvInitialiseMutex)
    i.prvInitialiseNewQueue                  0x00002aa2   Section        0  queue.o(i.prvInitialiseNewQueue)
    prvInitialiseNewQueue                    0x00002aa3   Thumb Code    42  queue.o(i.prvInitialiseNewQueue)
    i.prvInitialiseNewTask                   0x00002acc   Section        0  tasks.o(i.prvInitialiseNewTask)
    prvInitialiseNewTask                     0x00002acd   Thumb Code   154  tasks.o(i.prvInitialiseNewTask)
    i.prvInitialiseTaskLists                 0x00002b68   Section        0  tasks.o(i.prvInitialiseTaskLists)
    prvInitialiseTaskLists                   0x00002b69   Thumb Code    70  tasks.o(i.prvInitialiseTaskLists)
    i.prvInsertBlockIntoFreeList             0x00002bd0   Section        0  heap_4.o(i.prvInsertBlockIntoFreeList)
    prvInsertBlockIntoFreeList               0x00002bd1   Thumb Code    96  heap_4.o(i.prvInsertBlockIntoFreeList)
    i.prvInsertTimerInActiveList             0x00002c38   Section        0  timers.o(i.prvInsertTimerInActiveList)
    prvInsertTimerInActiveList               0x00002c39   Thumb Code    80  timers.o(i.prvInsertTimerInActiveList)
    i.prvIsQueueEmpty                        0x00002c90   Section        0  queue.o(i.prvIsQueueEmpty)
    prvIsQueueEmpty                          0x00002c91   Thumb Code    26  queue.o(i.prvIsQueueEmpty)
    i.prvIsQueueFull                         0x00002caa   Section        0  queue.o(i.prvIsQueueFull)
    prvIsQueueFull                           0x00002cab   Thumb Code    30  queue.o(i.prvIsQueueFull)
    i.prvProcessExpiredTimer                 0x00002cc8   Section        0  timers.o(i.prvProcessExpiredTimer)
    prvProcessExpiredTimer                   0x00002cc9   Thumb Code    86  timers.o(i.prvProcessExpiredTimer)
    i.prvProcessReceivedCommands             0x00002d24   Section        0  timers.o(i.prvProcessReceivedCommands)
    prvProcessReceivedCommands               0x00002d25   Thumb Code   264  timers.o(i.prvProcessReceivedCommands)
    i.prvProcessTimerOrBlockTask             0x00002e30   Section        0  timers.o(i.prvProcessTimerOrBlockTask)
    prvProcessTimerOrBlockTask               0x00002e31   Thumb Code   102  timers.o(i.prvProcessTimerOrBlockTask)
    i.prvResetNextTaskUnblockTime            0x00002ea4   Section        0  tasks.o(i.prvResetNextTaskUnblockTime)
    prvResetNextTaskUnblockTime              0x00002ea5   Thumb Code    42  tasks.o(i.prvResetNextTaskUnblockTime)
    i.prvSampleTimeNow                       0x00002ed8   Section        0  timers.o(i.prvSampleTimeNow)
    prvSampleTimeNow                         0x00002ed9   Thumb Code    40  timers.o(i.prvSampleTimeNow)
    i.prvSwitchTimerLists                    0x00002f04   Section        0  timers.o(i.prvSwitchTimerLists)
    prvSwitchTimerLists                      0x00002f05   Thumb Code   126  timers.o(i.prvSwitchTimerLists)
    i.prvTaskExitError                       0x00002f8c   Section        0  port.o(i.prvTaskExitError)
    prvTaskExitError                         0x00002f8d   Thumb Code    22  port.o(i.prvTaskExitError)
    i.prvTaskIsTaskSuspended                 0x00002fa4   Section        0  tasks.o(i.prvTaskIsTaskSuspended)
    prvTaskIsTaskSuspended                   0x00002fa5   Thumb Code    56  tasks.o(i.prvTaskIsTaskSuspended)
    i.prvTimerTask                           0x00002fe4   Section        0  timers.o(i.prvTimerTask)
    prvTimerTask                             0x00002fe5   Thumb Code    26  timers.o(i.prvTimerTask)
    i.prvUnlockQueue                         0x00002ffe   Section        0  queue.o(i.prvUnlockQueue)
    prvUnlockQueue                           0x00002fff   Thumb Code   126  queue.o(i.prvUnlockQueue)
    i.pvPortMalloc                           0x0000307c   Section        0  heap_4.o(i.pvPortMalloc)
    i.pvTaskIncrementMutexHeldCount          0x0000315c   Section        0  tasks.o(i.pvTaskIncrementMutexHeldCount)
    i.pxPortInitialiseStack                  0x0000317c   Section        0  port.o(i.pxPortInitialiseStack)
    i.uxListRemove                           0x000031a8   Section        0  list.o(i.uxListRemove)
    i.vApplicationGetIdleTaskMemory          0x000031d0   Section        0  cmsis_os2.o(i.vApplicationGetIdleTaskMemory)
    i.vApplicationGetTimerTaskMemory         0x000031e8   Section        0  cmsis_os2.o(i.vApplicationGetTimerTaskMemory)
    i.vApplicationStackOverflowHook          0x00003200   Section        0  cmsis_os2.o(i.vApplicationStackOverflowHook)
    i.vListInitialise                        0x00003202   Section        0  list.o(i.vListInitialise)
    i.vListInitialiseItem                    0x0000321c   Section        0  list.o(i.vListInitialiseItem)
    i.vListInsert                            0x00003222   Section        0  list.o(i.vListInsert)
    i.vListInsertEnd                         0x00003256   Section        0  list.o(i.vListInsertEnd)
    i.vPortEnterCritical                     0x00003270   Section        0  port.o(i.vPortEnterCritical)
    i.vPortExitCritical                      0x00003294   Section        0  port.o(i.vPortExitCritical)
    i.vPortFree                              0x000032b4   Section        0  heap_4.o(i.vPortFree)
    i.vPortSetupTimerInterrupt               0x0000330c   Section        0  port.o(i.vPortSetupTimerInterrupt)
    i.vQueueDelete                           0x00003334   Section        0  queue.o(i.vQueueDelete)
    i.vQueueWaitForMessageRestricted         0x00003348   Section        0  queue.o(i.vQueueWaitForMessageRestricted)
    i.vTaskInternalSetTimeOutState           0x00003394   Section        0  tasks.o(i.vTaskInternalSetTimeOutState)
    i.vTaskMissedYield                       0x000033ac   Section        0  tasks.o(i.vTaskMissedYield)
    i.vTaskPlaceOnEventList                  0x000033b8   Section        0  tasks.o(i.vTaskPlaceOnEventList)
    i.vTaskPlaceOnEventListRestricted        0x000033d8   Section        0  tasks.o(i.vTaskPlaceOnEventListRestricted)
    i.vTaskPriorityDisinheritAfterTimeout    0x00003400   Section        0  tasks.o(i.vTaskPriorityDisinheritAfterTimeout)
    i.vTaskPrioritySet                       0x0000348c   Section        0  tasks.o(i.vTaskPrioritySet)
    i.vTaskResume                            0x0000356c   Section        0  tasks.o(i.vTaskResume)
    i.vTaskStartScheduler                    0x000035e4   Section        0  tasks.o(i.vTaskStartScheduler)
    i.vTaskSuspendAll                        0x00003678   Section        0  tasks.o(i.vTaskSuspendAll)
    i.vTaskSwitchContext                     0x00003688   Section        0  tasks.o(i.vTaskSwitchContext)
    i.write_hex                              0x00003738   Section        0  userfeedback.o(i.write_hex)
    i.xPortStartScheduler                    0x00003870   Section        0  port.o(i.xPortStartScheduler)
    i.xPortSysTickHandler                    0x000038b8   Section        0  port.o(i.xPortSysTickHandler)
    i.xQueueCreateMutex                      0x000038ec   Section        0  queue.o(i.xQueueCreateMutex)
    i.xQueueCreateMutexStatic                0x0000390e   Section        0  queue.o(i.xQueueCreateMutexStatic)
    i.xQueueGenericCreate                    0x00003938   Section        0  queue.o(i.xQueueGenericCreate)
    i.xQueueGenericCreateStatic              0x00003972   Section        0  queue.o(i.xQueueGenericCreateStatic)
    i.xQueueGenericReset                     0x000039a0   Section        0  queue.o(i.xQueueGenericReset)
    i.xQueueGenericSend                      0x00003a20   Section        0  queue.o(i.xQueueGenericSend)
    i.xQueueGenericSendFromISR               0x00003b38   Section        0  queue.o(i.xQueueGenericSendFromISR)
    i.xQueueReceive                          0x00003bc4   Section        0  queue.o(i.xQueueReceive)
    i.xQueueReceiveFromISR                   0x00003cc8   Section        0  queue.o(i.xQueueReceiveFromISR)
    i.xQueueSemaphoreTake                    0x00003d4c   Section        0  queue.o(i.xQueueSemaphoreTake)
    i.xTaskCheckForTimeOut                   0x00003e7c   Section        0  tasks.o(i.xTaskCheckForTimeOut)
    i.xTaskCreate                            0x00003ed8   Section        0  tasks.o(i.xTaskCreate)
    i.xTaskCreateStatic                      0x00003f3c   Section        0  tasks.o(i.xTaskCreateStatic)
    i.xTaskGenericNotify                     0x00003f8c   Section        0  tasks.o(i.xTaskGenericNotify)
    i.xTaskGenericNotifyFromISR              0x00004050   Section        0  tasks.o(i.xTaskGenericNotifyFromISR)
    i.xTaskGetSchedulerState                 0x0000414c   Section        0  tasks.o(i.xTaskGetSchedulerState)
    i.xTaskGetTickCount                      0x0000416c   Section        0  tasks.o(i.xTaskGetTickCount)
    i.xTaskIncrementTick                     0x00004178   Section        0  tasks.o(i.xTaskIncrementTick)
    i.xTaskNotifyWait                        0x00004290   Section        0  tasks.o(i.xTaskNotifyWait)
    i.xTaskPriorityDisinherit                0x00004330   Section        0  tasks.o(i.xTaskPriorityDisinherit)
    i.xTaskPriorityInherit                   0x00004390   Section        0  tasks.o(i.xTaskPriorityInherit)
    i.xTaskRemoveFromEventList               0x00004434   Section        0  tasks.o(i.xTaskRemoveFromEventList)
    i.xTaskResumeAll                         0x000044b4   Section        0  tasks.o(i.xTaskResumeAll)
    i.xTimerCreateTimerTask                  0x0000459c   Section        0  timers.o(i.xTimerCreateTimerTask)
    i.xTimerGenericCommand                   0x000045fc   Section        0  timers.o(i.xTimerGenericCommand)
    x$fpl$fpinit                             0x00004668   Section       10  fpinit.o(x$fpl$fpinit)
    $v0                                      0x00004668   Number         0  fpinit.o(x$fpl$fpinit)
    .constdata                               0x00004674   Section       28  uartstdio.o(.constdata)
    g_pcHex                                  0x00004674   Data           4  uartstdio.o(.constdata)
    g_ui32UARTBase                           0x00004678   Data          12  uartstdio.o(.constdata)
    g_ui32UARTPeriph                         0x00004684   Data          12  uartstdio.o(.constdata)
    .constdata                               0x00004690   Section      552  gpio.o(.constdata)
    g_ppui32GPIOIntMapBlizzard               0x00004690   Data         192  gpio.o(.constdata)
    g_ppui32GPIOIntMapSnowflake              0x00004750   Data         216  gpio.o(.constdata)
    g_pui32GPIOBaseAddrs                     0x00004828   Data         144  gpio.o(.constdata)
    .constdata                               0x000048b8   Section      268  interrupt.o(.constdata)
    g_pui32Priority                          0x000048b8   Data          32  interrupt.o(.constdata)
    g_pui32Regs                              0x000048d8   Data         156  interrupt.o(.constdata)
    g_pui32EnRegs                            0x00004974   Data          20  interrupt.o(.constdata)
    g_pui32Dii16Regs                         0x00004988   Data          20  interrupt.o(.constdata)
    g_pui32PendRegs                          0x0000499c   Data          20  interrupt.o(.constdata)
    g_pui32UnpendRegs                        0x000049b0   Data          20  interrupt.o(.constdata)
    .constdata                               0x000049c4   Section      596  sysctl.o(.constdata)
    g_pui32Xtals                             0x000049c4   Data         108  sysctl.o(.constdata)
    g_pppui32XTALtoVCO                       0x00004a30   Data         432  sysctl.o(.constdata)
    g_sXTALtoMEMTIM                          0x00004be0   Data          48  sysctl.o(.constdata)
    g_pui32VCOFrequencies                    0x00004c10   Data           8  sysctl.o(.constdata)
    .conststring                             0x00004c18   Section       67  application.o(.conststring)
    .conststring                             0x00004c5c   Section       17  uartstdio.o(.conststring)
    .data                                    0x20000000   Section       21  application.o(.data)
    .data                                    0x20000018   Section        5  uartstdio.o(.data)
    g_ui32Base                               0x20000018   Data           4  uartstdio.o(.data)
    bLastWasCR                               0x2000001c   Data           1  uartstdio.o(.data)
    .data                                    0x2000001d   Section        1  clib_arm.o(.data)
    os_kernel_active                         0x2000001d   Data           1  clib_arm.o(.data)
    .data                                    0x20000020   Section        4  cmsis_os2.o(.data)
    KernelState                              0x20000020   Data           4  cmsis_os2.o(.data)
    .data                                    0x20000024   Section        4  system_tm4c123.o(.data)
    .data                                    0x20000028   Section       32  heap_4.o(.data)
    xStart                                   0x20000028   Data           8  heap_4.o(.data)
    pxEnd                                    0x20000030   Data           4  heap_4.o(.data)
    xFreeBytesRemaining                      0x20000034   Data           4  heap_4.o(.data)
    xMinimumEverFreeBytesRemaining           0x20000038   Data           4  heap_4.o(.data)
    xNumberOfSuccessfulAllocations           0x2000003c   Data           4  heap_4.o(.data)
    xNumberOfSuccessfulFrees                 0x20000040   Data           4  heap_4.o(.data)
    xBlockAllocatedBit                       0x20000044   Data           4  heap_4.o(.data)
    .data                                    0x20000048   Section        4  port.o(.data)
    uxCriticalNesting                        0x20000048   Data           4  port.o(.data)
    .data                                    0x2000004c   Section       60  tasks.o(.data)
    pxDelayedTaskList                        0x20000050   Data           4  tasks.o(.data)
    pxOverflowDelayedTaskList                0x20000054   Data           4  tasks.o(.data)
    uxDeletedTasksWaitingCleanUp             0x20000058   Data           4  tasks.o(.data)
    uxCurrentNumberOfTasks                   0x2000005c   Data           4  tasks.o(.data)
    xTickCount                               0x20000060   Data           4  tasks.o(.data)
    uxTopReadyPriority                       0x20000064   Data           4  tasks.o(.data)
    xSchedulerRunning                        0x20000068   Data           4  tasks.o(.data)
    xPendedTicks                             0x2000006c   Data           4  tasks.o(.data)
    xYieldPending                            0x20000070   Data           4  tasks.o(.data)
    xNumOfOverflows                          0x20000074   Data           4  tasks.o(.data)
    uxTaskNumber                             0x20000078   Data           4  tasks.o(.data)
    xNextTaskUnblockTime                     0x2000007c   Data           4  tasks.o(.data)
    xIdleTaskHandle                          0x20000080   Data           4  tasks.o(.data)
    uxSchedulerSuspended                     0x20000084   Data           4  tasks.o(.data)
    .data                                    0x20000088   Section       20  timers.o(.data)
    pxCurrentTimerList                       0x20000088   Data           4  timers.o(.data)
    pxOverflowTimerList                      0x2000008c   Data           4  timers.o(.data)
    xTimerQueue                              0x20000090   Data           4  timers.o(.data)
    xTimerTaskHandle                         0x20000094   Data           4  timers.o(.data)
    xLastTime                                0x20000098   Data           4  timers.o(.data)
    .bss                                     0x2000009c   Section      916  clib_arm.o(.bss)
    os_libspace                              0x2000009c   Data         480  clib_arm.o(.bss)
    os_libspace_id                           0x2000027c   Data          16  clib_arm.o(.bss)
    clib_mutex_cb                            0x2000028c   Data         400  clib_arm.o(.bss)
    clib_mutex_id                            0x2000041c   Data          20  clib_arm.o(.bss)
    .bss                                     0x20000430   Section     1016  cmsis_os2.o(.bss)
    Idle_TCB                                 0x20000430   Data          92  cmsis_os2.o(.bss)
    Idle_Stack                               0x2000048c   Data         512  cmsis_os2.o(.bss)
    Timer_TCB                                0x2000068c   Data          92  cmsis_os2.o(.bss)
    Timer_Stack                              0x200006e8   Data         320  cmsis_os2.o(.bss)
    .bss                                     0x20000828   Section     8192  heap_4.o(.bss)
    ucHeap                                   0x20000828   Data        8192  heap_4.o(.bss)
    .bss                                     0x20002828   Section     1220  tasks.o(.bss)
    pxReadyTasksLists                        0x20002828   Data        1120  tasks.o(.bss)
    xDelayedTaskList1                        0x20002c88   Data          20  tasks.o(.bss)
    xDelayedTaskList2                        0x20002c9c   Data          20  tasks.o(.bss)
    xPendingReadyList                        0x20002cb0   Data          20  tasks.o(.bss)
    xTasksWaitingTermination                 0x20002cc4   Data          20  tasks.o(.bss)
    xSuspendedTaskList                       0x20002cd8   Data          20  tasks.o(.bss)
    .bss                                     0x20002cec   Section      200  timers.o(.bss)
    xActiveTimerList1                        0x20002cec   Data          20  timers.o(.bss)
    xActiveTimerList2                        0x20002d00   Data          20  timers.o(.bss)
    xStaticTimerQueue                        0x20002d14   Data          80  timers.o(.bss)
    ucStaticTimerQueueStorage                0x20002d64   Data          80  timers.o(.bss)
    .bss                                     0x20002db4   Section       96  libspace.o(.bss)
    HEAP                                     0x20002e18   Section        0  startup_tm4c123.o(HEAP)
    STACK                                    0x20002e18   Section      512  startup_tm4c123.o(STACK)
    Heap_Mem                                 0x20002e18   Data           0  startup_tm4c123.o(HEAP)
    Stack_Mem                                0x20002e18   Data         512  startup_tm4c123.o(STACK)
    __initial_sp                             0x20003018   Data           0  startup_tm4c123.o(STACK)

    Global Symbols

    Symbol Name                              Value     Ov Type        Size  Object(Section)

    BuildAttributes$$THM_ISAv4$E$P$D$K$B$S$7EM$VFPi3$EXTD16$VFPS$VFMA$PE$A:L22UL41UL21$X:L11$S22US41US21$IEEE1$IW$USESV6$~STKCKD$USESV7$~SHL$OSPACE$ROPI$EBA8$UX$STANDARDLIB$REQ8$PRES8$EABIv2 0x00000000   Number         0  anon$$obj.o ABSOLUTE
    __ARM_use_no_argv                        0x00000000   Number         0  main.o ABSOLUTE
    __Vectors                                0x00000000   Data           4  startup_tm4c123.o(RESET)
    __ARM_exceptions_init                     - Undefined Weak Reference
    __alloca_initialize                       - Undefined Weak Reference
    __arm_fini_                               - Undefined Weak Reference
    __arm_preinit_                            - Undefined Weak Reference
    __cpp_initialize__aeabi_                  - Undefined Weak Reference
    __cxa_finalize                            - Undefined Weak Reference
    __rt_locale                               - Undefined Weak Reference
    __sigvec_lookup                           - Undefined Weak Reference
    _atexit_init                              - Undefined Weak Reference
    _call_atexit_fns                          - Undefined Weak Reference
    _clock_init                               - Undefined Weak Reference
    _fp_trap_init                             - Undefined Weak Reference
    _fp_trap_shutdown                         - Undefined Weak Reference
    _get_lc_collate                           - Undefined Weak Reference
    _get_lc_ctype                             - Undefined Weak Reference
    _get_lc_monetary                          - Undefined Weak Reference
    _get_lc_numeric                           - Undefined Weak Reference
    _get_lc_time                              - Undefined Weak Reference
    _getenv_init                              - Undefined Weak Reference
    _handle_redirection                       - Undefined Weak Reference
    _init_alloc                               - Undefined Weak Reference
    _init_user_alloc                          - Undefined Weak Reference
    _initio                                   - Undefined Weak Reference
    _rand_init                                - Undefined Weak Reference
    _signal_finish                            - Undefined Weak Reference
    _signal_init                              - Undefined Weak Reference
    _terminate_alloc                          - Undefined Weak Reference
    _terminate_user_alloc                     - Undefined Weak Reference
    _terminateio                              - Undefined Weak Reference
    __Vectors_End                            0x0000026c   Data           0  startup_tm4c123.o(RESET)
    __Vectors_Size                           0x0000026c   Number         0  startup_tm4c123.o ABSOLUTE
    __main                                   0x0000026d   Thumb Code     8  __main.o(!!!main)
    __scatterload                            0x00000275   Thumb Code     0  __scatter.o(!!!scatter)
    __scatterload_rt2                        0x00000275   Thumb Code    44  __scatter.o(!!!scatter)
    __scatterload_rt2_thumb_only             0x00000275   Thumb Code     0  __scatter.o(!!!scatter)
    __scatterload_null                       0x00000283   Thumb Code     0  __scatter.o(!!!scatter)
    __scatterload_copy                       0x000002a9   Thumb Code    26  __scatter_copy.o(!!handler_copy)
    __scatterload_zeroinit                   0x000002c5   Thumb Code    28  __scatter_zi.o(!!handler_zi)
    __rt_lib_init                            0x000002e1   Thumb Code     0  libinit.o(.ARM.Collect$$libinit$$00000000)
    __rt_lib_init_fp_1                       0x000002e3   Thumb Code     0  libinit2.o(.ARM.Collect$$libinit$$00000001)
    __rt_lib_init_alloca_1                   0x000002e7   Thumb Code     0  libinit2.o(.ARM.Collect$$libinit$$0000002E)
    __rt_lib_init_argv_1                     0x000002e7   Thumb Code     0  libinit2.o(.ARM.Collect$$libinit$$0000002C)
    __rt_lib_init_atexit_1                   0x000002e7   Thumb Code     0  libinit2.o(.ARM.Collect$$libinit$$0000001B)
    __rt_lib_init_clock_1                    0x000002e7   Thumb Code     0  libinit2.o(.ARM.Collect$$libinit$$00000021)
    __rt_lib_init_cpp_1                      0x000002e7   Thumb Code     0  libinit2.o(.ARM.Collect$$libinit$$00000032)
    __rt_lib_init_exceptions_1               0x000002e7   Thumb Code     0  libinit2.o(.ARM.Collect$$libinit$$00000030)
    __rt_lib_init_fp_trap_1                  0x000002e7   Thumb Code     0  libinit2.o(.ARM.Collect$$libinit$$0000001F)
    __rt_lib_init_getenv_1                   0x000002e7   Thumb Code     0  libinit2.o(.ARM.Collect$$libinit$$00000023)
    __rt_lib_init_heap_1                     0x000002e7   Thumb Code     0  libinit2.o(.ARM.Collect$$libinit$$0000000A)
    __rt_lib_init_lc_collate_1               0x000002e7   Thumb Code     0  libinit2.o(.ARM.Collect$$libinit$$00000011)
    __rt_lib_init_lc_ctype_1                 0x000002e7   Thumb Code     0  libinit2.o(.ARM.Collect$$libinit$$00000013)
    __rt_lib_init_lc_monetary_1              0x000002e7   Thumb Code     0  libinit2.o(.ARM.Collect$$libinit$$00000015)
    __rt_lib_init_lc_numeric_1               0x000002e7   Thumb Code     0  libinit2.o(.ARM.Collect$$libinit$$00000017)
    __rt_lib_init_lc_time_1                  0x000002e7   Thumb Code     0  libinit2.o(.ARM.Collect$$libinit$$00000019)
    __rt_lib_init_preinit_1                  0x000002e7   Thumb Code     0  libinit2.o(.ARM.Collect$$libinit$$00000004)
    __rt_lib_init_rand_1                     0x000002e7   Thumb Code     0  libinit2.o(.ARM.Collect$$libinit$$0000000E)
    __rt_lib_init_return                     0x000002e7   Thumb Code     0  libinit2.o(.ARM.Collect$$libinit$$00000033)
    __rt_lib_init_signal_1                   0x000002e7   Thumb Code     0  libinit2.o(.ARM.Collect$$libinit$$0000001D)
    __rt_lib_init_stdio_1                    0x000002e7   Thumb Code     0  libinit2.o(.ARM.Collect$$libinit$$00000025)
    __rt_lib_init_user_alloc_1               0x000002e7   Thumb Code     0  libinit2.o(.ARM.Collect$$libinit$$0000000C)
    __rt_lib_shutdown                        0x000002e9   Thumb Code     0  libshutdown.o(.ARM.Collect$$libshutdown$$00000000)
    __rt_lib_shutdown_cpp_1                  0x000002eb   Thumb Code     0  libshutdown2.o(.ARM.Collect$$libshutdown$$00000004)
    __rt_lib_shutdown_fini_1                 0x000002eb   Thumb Code     0  libshutdown2.o(.ARM.Collect$$libshutdown$$00000002)
    __rt_lib_shutdown_fp_trap_1              0x000002eb   Thumb Code     0  libshutdown2.o(.ARM.Collect$$libshutdown$$00000009)
    __rt_lib_shutdown_heap_1                 0x000002eb   Thumb Code     0  libshutdown2.o(.ARM.Collect$$libshutdown$$00000011)
    __rt_lib_shutdown_return                 0x000002eb   Thumb Code     0  libshutdown2.o(.ARM.Collect$$libshutdown$$00000012)
    __rt_lib_shutdown_signal_1               0x000002eb   Thumb Code     0  libshutdown2.o(.ARM.Collect$$libshutdown$$0000000C)
    __rt_lib_shutdown_stdio_1                0x000002eb   Thumb Code     0  libshutdown2.o(.ARM.Collect$$libshutdown$$00000006)
    __rt_lib_shutdown_user_alloc_1           0x000002eb   Thumb Code     0  libshutdown2.o(.ARM.Collect$$libshutdown$$0000000E)
    __rt_entry                               0x000002ed   Thumb Code     0  __rtentry.o(.ARM.Collect$$rtentry$$00000000)
    __rt_entry_presh_1                       0x000002ed   Thumb Code     0  __rtentry2.o(.ARM.Collect$$rtentry$$00000002)
    __rt_entry_sh                            0x000002ed   Thumb Code     0  __rtentry4.o(.ARM.Collect$$rtentry$$00000004)
    __rt_entry_postsh_1                      0x000002f3   Thumb Code     0  __rtentry2.o(.ARM.Collect$$rtentry$$00000008)
    __rt_entry_li                            0x000002fb   Thumb Code     0  __rtentry2.o(.ARM.Collect$$rtentry$$0000000A)
    __rt_entry_main                          0x000002ff   Thumb Code     0  __rtentry2.o(.ARM.Collect$$rtentry$$0000000D)
    __rt_entry_postli_1                      0x000002ff   Thumb Code     0  __rtentry2.o(.ARM.Collect$$rtentry$$0000000C)
    __rt_exit                                0x00000307   Thumb Code     0  rtexit.o(.ARM.Collect$$rtexit$$00000000)
    __rt_exit_ls                             0x00000309   Thumb Code     0  rtexit2.o(.ARM.Collect$$rtexit$$00000003)
    __rt_exit_prels_1                        0x00000309   Thumb Code     0  rtexit2.o(.ARM.Collect$$rtexit$$00000002)
    __rt_exit_exit                           0x0000030d   Thumb Code     0  rtexit2.o(.ARM.Collect$$rtexit$$00000004)
    SysCtlDelay                              0x00000315   Thumb Code     6  sysctl.o(.emb_text)
    SVC_Handler                              0x0000031d   Thumb Code    28  port.o(.emb_text)
    __asm___6_port_c_39a90d8d__prvStartFirstTask 0x0000033d   Thumb Code    36  port.o(.emb_text)
    __asm___6_port_c_39a90d8d__prvEnableVFP  0x00000365   Thumb Code    16  port.o(.emb_text)
    PendSV_Handler                           0x00000379   Thumb Code    88  port.o(.emb_text)
    vPortGetIPSR                             0x000003d5   Thumb Code     6  port.o(.emb_text)
    Reset_Handler                            0x000003dd   Thumb Code     8  startup_tm4c123.o(.text)
    NMI_Handler                              0x000003e5   Thumb Code     2  startup_tm4c123.o(.text)
    HardFault_Handler                        0x000003e7   Thumb Code     2  startup_tm4c123.o(.text)
    MemManage_Handler                        0x000003e9   Thumb Code     2  startup_tm4c123.o(.text)
    BusFault_Handler                         0x000003eb   Thumb Code     2  startup_tm4c123.o(.text)
    UsageFault_Handler                       0x000003ed   Thumb Code     2  startup_tm4c123.o(.text)
    DebugMon_Handler                         0x000003f1   Thumb Code     2  startup_tm4c123.o(.text)
    GPIOA_Handler                            0x000003f7   Thumb Code     2  startup_tm4c123.o(.text)
    GPIOB_Handler                            0x000003f9   Thumb Code     2  startup_tm4c123.o(.text)
    GPIOC_Handler                            0x000003fb   Thumb Code     2  startup_tm4c123.o(.text)
    GPIOD_Handler                            0x000003fd   Thumb Code     2  startup_tm4c123.o(.text)
    GPIOE_Handler                            0x000003ff   Thumb Code     2  startup_tm4c123.o(.text)
    UART1_Handler                            0x00000403   Thumb Code     2  startup_tm4c123.o(.text)
    SSI0_Handler                             0x00000405   Thumb Code     2  startup_tm4c123.o(.text)
    I2C0_Handler                             0x00000407   Thumb Code     2  startup_tm4c123.o(.text)
    PMW0_FAULT_Handler                       0x00000409   Thumb Code     2  startup_tm4c123.o(.text)
    PWM0_0_Handler                           0x0000040b   Thumb Code     2  startup_tm4c123.o(.text)
    PWM0_1_Handler                           0x0000040d   Thumb Code     2  startup_tm4c123.o(.text)
    PWM0_2_Handler                           0x0000040f   Thumb Code     2  startup_tm4c123.o(.text)
    QEI0_Handler                             0x00000411   Thumb Code     2  startup_tm4c123.o(.text)
    ADC0SS0_Handler                          0x00000413   Thumb Code     2  startup_tm4c123.o(.text)
    ADC0SS1_Handler                          0x00000415   Thumb Code     2  startup_tm4c123.o(.text)
    ADC0SS2_Handler                          0x00000417   Thumb Code     2  startup_tm4c123.o(.text)
    ADC0SS3_Handler                          0x00000419   Thumb Code     2  startup_tm4c123.o(.text)
    WDT0_Handler                             0x0000041b   Thumb Code     2  startup_tm4c123.o(.text)
    TIMER0A_Handler                          0x0000041d   Thumb Code     2  startup_tm4c123.o(.text)
    TIMER0B_Handler                          0x0000041f   Thumb Code     2  startup_tm4c123.o(.text)
    TIMER1A_Handler                          0x00000421   Thumb Code     2  startup_tm4c123.o(.text)
    TIMER1B_Handler                          0x00000423   Thumb Code     2  startup_tm4c123.o(.text)
    TIMER2A_Handler                          0x00000425   Thumb Code     2  startup_tm4c123.o(.text)
    TIMER2B_Handler                          0x00000427   Thumb Code     2  startup_tm4c123.o(.text)
    COMP0_Handler                            0x00000429   Thumb Code     2  startup_tm4c123.o(.text)
    COMP1_Handler                            0x0000042b   Thumb Code     2  startup_tm4c123.o(.text)
    COMP2_Handler                            0x0000042d   Thumb Code     2  startup_tm4c123.o(.text)
    SYSCTL_Handler                           0x0000042f   Thumb Code     2  startup_tm4c123.o(.text)
    FLASH_Handler                            0x00000431   Thumb Code     2  startup_tm4c123.o(.text)
    GPIOF_Handler                            0x00000433   Thumb Code     2  startup_tm4c123.o(.text)
    GPIOG_Handler                            0x00000435   Thumb Code     2  startup_tm4c123.o(.text)
    GPIOH_Handler                            0x00000437   Thumb Code     2  startup_tm4c123.o(.text)
    UART2_Handler                            0x00000439   Thumb Code     2  startup_tm4c123.o(.text)
    SSI1_Handler                             0x0000043b   Thumb Code     2  startup_tm4c123.o(.text)
    TIMER3A_Handler                          0x0000043d   Thumb Code     2  startup_tm4c123.o(.text)
    TIMER3B_Handler                          0x0000043f   Thumb Code     2  startup_tm4c123.o(.text)
    I2C1_Handler                             0x00000441   Thumb Code     2  startup_tm4c123.o(.text)
    QEI1_Handler                             0x00000443   Thumb Code     2  startup_tm4c123.o(.text)
    CAN0_Handler                             0x00000445   Thumb Code     2  startup_tm4c123.o(.text)
    CAN1_Handler                             0x00000447   Thumb Code     2  startup_tm4c123.o(.text)
    CAN2_Handler                             0x00000449   Thumb Code     2  startup_tm4c123.o(.text)
    HIB_Handler                              0x0000044b   Thumb Code     2  startup_tm4c123.o(.text)
    USB0_Handler                             0x0000044d   Thumb Code     2  startup_tm4c123.o(.text)
    PWM0_3_Handler                           0x0000044f   Thumb Code     2  startup_tm4c123.o(.text)
    UDMA_Handler                             0x00000451   Thumb Code     2  startup_tm4c123.o(.text)
    UDMAERR_Handler                          0x00000453   Thumb Code     2  startup_tm4c123.o(.text)
    ADC1SS0_Handler                          0x00000455   Thumb Code     2  startup_tm4c123.o(.text)
    ADC1SS1_Handler                          0x00000457   Thumb Code     2  startup_tm4c123.o(.text)
    ADC1SS2_Handler                          0x00000459   Thumb Code     2  startup_tm4c123.o(.text)
    ADC1SS3_Handler                          0x0000045b   Thumb Code     2  startup_tm4c123.o(.text)
    GPIOJ_Handler                            0x0000045d   Thumb Code     2  startup_tm4c123.o(.text)
    GPIOK_Handler                            0x0000045f   Thumb Code     2  startup_tm4c123.o(.text)
    GPIOL_Handler                            0x00000461   Thumb Code     2  startup_tm4c123.o(.text)
    SSI2_Handler                             0x00000463   Thumb Code     2  startup_tm4c123.o(.text)
    SSI3_Handler                             0x00000465   Thumb Code     2  startup_tm4c123.o(.text)
    UART3_Handler                            0x00000467   Thumb Code     2  startup_tm4c123.o(.text)
    UART4_Handler                            0x00000469   Thumb Code     2  startup_tm4c123.o(.text)
    UART5_Handler                            0x0000046b   Thumb Code     2  startup_tm4c123.o(.text)
    UART6_Handler                            0x0000046d   Thumb Code     2  startup_tm4c123.o(.text)
    UART7_Handler                            0x0000046f   Thumb Code     2  startup_tm4c123.o(.text)
    I2C2_Handler                             0x00000471   Thumb Code     2  startup_tm4c123.o(.text)
    I2C3_Handler                             0x00000473   Thumb Code     2  startup_tm4c123.o(.text)
    TIMER4A_Handler                          0x00000475   Thumb Code     2  startup_tm4c123.o(.text)
    TIMER4B_Handler                          0x00000477   Thumb Code     2  startup_tm4c123.o(.text)
    TIMER5A_Handler                          0x00000479   Thumb Code     2  startup_tm4c123.o(.text)
    TIMER5B_Handler                          0x0000047b   Thumb Code     2  startup_tm4c123.o(.text)
    WTIMER0A_Handler                         0x0000047d   Thumb Code     2  startup_tm4c123.o(.text)
    WTIMER0B_Handler                         0x0000047f   Thumb Code     2  startup_tm4c123.o(.text)
    WTIMER1A_Handler                         0x00000481   Thumb Code     2  startup_tm4c123.o(.text)
    WTIMER1B_Handler                         0x00000483   Thumb Code     2  startup_tm4c123.o(.text)
    WTIMER2A_Handler                         0x00000485   Thumb Code     2  startup_tm4c123.o(.text)
    WTIMER2B_Handler                         0x00000487   Thumb Code     2  startup_tm4c123.o(.text)
    WTIMER3A_Handler                         0x00000489   Thumb Code     2  startup_tm4c123.o(.text)
    WTIMER3B_Handler                         0x0000048b   Thumb Code     2  startup_tm4c123.o(.text)
    WTIMER4A_Handler                         0x0000048d   Thumb Code     2  startup_tm4c123.o(.text)
    WTIMER4B_Handler                         0x0000048f   Thumb Code     2  startup_tm4c123.o(.text)
    WTIMER5A_Handler                         0x00000491   Thumb Code     2  startup_tm4c123.o(.text)
    WTIMER5B_Handler                         0x00000493   Thumb Code     2  startup_tm4c123.o(.text)
    FPU_Handler                              0x00000495   Thumb Code     2  startup_tm4c123.o(.text)
    I2C4_Handler                             0x00000497   Thumb Code     2  startup_tm4c123.o(.text)
    I2C5_Handler                             0x00000499   Thumb Code     2  startup_tm4c123.o(.text)
    GPIOM_Handler                            0x0000049b   Thumb Code     2  startup_tm4c123.o(.text)
    GPION_Handler                            0x0000049d   Thumb Code     2  startup_tm4c123.o(.text)
    QEI2_Handler                             0x0000049f   Thumb Code     2  startup_tm4c123.o(.text)
    GPIOP0_Handler                           0x000004a1   Thumb Code     2  startup_tm4c123.o(.text)
    GPIOP1_Handler                           0x000004a3   Thumb Code     2  startup_tm4c123.o(.text)
    GPIOP2_Handler                           0x000004a5   Thumb Code     2  startup_tm4c123.o(.text)
    GPIOP3_Handler                           0x000004a7   Thumb Code     2  startup_tm4c123.o(.text)
    GPIOP4_Handler                           0x000004a9   Thumb Code     2  startup_tm4c123.o(.text)
    GPIOP5_Handler                           0x000004ab   Thumb Code     2  startup_tm4c123.o(.text)
    GPIOP6_Handler                           0x000004ad   Thumb Code     2  startup_tm4c123.o(.text)
    GPIOP7_Handler                           0x000004af   Thumb Code     2  startup_tm4c123.o(.text)
    GPIOQ0_Handler                           0x000004b1   Thumb Code     2  startup_tm4c123.o(.text)
    GPIOQ1_Handler                           0x000004b3   Thumb Code     2  startup_tm4c123.o(.text)
    GPIOQ2_Handler                           0x000004b5   Thumb Code     2  startup_tm4c123.o(.text)
    GPIOQ3_Handler                           0x000004b7   Thumb Code     2  startup_tm4c123.o(.text)
    GPIOQ4_Handler                           0x000004b9   Thumb Code     2  startup_tm4c123.o(.text)
    GPIOQ5_Handler                           0x000004bb   Thumb Code     2  startup_tm4c123.o(.text)
    GPIOQ6_Handler                           0x000004bd   Thumb Code     2  startup_tm4c123.o(.text)
    GPIOQ7_Handler                           0x000004bf   Thumb Code     2  startup_tm4c123.o(.text)
    GPIOR_Handler                            0x000004c1   Thumb Code     2  startup_tm4c123.o(.text)
    GPIOS_Handler                            0x000004c3   Thumb Code     2  startup_tm4c123.o(.text)
    PMW1_0_Handler                           0x000004c5   Thumb Code     2  startup_tm4c123.o(.text)
    PWM1_1_Handler                           0x000004c7   Thumb Code     2  startup_tm4c123.o(.text)
    PWM1_2_Handler                           0x000004c9   Thumb Code     2  startup_tm4c123.o(.text)
    PWM1_3_Handler                           0x000004cb   Thumb Code     2  startup_tm4c123.o(.text)
    PWM1_FAULT_Handler                       0x000004cd   Thumb Code     2  startup_tm4c123.o(.text)
    __user_initial_stackheap                 0x000004d1   Thumb Code     0  startup_tm4c123.o(.text)
    __aeabi_memcpy                           0x000004f1   Thumb Code     0  rt_memcpy_v6.o(.text)
    __rt_memcpy                              0x000004f1   Thumb Code   138  rt_memcpy_v6.o(.text)
    _memcpy_lastbytes                        0x00000557   Thumb Code     0  rt_memcpy_v6.o(.text)
    __aeabi_memset                           0x0000057b   Thumb Code    16  aeabi_memset.o(.text)
    __use_two_region_memory                  0x0000058b   Thumb Code     2  heapauxi.o(.text)
    __rt_heap_escrow$2region                 0x0000058d   Thumb Code     2  heapauxi.o(.text)
    __rt_heap_expand$2region                 0x0000058f   Thumb Code     2  heapauxi.o(.text)
    __aeabi_memcpy4                          0x00000591   Thumb Code     0  rt_memcpy_w.o(.text)
    __aeabi_memcpy8                          0x00000591   Thumb Code     0  rt_memcpy_w.o(.text)
    __rt_memcpy_w                            0x00000591   Thumb Code   100  rt_memcpy_w.o(.text)
    _memcpy_lastbytes_aligned                0x000005d9   Thumb Code     0  rt_memcpy_w.o(.text)
    __aeabi_memclr                           0x000005f5   Thumb Code     0  rt_memclr.o(.text)
    __rt_memclr                              0x000005f5   Thumb Code    68  rt_memclr.o(.text)
    _memset                                  0x000005f9   Thumb Code     0  rt_memclr.o(.text)
    __aeabi_memclr4                          0x00000639   Thumb Code     0  rt_memclr_w.o(.text)
    __aeabi_memclr8                          0x00000639   Thumb Code     0  rt_memclr_w.o(.text)
    __rt_memclr_w                            0x00000639   Thumb Code    78  rt_memclr_w.o(.text)
    _memset_w                                0x0000063d   Thumb Code     0  rt_memclr_w.o(.text)
    __user_setup_stackheap                   0x00000687   Thumb Code    74  sys_stackheap_outer.o(.text)
    exit                                     0x000006d1   Thumb Code    18  exit.o(.text)
    __user_libspace                          0x000006e5   Thumb Code     8  libspace.o(.text)
    __user_perproc_libspace                  0x000006e5   Thumb Code     0  libspace.o(.text)
    _sys_exit                                0x000006ed   Thumb Code     8  sys_exit.o(.text)
    __I$use$semihosting                      0x000006f9   Thumb Code     0  use_no_semi.o(.text)
    __use_no_semihosting_swi                 0x000006f9   Thumb Code     2  use_no_semi.o(.text)
    __semihosting_library_function           0x000006fb   Thumb Code     0  indicate_semi.o(.text)
    ConfigureI2C                             0x000006fd   Thumb Code    66  configurehardware.o(i.ConfigureI2C)
    ConfigureLEDS                            0x00000759   Thumb Code    24  configurehardware.o(i.ConfigureLEDS)
    ConfigureUART                            0x00000779   Thumb Code    70  configurehardware.o(i.ConfigureUART)
    EnableI2C                                0x000007d1   Thumb Code    36  configurehardware.o(i.EnableI2C)
    EnableUART                               0x000007f9   Thumb Code    18  configurehardware.o(i.EnableUART)
    GPIODirModeSet                           0x00000811   Thumb Code    50  gpio.o(i.GPIODirModeSet)
    GPIOPadConfigSet                         0x00000845   Thumb Code   384  gpio.o(i.GPIOPadConfigSet)
    GPIOPinConfigure                         0x000009d1   Thumb Code    70  gpio.o(i.GPIOPinConfigure)
    GPIOPinTypeGPIOOutput                    0x00000a21   Thumb Code    30  gpio.o(i.GPIOPinTypeGPIOOutput)
    GPIOPinTypeI2C                           0x00000a3f   Thumb Code    30  gpio.o(i.GPIOPinTypeI2C)
    GPIOPinTypeI2CSCL                        0x00000a5d   Thumb Code    30  gpio.o(i.GPIOPinTypeI2CSCL)
    GPIOPinTypeUART                          0x00000a7b   Thumb Code    30  gpio.o(i.GPIOPinTypeUART)
    GPIOPinWrite                             0x00000a99   Thumb Code    10  gpio.o(i.GPIOPinWrite)
    GetSpecs                                 0x00000aa3   Thumb Code    36  proximityclickapi.o(i.GetSpecs)
    I2CMasterBusy                            0x00000ac7   Thumb Code    18  i2c.o(i.I2CMasterBusy)
    I2CMasterControl                         0x00000ad9   Thumb Code     4  i2c.o(i.I2CMasterControl)
    I2CMasterDataGet                         0x00000add   Thumb Code     6  i2c.o(i.I2CMasterDataGet)
    I2CMasterDataPut                         0x00000ae3   Thumb Code     4  i2c.o(i.I2CMasterDataPut)
    I2CMasterEnable                          0x00000ae7   Thumb Code    10  i2c.o(i.I2CMasterEnable)
    I2CMasterInitExpClk                      0x00000af1   Thumb Code    78  i2c.o(i.I2CMasterInitExpClk)
    I2CMasterSlaveAddrSet                    0x00000b4d   Thumb Code     8  i2c.o(i.I2CMasterSlaveAddrSet)
    I2CSlaveEnable                           0x00000b55   Thumb Code    16  i2c.o(i.I2CSlaveEnable)
    I2CSlaveInit                             0x00000b65   Thumb Code    18  i2c.o(i.I2CSlaveInit)
    I2CSlaveIntEnableEx                      0x00000b77   Thumb Code    12  i2c.o(i.I2CSlaveIntEnableEx)
    IntEnable                                0x00000b85   Thumb Code   108  interrupt.o(i.IntEnable)
    LedUserFeedbackProgress                  0x00000bf9   Thumb Code    68  userfeedback.o(i.LedUserFeedbackProgress)
    LedUserFeedbackStartup                   0x00000c3d   Thumb Code    68  userfeedback.o(i.LedUserFeedbackStartup)
    ReadOutput                               0x00000c81   Thumb Code    60  proximityclickapi.o(i.ReadOutput)
    SetLED                                   0x00000cd1   Thumb Code    56  userfeedback.o(i.SetLED)
    Setup                                    0x00000d0d   Thumb Code   246  proximityclickapi.o(i.Setup)
    Si115xParamRead                          0x00000f41   Thumb Code   298  proximityclickapi.o(i.Si115xParamRead)
    Si115xParamSet                           0x000010ed   Thumb Code   302  proximityclickapi.o(i.Si115xParamSet)
    Start                                    0x00001395   Thumb Code    10  proximityclickapi.o(i.Start)
    StartupTerminalOutput                    0x000013a1   Thumb Code    44  userfeedback.o(i.StartupTerminalOutput)
    SysCtlClockGet                           0x00001465   Thumb Code   324  sysctl.o(i.SysCtlClockGet)
    SysCtlClockSet                           0x000015d1   Thumb Code   280  sysctl.o(i.SysCtlClockSet)
    SysCtlPeripheralEnable                   0x000016fd   Thumb Code    46  sysctl.o(i.SysCtlPeripheralEnable)
    SysCtlPeripheralPresent                  0x00001731   Thumb Code    52  sysctl.o(i.SysCtlPeripheralPresent)
    SysTick_Handler                          0x00001769   Thumb Code    22  cmsis_os2.o(i.SysTick_Handler)
    SystemInit                               0x00001781   Thumb Code   112  system_tm4c123.o(i.SystemInit)
    Thread_Communication                     0x00001819   Thumb Code   234  application.o(i.Thread_Communication)
    Thread_Gesture                           0x00001a05   Thumb Code   180  application.o(i.Thread_Gesture)
    Thread_Read                              0x00001b09   Thumb Code   114  application.o(i.Thread_Read)
    UART0_Handler                            0x00001bb5   Thumb Code    80  application.o(i.UART0_Handler)
    UARTCharGet                              0x00001c11   Thumb Code    18  uart.o(i.UARTCharGet)
    UARTCharGetNonBlocking                   0x00001c23   Thumb Code    20  uart.o(i.UARTCharGetNonBlocking)
    UARTCharPut                              0x00001c37   Thumb Code    16  uart.o(i.UARTCharPut)
    UARTCharsAvail                           0x00001c47   Thumb Code    12  uart.o(i.UARTCharsAvail)
    UARTClockSourceSet                       0x00001c53   Thumb Code     6  uart.o(i.UARTClockSourceSet)
    UARTConfigSetExpClk                      0x00001c59   Thumb Code    76  uart.o(i.UARTConfigSetExpClk)
    UARTDisable                              0x00001ca5   Thumb Code    32  uart.o(i.UARTDisable)
    UARTEnable                               0x00001cc5   Thumb Code    20  uart.o(i.UARTEnable)
    UARTFIFOLevelSet                         0x00001cd9   Thumb Code     8  uart.o(i.UARTFIFOLevelSet)
    UARTIntClear                             0x00001ce1   Thumb Code     4  uart.o(i.UARTIntClear)
    UARTIntEnable                            0x00001ce5   Thumb Code     8  uart.o(i.UARTIntEnable)
    UARTIntStatus                            0x00001ced   Thumb Code    12  uart.o(i.UARTIntStatus)
    UARTStdioConfig                          0x00001cf9   Thumb Code    68  uartstdio.o(i.UARTStdioConfig)
    UARTwrite                                0x00001d49   Thumb Code    56  uartstdio.o(i.UARTwrite)
    Wait                                     0x00001d85   Thumb Code    34  userfeedback.o(i.Wait)
    _mutex_acquire                           0x00001db9   Thumb Code    22  clib_arm.o(i._mutex_acquire)
    _mutex_free                              0x00001dd1   Thumb Code    46  clib_arm.o(i._mutex_free)
    _mutex_initialize                        0x00001e05   Thumb Code    86  clib_arm.o(i._mutex_initialize)
    _mutex_release                           0x00001e65   Thumb Code    24  clib_arm.o(i._mutex_release)
    _platform_post_stackheap_init            0x00001e7d   Thumb Code     2  clib_arm.o(i._platform_post_stackheap_init)
    main                                     0x00001fd9   Thumb Code    66  main.o(i.main)
    main_app                                 0x0000204d   Thumb Code   168  application.o(i.main_app)
    osKernelInitialize                       0x00002151   Thumb Code    58  cmsis_os2.o(i.osKernelInitialize)
    osKernelStart                            0x00002191   Thumb Code   102  cmsis_os2.o(i.osKernelStart)
    osMessageQueueGet                        0x00002205   Thumb Code   144  cmsis_os2.o(i.osMessageQueueGet)
    osMessageQueueNew                        0x0000229d   Thumb Code   146  cmsis_os2.o(i.osMessageQueueNew)
    osMessageQueuePut                        0x00002335   Thumb Code   148  cmsis_os2.o(i.osMessageQueuePut)
    osThreadFlagsSet                         0x000023d1   Thumb Code   142  cmsis_os2.o(i.osThreadFlagsSet)
    osThreadFlagsWait                        0x00002469   Thumb Code   198  cmsis_os2.o(i.osThreadFlagsWait)
    osThreadNew                              0x00002535   Thumb Code   208  cmsis_os2.o(i.osThreadNew)
    osThreadResume                           0x00002609   Thumb Code    58  cmsis_os2.o(i.osThreadResume)
    osThreadSetPriority                      0x00002649   Thumb Code    74  cmsis_os2.o(i.osThreadSetPriority)
    osThreadYield                            0x00002699   Thumb Code    56  cmsis_os2.o(i.osThreadYield)
    pvPortMalloc                             0x0000307d   Thumb Code   198  heap_4.o(i.pvPortMalloc)
    pvTaskIncrementMutexHeldCount            0x0000315d   Thumb Code    26  tasks.o(i.pvTaskIncrementMutexHeldCount)
    pxPortInitialiseStack                    0x0000317d   Thumb Code    38  port.o(i.pxPortInitialiseStack)
    uxListRemove                             0x000031a9   Thumb Code    40  list.o(i.uxListRemove)
    vApplicationGetIdleTaskMemory            0x000031d1   Thumb Code    14  cmsis_os2.o(i.vApplicationGetIdleTaskMemory)
    vApplicationGetTimerTaskMemory           0x000031e9   Thumb Code    14  cmsis_os2.o(i.vApplicationGetTimerTaskMemory)
    vApplicationStackOverflowHook            0x00003201   Thumb Code     2  cmsis_os2.o(i.vApplicationStackOverflowHook)
    vListInitialise                          0x00003203   Thumb Code    26  list.o(i.vListInitialise)
    vListInitialiseItem                      0x0000321d   Thumb Code     6  list.o(i.vListInitialiseItem)
    vListInsert                              0x00003223   Thumb Code    52  list.o(i.vListInsert)
    vListInsertEnd                           0x00003257   Thumb Code    24  list.o(i.vListInsertEnd)
    vPortEnterCritical                       0x00003271   Thumb Code    30  port.o(i.vPortEnterCritical)
    vPortExitCritical                        0x00003295   Thumb Code    28  port.o(i.vPortExitCritical)
    vPortFree                                0x000032b5   Thumb Code    74  heap_4.o(i.vPortFree)
    vPortSetupTimerInterrupt                 0x0000330d   Thumb Code    36  port.o(i.vPortSetupTimerInterrupt)
    vQueueDelete                             0x00003335   Thumb Code    20  queue.o(i.vQueueDelete)
    vQueueWaitForMessageRestricted           0x00003349   Thumb Code    74  queue.o(i.vQueueWaitForMessageRestricted)
    vTaskInternalSetTimeOutState             0x00003395   Thumb Code    14  tasks.o(i.vTaskInternalSetTimeOutState)
    vTaskMissedYield                         0x000033ad   Thumb Code     8  tasks.o(i.vTaskMissedYield)
    vTaskPlaceOnEventList                    0x000033b9   Thumb Code    28  tasks.o(i.vTaskPlaceOnEventList)
    vTaskPlaceOnEventListRestricted          0x000033d9   Thumb Code    36  tasks.o(i.vTaskPlaceOnEventListRestricted)
    vTaskPriorityDisinheritAfterTimeout      0x00003401   Thumb Code   130  tasks.o(i.vTaskPriorityDisinheritAfterTimeout)
    vTaskPrioritySet                         0x0000348d   Thumb Code   206  tasks.o(i.vTaskPrioritySet)
    vTaskResume                              0x0000356d   Thumb Code   102  tasks.o(i.vTaskResume)
    vTaskStartScheduler                      0x000035e5   Thumb Code   120  tasks.o(i.vTaskStartScheduler)
    vTaskSuspendAll                          0x00003679   Thumb Code    12  tasks.o(i.vTaskSuspendAll)
    vTaskSwitchContext                       0x00003689   Thumb Code   154  tasks.o(i.vTaskSwitchContext)
    write_hex                                0x00003739   Thumb Code   312  userfeedback.o(i.write_hex)
    xPortStartScheduler                      0x00003871   Thumb Code    58  port.o(i.xPortStartScheduler)
    xPortSysTickHandler                      0x000038b9   Thumb Code    46  port.o(i.xPortSysTickHandler)
    xQueueCreateMutex                        0x000038ed   Thumb Code    34  queue.o(i.xQueueCreateMutex)
    xQueueCreateMutexStatic                  0x0000390f   Thumb Code    42  queue.o(i.xQueueCreateMutexStatic)
    xQueueGenericCreate                      0x00003939   Thumb Code    58  queue.o(i.xQueueGenericCreate)
    xQueueGenericCreateStatic                0x00003973   Thumb Code    46  queue.o(i.xQueueGenericCreateStatic)
    xQueueGenericReset                       0x000039a1   Thumb Code   122  queue.o(i.xQueueGenericReset)
    xQueueGenericSend                        0x00003a21   Thumb Code   276  queue.o(i.xQueueGenericSend)
    xQueueGenericSendFromISR                 0x00003b39   Thumb Code   138  queue.o(i.xQueueGenericSendFromISR)
    xQueueReceive                            0x00003bc5   Thumb Code   256  queue.o(i.xQueueReceive)
    xQueueReceiveFromISR                     0x00003cc9   Thumb Code   130  queue.o(i.xQueueReceiveFromISR)
    xQueueSemaphoreTake                      0x00003d4d   Thumb Code   300  queue.o(i.xQueueSemaphoreTake)
    xTaskCheckForTimeOut                     0x00003e7d   Thumb Code    84  tasks.o(i.xTaskCheckForTimeOut)
    xTaskCreate                              0x00003ed9   Thumb Code   100  tasks.o(i.xTaskCreate)
    xTaskCreateStatic                        0x00003f3d   Thumb Code    78  tasks.o(i.xTaskCreateStatic)
    xTaskGenericNotify                       0x00003f8d   Thumb Code   178  tasks.o(i.xTaskGenericNotify)
    xTaskGenericNotifyFromISR                0x00004051   Thumb Code   226  tasks.o(i.xTaskGenericNotifyFromISR)
    xTaskGetSchedulerState                   0x0000414d   Thumb Code    24  tasks.o(i.xTaskGetSchedulerState)
    xTaskGetTickCount                        0x0000416d   Thumb Code     6  tasks.o(i.xTaskGetTickCount)
    xTaskIncrementTick                       0x00004179   Thumb Code   236  tasks.o(i.xTaskIncrementTick)
    xTaskNotifyWait                          0x00004291   Thumb Code   150  tasks.o(i.xTaskNotifyWait)
    xTaskPriorityDisinherit                  0x00004331   Thumb Code    86  tasks.o(i.xTaskPriorityDisinherit)
    xTaskPriorityInherit                     0x00004391   Thumb Code   150  tasks.o(i.xTaskPriorityInherit)
    xTaskRemoveFromEventList                 0x00004435   Thumb Code   102  tasks.o(i.xTaskRemoveFromEventList)
    xTaskResumeAll                           0x000044b5   Thumb Code   194  tasks.o(i.xTaskResumeAll)
    xTimerCreateTimerTask                    0x0000459d   Thumb Code    76  timers.o(i.xTimerCreateTimerTask)
    xTimerGenericCommand                     0x000045fd   Thumb Code   104  timers.o(i.xTimerGenericCommand)
    _fp_init                                 0x00004669   Thumb Code    10  fpinit.o(x$fpl$fpinit)
    __fplib_config_fpu_vfp                   0x00004671   Thumb Code     0  fpinit.o(x$fpl$fpinit)
    __fplib_config_pureend_doubles           0x00004671   Thumb Code     0  fpinit.o(x$fpl$fpinit)
    Region$$Table$$Base                      0x00004c70   Number         0  anon$$obj.o(Region$$Table)
    Region$$Table$$Limit                     0x00004c90   Number         0  anon$$obj.o(Region$$Table)
    mid_MsgQueue_SensorRead                  0x20000000   Data           4  application.o(.data)
    mid_MsgQueue_UserInput                   0x20000004   Data           4  application.o(.data)
    tid_Thread_Communication                 0x20000008   Data           4  application.o(.data)
    tid_Thread_Read                          0x2000000c   Data           4  application.o(.data)
    tid_Thread_Gesture                       0x20000010   Data           4  application.o(.data)
    running                                  0x20000014   Data           1  application.o(.data)
    SystemCoreClock                          0x20000024   Data           4  system_tm4c123.o(.data)
    pxCurrentTCB                             0x2000004c   Data           4  tasks.o(.data)
    __libspace_start                         0x20002db4   Data          96  libspace.o(.bss)
    __temporary_stack_top$libspace           0x20002e14   Data           0  libspace.o(.bss)



==============================================================================

Memory Map of the image

  Image Entry point : 0x000003dd

  Load Region LR_1 (Base: 0x00000000, Size: 0x00004d2c, Max: 0xffffffff, ABSOLUTE)

    Execution Region ER_RO (Exec base: 0x00000000, Load base: 0x00000000, Size: 0x00004c90, Max: 0xffffffff, ABSOLUTE)

    Exec Addr    Load Addr    Size         Type   Attr      Idx    E Section Name        Object

    0x00000000   0x00000000   0x0000026c   Data   RO         3398    RESET               startup_tm4c123.o
    0x0000026c   0x0000026c   0x00000008   Code   RO         4611  * !!!main             c_w.l(__main.o)
    0x00000274   0x00000274   0x00000034   Code   RO         4774    !!!scatter          c_w.l(__scatter.o)
    0x000002a8   0x000002a8   0x0000001a   Code   RO         4776    !!handler_copy      c_w.l(__scatter_copy.o)
    0x000002c2   0x000002c2   0x00000002   PAD
    0x000002c4   0x000002c4   0x0000001c   Code   RO         4778    !!handler_zi        c_w.l(__scatter_zi.o)
    0x000002e0   0x000002e0   0x00000002   Code   RO         4642    .ARM.Collect$$libinit$$00000000  c_w.l(libinit.o)
    0x000002e2   0x000002e2   0x00000004   Code   RO         4648    .ARM.Collect$$libinit$$00000001  c_w.l(libinit2.o)
    0x000002e6   0x000002e6   0x00000000   Code   RO         4651    .ARM.Collect$$libinit$$00000004  c_w.l(libinit2.o)
    0x000002e6   0x000002e6   0x00000000   Code   RO         4654    .ARM.Collect$$libinit$$0000000A  c_w.l(libinit2.o)
    0x000002e6   0x000002e6   0x00000000   Code   RO         4656    .ARM.Collect$$libinit$$0000000C  c_w.l(libinit2.o)
    0x000002e6   0x000002e6   0x00000000   Code   RO         4658    .ARM.Collect$$libinit$$0000000E  c_w.l(libinit2.o)
    0x000002e6   0x000002e6   0x00000000   Code   RO         4661    .ARM.Collect$$libinit$$00000011  c_w.l(libinit2.o)
    0x000002e6   0x000002e6   0x00000000   Code   RO         4663    .ARM.Collect$$libinit$$00000013  c_w.l(libinit2.o)
    0x000002e6   0x000002e6   0x00000000   Code   RO         4665    .ARM.Collect$$libinit$$00000015  c_w.l(libinit2.o)
    0x000002e6   0x000002e6   0x00000000   Code   RO         4667    .ARM.Collect$$libinit$$00000017  c_w.l(libinit2.o)
    0x000002e6   0x000002e6   0x00000000   Code   RO         4669    .ARM.Collect$$libinit$$00000019  c_w.l(libinit2.o)
    0x000002e6   0x000002e6   0x00000000   Code   RO         4671    .ARM.Collect$$libinit$$0000001B  c_w.l(libinit2.o)
    0x000002e6   0x000002e6   0x00000000   Code   RO         4673    .ARM.Collect$$libinit$$0000001D  c_w.l(libinit2.o)
    0x000002e6   0x000002e6   0x00000000   Code   RO         4675    .ARM.Collect$$libinit$$0000001F  c_w.l(libinit2.o)
    0x000002e6   0x000002e6   0x00000000   Code   RO         4677    .ARM.Collect$$libinit$$00000021  c_w.l(libinit2.o)
    0x000002e6   0x000002e6   0x00000000   Code   RO         4679    .ARM.Collect$$libinit$$00000023  c_w.l(libinit2.o)
    0x000002e6   0x000002e6   0x00000000   Code   RO         4681    .ARM.Collect$$libinit$$00000025  c_w.l(libinit2.o)
    0x000002e6   0x000002e6   0x00000000   Code   RO         4685    .ARM.Collect$$libinit$$0000002C  c_w.l(libinit2.o)
    0x000002e6   0x000002e6   0x00000000   Code   RO         4687    .ARM.Collect$$libinit$$0000002E  c_w.l(libinit2.o)
    0x000002e6   0x000002e6   0x00000000   Code   RO         4689    .ARM.Collect$$libinit$$00000030  c_w.l(libinit2.o)
    0x000002e6   0x000002e6   0x00000000   Code   RO         4691    .ARM.Collect$$libinit$$00000032  c_w.l(libinit2.o)
    0x000002e6   0x000002e6   0x00000002   Code   RO         4692    .ARM.Collect$$libinit$$00000033  c_w.l(libinit2.o)
    0x000002e8   0x000002e8   0x00000002   Code   RO         4712    .ARM.Collect$$libshutdown$$00000000  c_w.l(libshutdown.o)
    0x000002ea   0x000002ea   0x00000000   Code   RO         4725    .ARM.Collect$$libshutdown$$00000002  c_w.l(libshutdown2.o)
    0x000002ea   0x000002ea   0x00000000   Code   RO         4727    .ARM.Collect$$libshutdown$$00000004  c_w.l(libshutdown2.o)
    0x000002ea   0x000002ea   0x00000000   Code   RO         4729    .ARM.Collect$$libshutdown$$00000006  c_w.l(libshutdown2.o)
    0x000002ea   0x000002ea   0x00000000   Code   RO         4732    .ARM.Collect$$libshutdown$$00000009  c_w.l(libshutdown2.o)
    0x000002ea   0x000002ea   0x00000000   Code   RO         4735    .ARM.Collect$$libshutdown$$0000000C  c_w.l(libshutdown2.o)
    0x000002ea   0x000002ea   0x00000000   Code   RO         4737    .ARM.Collect$$libshutdown$$0000000E  c_w.l(libshutdown2.o)
    0x000002ea   0x000002ea   0x00000000   Code   RO         4740    .ARM.Collect$$libshutdown$$00000011  c_w.l(libshutdown2.o)
    0x000002ea   0x000002ea   0x00000002   Code   RO         4741    .ARM.Collect$$libshutdown$$00000012  c_w.l(libshutdown2.o)
    0x000002ec   0x000002ec   0x00000000   Code   RO         4613    .ARM.Collect$$rtentry$$00000000  c_w.l(__rtentry.o)
    0x000002ec   0x000002ec   0x00000000   Code   RO         4619    .ARM.Collect$$rtentry$$00000002  c_w.l(__rtentry2.o)
    0x000002ec   0x000002ec   0x00000006   Code   RO         4631    .ARM.Collect$$rtentry$$00000004  c_w.l(__rtentry4.o)
    0x000002f2   0x000002f2   0x00000008   Code   RO         4620    .ARM.Collect$$rtentry$$00000008  c_w.l(__rtentry2.o)
    0x000002fa   0x000002fa   0x00000004   Code   RO         4622    .ARM.Collect$$rtentry$$0000000A  c_w.l(__rtentry2.o)
    0x000002fe   0x000002fe   0x00000000   Code   RO         4624    .ARM.Collect$$rtentry$$0000000C  c_w.l(__rtentry2.o)
    0x000002fe   0x000002fe   0x00000008   Code   RO         4625    .ARM.Collect$$rtentry$$0000000D  c_w.l(__rtentry2.o)
    0x00000306   0x00000306   0x00000002   Code   RO         4646    .ARM.Collect$$rtexit$$00000000  c_w.l(rtexit.o)
    0x00000308   0x00000308   0x00000000   Code   RO         4694    .ARM.Collect$$rtexit$$00000002  c_w.l(rtexit2.o)
    0x00000308   0x00000308   0x00000004   Code   RO         4695    .ARM.Collect$$rtexit$$00000003  c_w.l(rtexit2.o)
    0x0000030c   0x0000030c   0x00000006   Code   RO         4696    .ARM.Collect$$rtexit$$00000004  c_w.l(rtexit2.o)
    0x00000312   0x00000312   0x00000002   PAD
    0x00000314   0x00000314   0x00000006   Code   RO         2283    .emb_text           sysctl.o
    0x0000031a   0x0000031a   0x00000002   PAD
    0x0000031c   0x0000031c   0x000000be   Code   RO         3714    .emb_text           port.o
    0x000003da   0x000003da   0x00000002   PAD
    0x000003dc   0x000003dc   0x00000114   Code   RO         3399  * .text               startup_tm4c123.o
    0x000004f0   0x000004f0   0x0000008a   Code   RO         4605    .text               c_w.l(rt_memcpy_v6.o)
    0x0000057a   0x0000057a   0x00000010   Code   RO         4607    .text               c_w.l(aeabi_memset.o)
    0x0000058a   0x0000058a   0x00000006   Code   RO         4609    .text               c_w.l(heapauxi.o)
    0x00000590   0x00000590   0x00000064   Code   RO         4614    .text               c_w.l(rt_memcpy_w.o)
    0x000005f4   0x000005f4   0x00000044   Code   RO         4616    .text               c_w.l(rt_memclr.o)
    0x00000638   0x00000638   0x0000004e   Code   RO         4633    .text               c_w.l(rt_memclr_w.o)
    0x00000686   0x00000686   0x0000004a   Code   RO         4635    .text               c_w.l(sys_stackheap_outer.o)
    0x000006d0   0x000006d0   0x00000012   Code   RO         4637    .text               c_w.l(exit.o)
    0x000006e2   0x000006e2   0x00000002   PAD
    0x000006e4   0x000006e4   0x00000008   Code   RO         4643    .text               c_w.l(libspace.o)
    0x000006ec   0x000006ec   0x0000000c   Code   RO         4704    .text               c_w.l(sys_exit.o)
    0x000006f8   0x000006f8   0x00000002   Code   RO         4715    .text               c_w.l(use_no_semi.o)
    0x000006fa   0x000006fa   0x00000000   Code   RO         4717    .text               c_w.l(indicate_semi.o)
    0x000006fa   0x000006fa   0x00000002   PAD
    0x000006fc   0x000006fc   0x0000005c   Code   RO          262    i.ConfigureI2C      configurehardware.o
    0x00000758   0x00000758   0x00000020   Code   RO          263    i.ConfigureLEDS     configurehardware.o
    0x00000778   0x00000778   0x00000058   Code   RO          264    i.ConfigureUART     configurehardware.o
    0x000007d0   0x000007d0   0x00000028   Code   RO          265    i.EnableI2C         configurehardware.o
    0x000007f8   0x000007f8   0x00000018   Code   RO          266    i.EnableUART        configurehardware.o
    0x00000810   0x00000810   0x00000032   Code   RO          585    i.GPIODirModeSet    gpio.o
    0x00000842   0x00000842   0x00000002   PAD
    0x00000844   0x00000844   0x0000018c   Code   RO          597    i.GPIOPadConfigSet  gpio.o
    0x000009d0   0x000009d0   0x00000050   Code   RO          598    i.GPIOPinConfigure  gpio.o
    0x00000a20   0x00000a20   0x0000001e   Code   RO          609    i.GPIOPinTypeGPIOOutput  gpio.o
    0x00000a3e   0x00000a3e   0x0000001e   Code   RO          612    i.GPIOPinTypeI2C    gpio.o
    0x00000a5c   0x00000a5c   0x0000001e   Code   RO          613    i.GPIOPinTypeI2CSCL  gpio.o
    0x00000a7a   0x00000a7a   0x0000001e   Code   RO          621    i.GPIOPinTypeUART   gpio.o
    0x00000a98   0x00000a98   0x0000000a   Code   RO          627    i.GPIOPinWrite      gpio.o
    0x00000aa2   0x00000aa2   0x00000024   Code   RO          298    i.GetSpecs          proximityclickapi.o
    0x00000ac6   0x00000ac6   0x00000012   Code   RO          907    i.I2CMasterBusy     i2c.o
    0x00000ad8   0x00000ad8   0x00000004   Code   RO          908    i.I2CMasterControl  i2c.o
    0x00000adc   0x00000adc   0x00000006   Code   RO          909    i.I2CMasterDataGet  i2c.o
    0x00000ae2   0x00000ae2   0x00000004   Code   RO          910    i.I2CMasterDataPut  i2c.o
    0x00000ae6   0x00000ae6   0x0000000a   Code   RO          912    i.I2CMasterEnable   i2c.o
    0x00000af0   0x00000af0   0x0000005c   Code   RO          915    i.I2CMasterInitExpClk  i2c.o
    0x00000b4c   0x00000b4c   0x00000008   Code   RO          925    i.I2CMasterSlaveAddrSet  i2c.o
    0x00000b54   0x00000b54   0x00000010   Code   RO          935    i.I2CSlaveEnable    i2c.o
    0x00000b64   0x00000b64   0x00000012   Code   RO          938    i.I2CSlaveInit      i2c.o
    0x00000b76   0x00000b76   0x0000000c   Code   RO          944    i.I2CSlaveIntEnableEx  i2c.o
    0x00000b82   0x00000b82   0x00000002   PAD
    0x00000b84   0x00000b84   0x00000074   Code   RO         1237    i.IntEnable         interrupt.o
    0x00000bf8   0x00000bf8   0x00000044   Code   RO          420    i.LedUserFeedbackProgress  userfeedback.o
    0x00000c3c   0x00000c3c   0x00000044   Code   RO          421    i.LedUserFeedbackStartup  userfeedback.o
    0x00000c80   0x00000c80   0x00000050   Code   RO          299    i.ReadOutput        proximityclickapi.o
    0x00000cd0   0x00000cd0   0x0000003c   Code   RO          422    i.SetLED            userfeedback.o
    0x00000d0c   0x00000d0c   0x000001ec   Code   RO          300    i.Setup             proximityclickapi.o
    0x00000ef8   0x00000ef8   0x0000000e   Code   RO          302    i.Si115xGetHwId     proximityclickapi.o
    0x00000f06   0x00000f06   0x0000000e   Code   RO          303    i.Si115xGetPartId   proximityclickapi.o
    0x00000f14   0x00000f14   0x0000000e   Code   RO          304    i.Si115xGetResponse0  proximityclickapi.o
    0x00000f22   0x00000f22   0x0000000e   Code   RO          306    i.Si115xGetRevId    proximityclickapi.o
    0x00000f30   0x00000f30   0x0000000e   Code   RO          307    i.Si115xNop         proximityclickapi.o
    0x00000f3e   0x00000f3e   0x00000002   PAD
    0x00000f40   0x00000f40   0x000001ac   Code   RO          308    i.Si115xParamRead   proximityclickapi.o
    0x000010ec   0x000010ec   0x000001b8   Code   RO          309    i.Si115xParamSet    proximityclickapi.o
    0x000012a4   0x000012a4   0x00000084   Code   RO          311    i.Si115xReadFromRegister  proximityclickapi.o
    0x00001328   0x00001328   0x0000000e   Code   RO          313    i.Si115xStart       proximityclickapi.o
    0x00001336   0x00001336   0x00000002   PAD
    0x00001338   0x00001338   0x0000005c   Code   RO          314    i.Si115xWriteToRegister  proximityclickapi.o
    0x00001394   0x00001394   0x0000000a   Code   RO          315    i.Start             proximityclickapi.o
    0x0000139e   0x0000139e   0x00000002   PAD
    0x000013a0   0x000013a0   0x000000c4   Code   RO          423    i.StartupTerminalOutput  userfeedback.o
    0x00001464   0x00001464   0x0000016c   Code   RO         2286    i.SysCtlClockGet    sysctl.o
    0x000015d0   0x000015d0   0x0000012c   Code   RO         2288    i.SysCtlClockSet    sysctl.o
    0x000016fc   0x000016fc   0x00000034   Code   RO         2317    i.SysCtlPeripheralEnable  sysctl.o
    0x00001730   0x00001730   0x00000038   Code   RO         2320    i.SysCtlPeripheralPresent  sysctl.o
    0x00001768   0x00001768   0x00000016   Code   RO         2779    i.SysTick_Handler   cmsis_os2.o
    0x0000177e   0x0000177e   0x00000002   PAD
    0x00001780   0x00001780   0x00000098   Code   RO         3407    i.SystemInit        system_tm4c123.o
    0x00001818   0x00001818   0x000001ec   Code   RO          104    i.Thread_Communication  application.o
    0x00001a04   0x00001a04   0x00000104   Code   RO          105    i.Thread_Gesture    application.o
    0x00001b08   0x00001b08   0x000000ac   Code   RO          106    i.Thread_Read       application.o
    0x00001bb4   0x00001bb4   0x0000005c   Code   RO          107    i.UART0_Handler     application.o
    0x00001c10   0x00001c10   0x00000012   Code   RO         1358    i.UARTCharGet       uart.o
    0x00001c22   0x00001c22   0x00000014   Code   RO         1359    i.UARTCharGetNonBlocking  uart.o
    0x00001c36   0x00001c36   0x00000010   Code   RO         1360    i.UARTCharPut       uart.o
    0x00001c46   0x00001c46   0x0000000c   Code   RO         1362    i.UARTCharsAvail    uart.o
    0x00001c52   0x00001c52   0x00000006   Code   RO         1364    i.UARTClockSourceSet  uart.o
    0x00001c58   0x00001c58   0x0000004c   Code   RO         1366    i.UARTConfigSetExpClk  uart.o
    0x00001ca4   0x00001ca4   0x00000020   Code   RO         1369    i.UARTDisable       uart.o
    0x00001cc4   0x00001cc4   0x00000014   Code   RO         1371    i.UARTEnable        uart.o
    0x00001cd8   0x00001cd8   0x00000008   Code   RO         1376    i.UARTFIFOLevelSet  uart.o
    0x00001ce0   0x00001ce0   0x00000004   Code   RO         1379    i.UARTIntClear      uart.o
    0x00001ce4   0x00001ce4   0x00000008   Code   RO         1381    i.UARTIntEnable     uart.o
    0x00001cec   0x00001cec   0x0000000c   Code   RO         1383    i.UARTIntStatus     uart.o
    0x00001cf8   0x00001cf8   0x00000050   Code   RO          510    i.UARTStdioConfig   uartstdio.o
    0x00001d48   0x00001d48   0x0000003c   Code   RO          515    i.UARTwrite         uartstdio.o
    0x00001d84   0x00001d84   0x00000022   Code   RO          424    i.Wait              userfeedback.o
    0x00001da6   0x00001da6   0x00000006   Code   RO         2781    i.__get_BASEPRI     cmsis_os2.o
    0x00001dac   0x00001dac   0x00000006   Code   RO         2782    i.__get_IPSR        cmsis_os2.o
    0x00001db2   0x00001db2   0x00000006   Code   RO         2783    i.__get_PRIMASK     cmsis_os2.o
    0x00001db8   0x00001db8   0x00000016   Code   RO         2715    i._mutex_acquire    clib_arm.o
    0x00001dce   0x00001dce   0x00000002   PAD
    0x00001dd0   0x00001dd0   0x00000034   Code   RO         2716    i._mutex_free       clib_arm.o
    0x00001e04   0x00001e04   0x00000060   Code   RO         2717    i._mutex_initialize  clib_arm.o
    0x00001e64   0x00001e64   0x00000018   Code   RO         2718    i._mutex_release    clib_arm.o
    0x00001e7c   0x00001e7c   0x00000002   Code   RO         2719    i._platform_post_stackheap_init  clib_arm.o
    0x00001e7e   0x00001e7e   0x00000002   PAD
    0x00001e80   0x00001e80   0x00000124   Code   RO          317    i._sendCmd          proximityclickapi.o
    0x00001fa4   0x00001fa4   0x00000034   Code   RO          318    i._waitUntilSleep   proximityclickapi.o
    0x00001fd8   0x00001fd8   0x00000074   Code   RO            1    i.main              main.o
    0x0000204c   0x0000204c   0x00000104   Code   RO          108    i.main_app          application.o
    0x00002150   0x00002150   0x00000040   Code   RO         2798    i.osKernelInitialize  cmsis_os2.o
    0x00002190   0x00002190   0x00000074   Code   RO         2801    i.osKernelStart     cmsis_os2.o
    0x00002204   0x00002204   0x00000098   Code   RO         2813    i.osMessageQueueGet  cmsis_os2.o
    0x0000229c   0x0000229c   0x00000098   Code   RO         2818    i.osMessageQueueNew  cmsis_os2.o
    0x00002334   0x00002334   0x0000009c   Code   RO         2819    i.osMessageQueuePut  cmsis_os2.o
    0x000023d0   0x000023d0   0x00000098   Code   RO         2835    i.osThreadFlagsSet  cmsis_os2.o
    0x00002468   0x00002468   0x000000cc   Code   RO         2836    i.osThreadFlagsWait  cmsis_os2.o
    0x00002534   0x00002534   0x000000d4   Code   RO         2843    i.osThreadNew       cmsis_os2.o
    0x00002608   0x00002608   0x00000040   Code   RO         2844    i.osThreadResume    cmsis_os2.o
    0x00002648   0x00002648   0x00000050   Code   RO         2845    i.osThreadSetPriority  cmsis_os2.o
    0x00002698   0x00002698   0x00000040   Code   RO         2848    i.osThreadYield     cmsis_os2.o
    0x000026d8   0x000026d8   0x00000024   Code   RO         2720    i.os_kernel_is_active  clib_arm.o
    0x000026fc   0x000026fc   0x0000007c   Code   RO         4034    i.prvAddCurrentTaskToDelayedList  tasks.o
    0x00002778   0x00002778   0x000000b8   Code   RO         4035    i.prvAddNewTaskToReadyList  tasks.o
    0x00002830   0x00002830   0x0000005c   Code   RO         4431    i.prvCheckForValidListAndQueue  timers.o
    0x0000288c   0x0000288c   0x00000048   Code   RO         4036    i.prvCheckTasksWaitingTermination  tasks.o
    0x000028d4   0x000028d4   0x0000002a   Code   RO         3797    i.prvCopyDataFromQueue  queue.o
    0x000028fe   0x000028fe   0x0000007e   Code   RO         3798    i.prvCopyDataToQueue  queue.o
    0x0000297c   0x0000297c   0x00000028   Code   RO         4037    i.prvDeleteTCB      tasks.o
    0x000029a4   0x000029a4   0x00000014   Code   RO         3799    i.prvGetDisinheritPriorityAfterTimeout  queue.o
    0x000029b8   0x000029b8   0x00000028   Code   RO         4432    i.prvGetNextExpireTime  timers.o
    0x000029e0   0x000029e0   0x0000007c   Code   RO         3647    i.prvHeapInit       heap_4.o
    0x00002a5c   0x00002a5c   0x00000028   Code   RO         4038    i.prvIdleTask       tasks.o
    0x00002a84   0x00002a84   0x0000001e   Code   RO         3800    i.prvInitialiseMutex  queue.o
    0x00002aa2   0x00002aa2   0x0000002a   Code   RO         3801    i.prvInitialiseNewQueue  queue.o
    0x00002acc   0x00002acc   0x0000009a   Code   RO         4039    i.prvInitialiseNewTask  tasks.o
    0x00002b66   0x00002b66   0x00000002   PAD
    0x00002b68   0x00002b68   0x00000068   Code   RO         4040    i.prvInitialiseTaskLists  tasks.o
    0x00002bd0   0x00002bd0   0x00000068   Code   RO         3648    i.prvInsertBlockIntoFreeList  heap_4.o
    0x00002c38   0x00002c38   0x00000058   Code   RO         4434    i.prvInsertTimerInActiveList  timers.o
    0x00002c90   0x00002c90   0x0000001a   Code   RO         3802    i.prvIsQueueEmpty   queue.o
    0x00002caa   0x00002caa   0x0000001e   Code   RO         3803    i.prvIsQueueFull    queue.o
    0x00002cc8   0x00002cc8   0x0000005c   Code   RO         4435    i.prvProcessExpiredTimer  timers.o
    0x00002d24   0x00002d24   0x0000010c   Code   RO         4436    i.prvProcessReceivedCommands  timers.o
    0x00002e30   0x00002e30   0x00000074   Code   RO         4437    i.prvProcessTimerOrBlockTask  timers.o
    0x00002ea4   0x00002ea4   0x00000034   Code   RO         4042    i.prvResetNextTaskUnblockTime  tasks.o
    0x00002ed8   0x00002ed8   0x0000002c   Code   RO         4438    i.prvSampleTimeNow  timers.o
    0x00002f04   0x00002f04   0x00000088   Code   RO         4439    i.prvSwitchTimerLists  timers.o
    0x00002f8c   0x00002f8c   0x00000016   Code   RO         3715    i.prvTaskExitError  port.o
    0x00002fa2   0x00002fa2   0x00000002   PAD
    0x00002fa4   0x00002fa4   0x00000040   Code   RO         4044    i.prvTaskIsTaskSuspended  tasks.o
    0x00002fe4   0x00002fe4   0x0000001a   Code   RO         4440    i.prvTimerTask      timers.o
    0x00002ffe   0x00002ffe   0x0000007e   Code   RO         3804    i.prvUnlockQueue    queue.o
    0x0000307c   0x0000307c   0x000000e0   Code   RO         3649    i.pvPortMalloc      heap_4.o
    0x0000315c   0x0000315c   0x00000020   Code   RO         4045    i.pvTaskIncrementMutexHeldCount  tasks.o
    0x0000317c   0x0000317c   0x0000002c   Code   RO         3716    i.pxPortInitialiseStack  port.o
    0x000031a8   0x000031a8   0x00000028   Code   RO         3596    i.uxListRemove      list.o
    0x000031d0   0x000031d0   0x00000018   Code   RO         2855    i.vApplicationGetIdleTaskMemory  cmsis_os2.o
    0x000031e8   0x000031e8   0x00000018   Code   RO         2856    i.vApplicationGetTimerTaskMemory  cmsis_os2.o
    0x00003200   0x00003200   0x00000002   Code   RO         2857    i.vApplicationStackOverflowHook  cmsis_os2.o
    0x00003202   0x00003202   0x0000001a   Code   RO         3597    i.vListInitialise   list.o
    0x0000321c   0x0000321c   0x00000006   Code   RO         3598    i.vListInitialiseItem  list.o
    0x00003222   0x00003222   0x00000034   Code   RO         3599    i.vListInsert       list.o
    0x00003256   0x00003256   0x00000018   Code   RO         3600    i.vListInsertEnd    list.o
    0x0000326e   0x0000326e   0x00000002   PAD
    0x00003270   0x00003270   0x00000024   Code   RO         3718    i.vPortEnterCritical  port.o
    0x00003294   0x00003294   0x00000020   Code   RO         3719    i.vPortExitCritical  port.o
    0x000032b4   0x000032b4   0x00000058   Code   RO         3650    i.vPortFree         heap_4.o
    0x0000330c   0x0000330c   0x00000028   Code   RO         3720    i.vPortSetupTimerInterrupt  port.o
    0x00003334   0x00003334   0x00000014   Code   RO         3810    i.vQueueDelete      queue.o
    0x00003348   0x00003348   0x0000004a   Code   RO         3812    i.vQueueWaitForMessageRestricted  queue.o
    0x00003392   0x00003392   0x00000002   PAD
    0x00003394   0x00003394   0x00000018   Code   RO         4060    i.vTaskInternalSetTimeOutState  tasks.o
    0x000033ac   0x000033ac   0x0000000c   Code   RO         4061    i.vTaskMissedYield  tasks.o
    0x000033b8   0x000033b8   0x00000020   Code   RO         4063    i.vTaskPlaceOnEventList  tasks.o
    0x000033d8   0x000033d8   0x00000028   Code   RO         4064    i.vTaskPlaceOnEventListRestricted  tasks.o
    0x00003400   0x00003400   0x0000008c   Code   RO         4066    i.vTaskPriorityDisinheritAfterTimeout  tasks.o
    0x0000348c   0x0000348c   0x000000e0   Code   RO         4067    i.vTaskPrioritySet  tasks.o
    0x0000356c   0x0000356c   0x00000078   Code   RO         4069    i.vTaskResume       tasks.o
    0x000035e4   0x000035e4   0x00000094   Code   RO         4072    i.vTaskStartScheduler  tasks.o
    0x00003678   0x00003678   0x00000010   Code   RO         4074    i.vTaskSuspendAll   tasks.o
    0x00003688   0x00003688   0x000000b0   Code   RO         4075    i.vTaskSwitchContext  tasks.o
    0x00003738   0x00003738   0x00000138   Code   RO          427    i.write_hex         userfeedback.o
    0x00003870   0x00003870   0x00000048   Code   RO         3721    i.xPortStartScheduler  port.o
    0x000038b8   0x000038b8   0x00000034   Code   RO         3722    i.xPortSysTickHandler  port.o
    0x000038ec   0x000038ec   0x00000022   Code   RO         3815    i.xQueueCreateMutex  queue.o
    0x0000390e   0x0000390e   0x0000002a   Code   RO         3816    i.xQueueCreateMutexStatic  queue.o
    0x00003938   0x00003938   0x0000003a   Code   RO         3817    i.xQueueGenericCreate  queue.o
    0x00003972   0x00003972   0x0000002e   Code   RO         3818    i.xQueueGenericCreateStatic  queue.o
    0x000039a0   0x000039a0   0x00000080   Code   RO         3819    i.xQueueGenericReset  queue.o
    0x00003a20   0x00003a20   0x00000118   Code   RO         3820    i.xQueueGenericSend  queue.o
    0x00003b38   0x00003b38   0x0000008a   Code   RO         3821    i.xQueueGenericSendFromISR  queue.o
    0x00003bc2   0x00003bc2   0x00000002   PAD
    0x00003bc4   0x00003bc4   0x00000104   Code   RO         3830    i.xQueueReceive     queue.o
    0x00003cc8   0x00003cc8   0x00000082   Code   RO         3831    i.xQueueReceiveFromISR  queue.o
    0x00003d4a   0x00003d4a   0x00000002   PAD
    0x00003d4c   0x00003d4c   0x00000130   Code   RO         3832    i.xQueueSemaphoreTake  queue.o
    0x00003e7c   0x00003e7c   0x0000005c   Code   RO         4077    i.xTaskCheckForTimeOut  tasks.o
    0x00003ed8   0x00003ed8   0x00000064   Code   RO         4078    i.xTaskCreate       tasks.o
    0x00003f3c   0x00003f3c   0x0000004e   Code   RO         4079    i.xTaskCreateStatic  tasks.o
    0x00003f8a   0x00003f8a   0x00000002   PAD
    0x00003f8c   0x00003f8c   0x000000c4   Code   RO         4080    i.xTaskGenericNotify  tasks.o
    0x00004050   0x00004050   0x000000fc   Code   RO         4081    i.xTaskGenericNotifyFromISR  tasks.o
    0x0000414c   0x0000414c   0x00000020   Code   RO         4083    i.xTaskGetSchedulerState  tasks.o
    0x0000416c   0x0000416c   0x0000000c   Code   RO         4084    i.xTaskGetTickCount  tasks.o
    0x00004178   0x00004178   0x00000118   Code   RO         4086    i.xTaskIncrementTick  tasks.o
    0x00004290   0x00004290   0x000000a0   Code   RO         4088    i.xTaskNotifyWait   tasks.o
    0x00004330   0x00004330   0x00000060   Code   RO         4089    i.xTaskPriorityDisinherit  tasks.o
    0x00004390   0x00004390   0x000000a4   Code   RO         4090    i.xTaskPriorityInherit  tasks.o
    0x00004434   0x00004434   0x00000080   Code   RO         4091    i.xTaskRemoveFromEventList  tasks.o
    0x000044b4   0x000044b4   0x000000e8   Code   RO         4092    i.xTaskResumeAll    tasks.o
    0x0000459c   0x0000459c   0x00000060   Code   RO         4449    i.xTimerCreateTimerTask  timers.o
    0x000045fc   0x000045fc   0x0000006c   Code   RO         4450    i.xTimerGenericCommand  timers.o
    0x00004668   0x00004668   0x0000000a   Code   RO         4702    x$fpl$fpinit        fz_wm.l(fpinit.o)
    0x00004672   0x00004672   0x00000002   PAD
    0x00004674   0x00004674   0x0000001c   Data   RO          516    .constdata          uartstdio.o
    0x00004690   0x00004690   0x00000228   Data   RO          630    .constdata          gpio.o
    0x000048b8   0x000048b8   0x0000010c   Data   RO         1253    .constdata          interrupt.o
    0x000049c4   0x000049c4   0x00000254   Data   RO         2341    .constdata          sysctl.o
    0x00004c18   0x00004c18   0x00000043   Data   RO          109    .conststring        application.o
    0x00004c5b   0x00004c5b   0x00000001   PAD
    0x00004c5c   0x00004c5c   0x00000011   Data   RO          517    .conststring        uartstdio.o
    0x00004c6d   0x00004c6d   0x00000003   PAD
    0x00004c70   0x00004c70   0x00000020   Data   RO         4772    Region$$Table       anon$$obj.o


    Execution Region ER_RW (Exec base: 0x20000000, Load base: 0x00004c90, Size: 0x0000009c, Max: 0xffffffff, ABSOLUTE)

    Exec Addr    Load Addr    Size         Type   Attr      Idx    E Section Name        Object

    0x20000000   0x00004c90   0x00000015   Data   RW          110    .data               application.o
    0x20000015   0x00004ca5   0x00000003   PAD
    0x20000018   0x00004ca8   0x00000005   Data   RW          518    .data               uartstdio.o
    0x2000001d   0x00004cad   0x00000001   Data   RW         2722    .data               clib_arm.o
    0x2000001e   0x00004cae   0x00000002   PAD
    0x20000020   0x00004cb0   0x00000004   Data   RW         2859    .data               cmsis_os2.o
    0x20000024   0x00004cb4   0x00000004   Data   RW         3409    .data               system_tm4c123.o
    0x20000028   0x00004cb8   0x00000020   Data   RW         3656    .data               heap_4.o
    0x20000048   0x00004cd8   0x00000004   Data   RW         3723    .data               port.o
    0x2000004c   0x00004cdc   0x0000003c   Data   RW         4095    .data               tasks.o
    0x20000088   0x00004d18   0x00000014   Data   RW         4458    .data               timers.o


    Execution Region ER_ZI (Exec base: 0x2000009c, Load base: 0x00004d2c, Size: 0x00002f7c, Max: 0xffffffff, ABSOLUTE)

    Exec Addr    Load Addr    Size         Type   Attr      Idx    E Section Name        Object

    0x2000009c        -       0x00000394   Zero   RW         2721    .bss                clib_arm.o
    0x20000430        -       0x000003f8   Zero   RW         2858    .bss                cmsis_os2.o
    0x20000828        -       0x00002000   Zero   RW         3655    .bss                heap_4.o
    0x20002828        -       0x000004c4   Zero   RW         4094    .bss                tasks.o
    0x20002cec        -       0x000000c8   Zero   RW         4457    .bss                timers.o
    0x20002db4        -       0x00000060   Zero   RW         4644    .bss                c_w.l(libspace.o)
    0x20002e14   0x00004d2c   0x00000004   PAD
    0x20002e18        -       0x00000000   Zero   RW         3397    HEAP                startup_tm4c123.o
    0x20002e18        -       0x00000200   Zero   RW         3396    STACK               startup_tm4c123.o


==============================================================================

Image component sizes


      Code (inc. data)   RO Data    RW Data    ZI Data      Debug   Object Name

      1276        500         67         21          0       8210   application.o
       232         20          0          1        916       5288   clib_arm.o
      1506        102          0          4       1016      71023   cmsis_os2.o
         0          0          0          0          0      46908   communication.o
       276         62          0          0          0       2496   configurehardware.o
         0          0          0          0          0      11580   event_groups.o
       656         22        552          0          0       6017   gpio.o
       540         74          0         32       8192       4547   heap_4.o
       188         14          0          0          0       5699   i2c.o
       116          8        268          0          0       1504   interrupt.o
       148          0          0          0          0      12894   list.o
       116         50          0          0          0       5007   main.o
       488         56          0          4          0      10316   port.o
      2138        606          0          0          0       9911   proximityclickapi.o
      1956         18          0          0          0      22429   queue.o
       276         24        620          0        512       5444   startup_tm4c123.o
       778         70        596          0          0       4897   sysctl.o
       152         40          0          4          0        831   system_tm4c123.o
      3620        474          0         60       1220      47806   tasks.o
      1106        114          0         20        200      12927   timers.o
       232          0          0          0          0       6830   uart.o
       140         16         45          5          0       3009   uartstdio.o
       738        156          0          0          0       3439   userfeedback.o

    ----------------------------------------------------------------------
     16712       2426       2184        156      12056     309012   Object Totals
         0          0         32          0          0          0   (incl. Generated)
        34          0          4          5          0          0   (incl. Padding)

    ----------------------------------------------------------------------

      Code (inc. data)   RO Data    RW Data    ZI Data      Debug   Library Member Name

         8          0          0          0          0         68   __main.o
         0          0          0          0          0          0   __rtentry.o
        20          0          0          0          0          0   __rtentry2.o
         6          0          0          0          0          0   __rtentry4.o
        52          8          0          0          0          0   __scatter.o
        26          0          0          0          0          0   __scatter_copy.o
        28          0          0          0          0          0   __scatter_zi.o
        16          0          0          0          0         68   aeabi_memset.o
        18          0          0          0          0         80   exit.o
         6          0          0          0          0        152   heapauxi.o
         0          0          0          0          0          0   indicate_semi.o
         2          0          0          0          0          0   libinit.o
         6          0          0          0          0          0   libinit2.o
         2          0          0          0          0          0   libshutdown.o
         2          0          0          0          0          0   libshutdown2.o
         8          4          0          0         96         68   libspace.o
        68          0          0          0          0         68   rt_memclr.o
        78          0          0          0          0         80   rt_memclr_w.o
       138          0          0          0          0         68   rt_memcpy_v6.o
       100          0          0          0          0         80   rt_memcpy_w.o
         2          0          0          0          0          0   rtexit.o
        10          0          0          0          0          0   rtexit2.o
        12          4          0          0          0         68   sys_exit.o
        74          0          0          0          0         80   sys_stackheap_outer.o
         2          0          0          0          0         68   use_no_semi.o
        10          0          0          0          0        116   fpinit.o

    ----------------------------------------------------------------------
       704         16          0          0        100       1064   Library Totals
        10          0          0          0          4          0   (incl. Padding)

    ----------------------------------------------------------------------

      Code (inc. data)   RO Data    RW Data    ZI Data      Debug   Library Name

       684         16          0          0         96        948   c_w.l
        10          0          0          0          0        116   fz_wm.l

    ----------------------------------------------------------------------
       704         16          0          0        100       1064   Library Totals

    ----------------------------------------------------------------------

==============================================================================


      Code (inc. data)   RO Data    RW Data    ZI Data      Debug   

     17416       2442       2184        156      12156     292360   Grand Totals
     17416       2442       2184        156      12156     292360   ELF Image Totals
     17416       2442       2184        156          0          0   ROM Totals

==============================================================================

    Total RO  Size (Code + RO Data)                19600 (  19.14kB)
    Total RW  Size (RW Data + ZI Data)             12312 (  12.02kB)
    Total ROM Size (Code + RO Data + RW Data)      19756 (  19.29kB)

==============================================================================

