Component: ARM Compiler 5.06 update 7 (build 960) Tool: armlink [4d3601]

==============================================================================

Section Cross References

    gpio.o(i.GPIOIntRegister) refers to gpio.o(i._GPIOIntNumberGet) for _GPIOIntNumberGet
    gpio.o(i.GPIOIntRegister) refers to interrupt.o(i.IntRegister) for IntRegister
    gpio.o(i.GPIOIntRegister) refers to interrupt.o(i.IntEnable) for IntEnable
    gpio.o(i.GPIOIntRegisterPin) refers to gpio.o(i._GPIOIntNumberGet) for _GPIOIntNumberGet
    gpio.o(i.GPIOIntRegisterPin) refers to interrupt.o(i.IntRegister) for IntRegister
    gpio.o(i.GPIOIntRegisterPin) refers to interrupt.o(i.IntEnable) for IntEnable
    gpio.o(i.GPIOIntUnregister) refers to gpio.o(i._GPIOIntNumberGet) for _GPIOIntNumberGet
    gpio.o(i.GPIOIntUnregister) refers to interrupt.o(i.IntDisable) for IntDisable
    gpio.o(i.GPIOIntUnregister) refers to interrupt.o(i.IntUnregister) for IntUnregister
    gpio.o(i.GPIOIntUnregisterPin) refers to gpio.o(i._GPIOIntNumberGet) for _GPIOIntNumberGet
    gpio.o(i.GPIOIntUnregisterPin) refers to interrupt.o(i.IntDisable) for IntDisable
    gpio.o(i.GPIOIntUnregisterPin) refers to interrupt.o(i.IntUnregister) for IntUnregister
    gpio.o(i.GPIOPinConfigure) refers to gpio.o(.constdata) for g_pui32GPIOBaseAddrs
    gpio.o(i.GPIOPinTypeADC) refers to gpio.o(i.GPIODirModeSet) for GPIODirModeSet
    gpio.o(i.GPIOPinTypeADC) refers to gpio.o(i.GPIOPadConfigSet) for GPIOPadConfigSet
    gpio.o(i.GPIOPinTypeCAN) refers to gpio.o(i.GPIODirModeSet) for GPIODirModeSet
    gpio.o(i.GPIOPinTypeCAN) refers to gpio.o(i.GPIOPadConfigSet) for GPIOPadConfigSet
    gpio.o(i.GPIOPinTypeComparator) refers to gpio.o(i.GPIODirModeSet) for GPIODirModeSet
    gpio.o(i.GPIOPinTypeComparator) refers to gpio.o(i.GPIOPadConfigSet) for GPIOPadConfigSet
    gpio.o(i.GPIOPinTypeComparatorOutput) refers to gpio.o(i.GPIODirModeSet) for GPIODirModeSet
    gpio.o(i.GPIOPinTypeComparatorOutput) refers to gpio.o(i.GPIOPadConfigSet) for GPIOPadConfigSet
    gpio.o(i.GPIOPinTypeDIVSCLK) refers to gpio.o(i.GPIODirModeSet) for GPIODirModeSet
    gpio.o(i.GPIOPinTypeDIVSCLK) refers to gpio.o(i.GPIOPadConfigSet) for GPIOPadConfigSet
    gpio.o(i.GPIOPinTypeEPI) refers to gpio.o(i.GPIODirModeSet) for GPIODirModeSet
    gpio.o(i.GPIOPinTypeEPI) refers to gpio.o(i.GPIOPadConfigSet) for GPIOPadConfigSet
    gpio.o(i.GPIOPinTypeEthernetLED) refers to gpio.o(i.GPIODirModeSet) for GPIODirModeSet
    gpio.o(i.GPIOPinTypeEthernetLED) refers to gpio.o(i.GPIOPadConfigSet) for GPIOPadConfigSet
    gpio.o(i.GPIOPinTypeEthernetMII) refers to gpio.o(i.GPIODirModeSet) for GPIODirModeSet
    gpio.o(i.GPIOPinTypeEthernetMII) refers to gpio.o(i.GPIOPadConfigSet) for GPIOPadConfigSet
    gpio.o(i.GPIOPinTypeGPIOInput) refers to gpio.o(i.GPIODirModeSet) for GPIODirModeSet
    gpio.o(i.GPIOPinTypeGPIOInput) refers to gpio.o(i.GPIOPadConfigSet) for GPIOPadConfigSet
    gpio.o(i.GPIOPinTypeGPIOOutput) refers to gpio.o(i.GPIOPadConfigSet) for GPIOPadConfigSet
    gpio.o(i.GPIOPinTypeGPIOOutput) refers to gpio.o(i.GPIODirModeSet) for GPIODirModeSet
    gpio.o(i.GPIOPinTypeGPIOOutputOD) refers to gpio.o(i.GPIOPadConfigSet) for GPIOPadConfigSet
    gpio.o(i.GPIOPinTypeGPIOOutputOD) refers to gpio.o(i.GPIODirModeSet) for GPIODirModeSet
    gpio.o(i.GPIOPinTypeHibernateRTCCLK) refers to gpio.o(i.GPIODirModeSet) for GPIODirModeSet
    gpio.o(i.GPIOPinTypeHibernateRTCCLK) refers to gpio.o(i.GPIOPadConfigSet) for GPIOPadConfigSet
    gpio.o(i.GPIOPinTypeI2C) refers to gpio.o(i.GPIODirModeSet) for GPIODirModeSet
    gpio.o(i.GPIOPinTypeI2C) refers to gpio.o(i.GPIOPadConfigSet) for GPIOPadConfigSet
    gpio.o(i.GPIOPinTypeI2CSCL) refers to gpio.o(i.GPIODirModeSet) for GPIODirModeSet
    gpio.o(i.GPIOPinTypeI2CSCL) refers to gpio.o(i.GPIOPadConfigSet) for GPIOPadConfigSet
    gpio.o(i.GPIOPinTypeLCD) refers to gpio.o(i.GPIODirModeSet) for GPIODirModeSet
    gpio.o(i.GPIOPinTypeLCD) refers to gpio.o(i.GPIOPadConfigSet) for GPIOPadConfigSet
    gpio.o(i.GPIOPinTypeOneWire) refers to gpio.o(i.GPIODirModeSet) for GPIODirModeSet
    gpio.o(i.GPIOPinTypeOneWire) refers to gpio.o(i.GPIOPadConfigSet) for GPIOPadConfigSet
    gpio.o(i.GPIOPinTypePWM) refers to gpio.o(i.GPIODirModeSet) for GPIODirModeSet
    gpio.o(i.GPIOPinTypePWM) refers to gpio.o(i.GPIOPadConfigSet) for GPIOPadConfigSet
    gpio.o(i.GPIOPinTypeQEI) refers to gpio.o(i.GPIODirModeSet) for GPIODirModeSet
    gpio.o(i.GPIOPinTypeQEI) refers to gpio.o(i.GPIOPadConfigSet) for GPIOPadConfigSet
    gpio.o(i.GPIOPinTypeSSI) refers to gpio.o(i.GPIODirModeSet) for GPIODirModeSet
    gpio.o(i.GPIOPinTypeSSI) refers to gpio.o(i.GPIOPadConfigSet) for GPIOPadConfigSet
    gpio.o(i.GPIOPinTypeTimer) refers to gpio.o(i.GPIODirModeSet) for GPIODirModeSet
    gpio.o(i.GPIOPinTypeTimer) refers to gpio.o(i.GPIOPadConfigSet) for GPIOPadConfigSet
    gpio.o(i.GPIOPinTypeTrace) refers to gpio.o(i.GPIODirModeSet) for GPIODirModeSet
[...]
    Removing timers.o(i.xTimerPendFunctionCall), (52 bytes).
    Removing timers.o(i.xTimerPendFunctionCallFromISR), (52 bytes).
    Removing port.o(.rev16_text), (4 bytes).
    Removing port.o(.revsh_text), (4 bytes).
    Removing port.o(.rrx_text), (6 bytes).
    Removing port.o(i.vPortEndScheduler), (2 bytes).

605 unused section(s) (total 27041 bytes) removed from the image.

==============================================================================

Image Symbol Table

    Local Symbols

    Symbol Name                              Value     Ov Type        Size  Object(Section)

    RESET                                    0x00000000   Section      620  startup_tm4c123.o(RESET)
    ../clib/angel/boardlib.s                 0x00000000   Number         0  boardshut.o ABSOLUTE
    ../clib/angel/boardlib.s                 0x00000000   Number         0  boardinit3.o ABSOLUTE
    ../clib/angel/boardlib.s                 0x00000000   Number         0  boardinit1.o ABSOLUTE
    ../clib/angel/handlers.s                 0x00000000   Number         0  __scatter_copy.o ABSOLUTE
    ../clib/angel/handlers.s                 0x00000000   Number         0  __scatter_zi.o ABSOLUTE
    ../clib/angel/kernel.s                   0x00000000   Number         0  __rtentry2.o ABSOLUTE
    ../clib/angel/kernel.s                   0x00000000   Number         0  rtexit.o ABSOLUTE
    ../clib/angel/kernel.s                   0x00000000   Number         0  __rtentry4.o ABSOLUTE
    ../clib/angel/kernel.s                   0x00000000   Number         0  rtexit2.o ABSOLUTE
    ../clib/angel/kernel.s                   0x00000000   Number         0  __rtentry.o ABSOLUTE
    ../clib/angel/rt.s                       0x00000000   Number         0  rt_raise.o ABSOLUTE
    ../clib/angel/scatter.s                  0x00000000   Number         0  __scatter.o ABSOLUTE
    ../clib/angel/startup.s                  0x00000000   Number         0  __main.o ABSOLUTE
    ../clib/angel/sys.s                      0x00000000   Number         0  indicate_semi.o ABSOLUTE
    ../clib/angel/sys.s                      0x00000000   Number         0  use_no_semi.o ABSOLUTE
    ../clib/angel/sys.s                      0x00000000   Number         0  libspace.o ABSOLUTE
    ../clib/angel/sys.s                      0x00000000   Number         0  sys_stackheap_outer.o ABSOLUTE
    ../clib/angel/sysapp.c                   0x00000000   Number         0  sys_exit.o ABSOLUTE
    ../clib/angel/sysapp.c                   0x00000000   Number         0  sys_wrch.o ABSOLUTE
    ../clib/angel/sysapp.c                   0x00000000   Number         0  sys_command.o ABSOLUTE
    ../clib/armsys.c                         0x00000000   Number         0  argv_veneer.o ABSOLUTE
    ../clib/armsys.c                         0x00000000   Number         0  no_argv.o ABSOLUTE
    ../clib/armsys.c                         0x00000000   Number         0  _get_argv_nomalloc.o ABSOLUTE
    ../clib/armsys.c                         0x00000000   Number         0  argv_veneer.o ABSOLUTE
    ../clib/heapalloc.c                      0x00000000   Number         0  hrguard.o ABSOLUTE
    ../clib/heapaux.c                        0x00000000   Number         0  heapauxi.o ABSOLUTE
    ../clib/libinit.s                        0x00000000   Number         0  libinit.o ABSOLUTE
    ../clib/libinit.s                        0x00000000   Number         0  libshutdown2.o ABSOLUTE
    ../clib/libinit.s                        0x00000000   Number         0  libinit2.o ABSOLUTE
    ../clib/libinit.s                        0x00000000   Number         0  libshutdown.o ABSOLUTE
    ../clib/memcpset.s                       0x00000000   Number         0  rt_memclr.o ABSOLUTE
    ../clib/memcpset.s                       0x00000000   Number         0  rt_memcpy_v6.o ABSOLUTE
    ../clib/memcpset.s                       0x00000000   Number         0  aeabi_memset.o ABSOLUTE
    ../clib/memcpset.s                       0x00000000   Number         0  rt_memcpy_w.o ABSOLUTE
    ../clib/memcpset.s                       0x00000000   Number         0  rt_memclr_w.o ABSOLUTE
    ../clib/signal.c                         0x00000000   Number         0  defsig_segv_inner.o ABSOLUTE
    ../clib/signal.c                         0x00000000   Number         0  defsig_cppl_inner.o ABSOLUTE
    ../clib/signal.c                         0x00000000   Number         0  defsig_pvfn_inner.o ABSOLUTE
    ../clib/signal.c                         0x00000000   Number         0  defsig_rtred_inner.o ABSOLUTE
    ../clib/signal.c                         0x00000000   Number         0  defsig_fpe_inner.o ABSOLUTE
    ../clib/signal.c                         0x00000000   Number         0  defsig_abrt_inner.o ABSOLUTE
    ../clib/signal.c                         0x00000000   Number         0  defsig_stak_inner.o ABSOLUTE
    ../clib/signal.c                         0x00000000   Number         0  defsig_general.o ABSOLUTE
    ../clib/signal.c                         0x00000000   Number         0  __raise.o ABSOLUTE
    ../clib/signal.c                         0x00000000   Number         0  defsig_rtmem_inner.o ABSOLUTE
    ../clib/signal.c                         0x00000000   Number         0  defsig_exit.o ABSOLUTE
    ../clib/signal.c                         0x00000000   Number         0  defsig_rtmem_formal.o ABSOLUTE
    ../clib/signal.c                         0x00000000   Number         0  defsig_other.o ABSOLUTE
    ../clib/signal.c                         0x00000000   Number         0  defsig_rtmem_outer.o ABSOLUTE
    ../clib/signal.s                         0x00000000   Number         0  defsig.o ABSOLUTE
    ../clib/stdlib.c                         0x00000000   Number         0  exit.o ABSOLUTE
    ../fplib/fpinit.s                        0x00000000   Number         0  fpinit.o ABSOLUTE
    C:\Users\Uros Cvjetinovic\AppData\Local\Arm\Packs\ARM\CMSIS-FreeRTOS\10.3.1\CMSIS\RTOS2\FreeRTOS\Source\ARM\clib_arm.c 0x00000000   Number         0  clib_arm.o ABSOLUTE
    C:\Users\Uros Cvjetinovic\AppData\Local\Arm\Packs\ARM\CMSIS-FreeRTOS\10.3.1\CMSIS\RTOS2\FreeRTOS\Source\cmsis_os2.c 0x00000000   Number         0  cmsis_os2.o ABSOLUTE
    C:\Users\Uros Cvjetinovic\AppData\Local\Arm\Packs\ARM\CMSIS-FreeRTOS\10.3.1\CMSIS\RTOS2\FreeRTOS\Source\freertos_evr.c 0x00000000   Number         0  freertos_evr.o ABSOLUTE
    C:\Users\Uros Cvjetinovic\AppData\Local\Arm\Packs\ARM\CMSIS-FreeRTOS\10.3.1\CMSIS\RTOS2\FreeRTOS\Source\os_systick.c 0x00000000   Number         0  os_systick.o ABSOLUTE
    C:\Users\Uros Cvjetinovic\AppData\Local\Arm\Packs\ARM\CMSIS-FreeRTOS\10.3.1\Source\event_groups.c 0x00000000   Number         0  event_groups.o ABSOLUTE
    C:\Users\Uros Cvjetinovic\AppData\Local\Arm\Packs\ARM\CMSIS-FreeRTOS\10.3.1\Source\list.c 0x00000000   Number         0  list.o ABSOLUTE
    C:\Users\Uros Cvjetinovic\AppData\Local\Arm\Packs\ARM\CMSIS-FreeRTOS\10.3.1\Source\portable\MemMang\heap_1.c 0x00000000   Number         0  heap_1.o ABSOLUTE
    C:\Users\Uros Cvjetinovic\AppData\Local\Arm\Packs\ARM\CMSIS-FreeRTOS\10.3.1\Source\portable\RVDS\ARM_CM4F\port.c 0x00000000   Number         0  port.o ABSOLUTE
    C:\Users\Uros Cvjetinovic\AppData\Local\Arm\Packs\ARM\CMSIS-FreeRTOS\10.3.1\Source\queue.c 0x00000000   Number         0  queue.o ABSOLUTE
    C:\Users\Uros Cvjetinovic\AppData\Local\Arm\Packs\ARM\CMSIS-FreeRTOS\10.3.1\Source\tasks.c 0x00000000   Number         0  tasks.o ABSOLUTE
    C:\Users\Uros Cvjetinovic\AppData\Local\Arm\Packs\ARM\CMSIS-FreeRTOS\10.3.1\Source\timers.c 0x00000000   Number         0  timers.o ABSOLUTE
    C:\\Users\\Uros Cvjetinovic\\AppData\\Local\\Arm\\Packs\\ARM\\CMSIS-FreeRTOS\\10.3.1\\CMSIS\\RTOS2\\FreeRTOS\\Source\\ARM\\clib_arm.c 0x00000000   Number         0  clib_arm.o ABSOLUTE
    C:\\Users\\Uros Cvjetinovic\\AppData\\Local\\Arm\\Packs\\ARM\\CMSIS-FreeRTOS\\10.3.1\\CMSIS\\RTOS2\\FreeRTOS\\Source\\cmsis_os2.c 0x00000000   Number         0  cmsis_os2.o ABSOLUTE
    C:\\Users\\Uros Cvjetinovic\\AppData\\Local\\Arm\\Packs\\ARM\\CMSIS-FreeRTOS\\10.3.1\\CMSIS\\RTOS2\\FreeRTOS\\Source\\freertos_evr.c 0x00000000   Number         0  freertos_evr.o ABSOLUTE
    C:\\Users\\Uros Cvjetinovic\\AppData\\Local\\Arm\\Packs\\ARM\\CMSIS-FreeRTOS\\10.3.1\\CMSIS\\RTOS2\\FreeRTOS\\Source\\os_systick.c 0x00000000   Number         0  os_systick.o ABSOLUTE
    C:\\Users\\Uros Cvjetinovic\\AppData\\Local\\Arm\\Packs\\ARM\\CMSIS-FreeRTOS\\10.3.1\\Source\\event_groups.c 0x00000000   Number         0  event_groups.o ABSOLUTE
    C:\\Users\\Uros Cvjetinovic\\AppData\\Local\\Arm\\Packs\\ARM\\CMSIS-FreeRTOS\\10.3.1\\Source\\list.c 0x00000000   Number         0  list.o ABSOLUTE
    C:\\Users\\Uros Cvjetinovic\\AppData\\Local\\Arm\\Packs\\ARM\\CMSIS-FreeRTOS\\10.3.1\\Source\\portable\\MemMang\\heap_1.c 0x00000000   Number         0  heap_1.o ABSOLUTE
    C:\\Users\\Uros Cvjetinovic\\AppData\\Local\\Arm\\Packs\\ARM\\CMSIS-FreeRTOS\\10.3.1\\Source\\portable\\RVDS\\ARM_CM4F\\port.c 0x00000000   Number         0  port.o ABSOLUTE
    C:\\Users\\Uros Cvjetinovic\\AppData\\Local\\Arm\\Packs\\ARM\\CMSIS-FreeRTOS\\10.3.1\\Source\\queue.c 0x00000000   Number         0  queue.o ABSOLUTE
    C:\\Users\\Uros Cvjetinovic\\AppData\\Local\\Arm\\Packs\\ARM\\CMSIS-FreeRTOS\\10.3.1\\Source\\tasks.c 0x00000000   Number         0  tasks.o ABSOLUTE
    C:\\Users\\Uros Cvjetinovic\\AppData\\Local\\Arm\\Packs\\ARM\\CMSIS-FreeRTOS\\10.3.1\\Source\\timers.c 0x00000000   Number         0  timers.o ABSOLUTE
    Drivers\\driverlib\\cpu.c                0x00000000   Number         0  cpu.o ABSOLUTE
    Drivers\\driverlib\\sysctl.c             0x00000000   Number         0  sysctl.o ABSOLUTE
    Drivers\driverlib\cpu.c                  0x00000000   Number         0  cpu.o ABSOLUTE
    Drivers\driverlib\gpio.c                 0x00000000   Number         0  gpio.o ABSOLUTE
    Drivers\driverlib\i2c.c                  0x00000000   Number         0  i2c.o ABSOLUTE
    Drivers\driverlib\interrupt.c            0x00000000   Number         0  interrupt.o ABSOLUTE
    Drivers\driverlib\sysctl.c               0x00000000   Number         0  sysctl.o ABSOLUTE
    Drivers\driverlib\systick.c              0x00000000   Number         0  systick.o ABSOLUTE
    Drivers\driverlib\timer.c                0x00000000   Number         0  timer.o ABSOLUTE
    Drivers\driverlib\uart.c                 0x00000000   Number         0  uart.o ABSOLUTE
    Drivers\driverlib\usb.c                  0x00000000   Number         0  usb.o ABSOLUTE
    Drivers\utils\uartstdio.c                0x00000000   Number         0  uartstdio.o ABSOLUTE
    RTE\Device\TM4C123GH6PM\startup_TM4C123.s 0x00000000   Number         0  startup_tm4c123.o ABSOLUTE
    RTE\Device\TM4C123GH6PM\system_TM4C123.c 0x00000000   Number         0  system_tm4c123.o ABSOLUTE
    RTE\\Device\\TM4C123GH6PM\\system_TM4C123.c 0x00000000   Number         0  system_tm4c123.o ABSOLUTE
    Sources\\main.c                          0x00000000   Number         0  main.o ABSOLUTE
    Sources\main.c                           0x00000000   Number         0  main.o ABSOLUTE
    dc.s                                     0x00000000   Number         0  dc.o ABSOLUTE
    !!!main                                  0x0000026c   Section        8  __main.o(!!!main)
    !!!scatter                               0x00000274   Section       52  __scatter.o(!!!scatter)
    !!handler_copy                           0x000002a8   Section       26  __scatter_copy.o(!!handler_copy)
    !!handler_zi                             0x000002c4   Section       28  __scatter_zi.o(!!handler_zi)
    .ARM.Collect$$libinit$$00000000          0x000002e0   Section        2  libinit.o(.ARM.Collect$$libinit$$00000000)
    .ARM.Collect$$libinit$$00000001          0x000002e2   Section        4  libinit2.o(.ARM.Collect$$libinit$$00000001)
    .ARM.Collect$$libinit$$00000004          0x000002e6   Section        0  libinit2.o(.ARM.Collect$$libinit$$00000004)
    .ARM.Collect$$libinit$$0000000A          0x000002e6   Section        0  libinit2.o(.ARM.Collect$$libinit$$0000000A)
    .ARM.Collect$$libinit$$0000000C          0x000002e6   Section        0  libinit2.o(.ARM.Collect$$libinit$$0000000C)
    .ARM.Collect$$libinit$$0000000E          0x000002e6   Section        0  libinit2.o(.ARM.Collect$$libinit$$0000000E)
    .ARM.Collect$$libinit$$00000011          0x000002e6   Section        0  libinit2.o(.ARM.Collect$$libinit$$00000011)
    .ARM.Collect$$libinit$$00000013          0x000002e6   Section        0  libinit2.o(.ARM.Collect$$libinit$$00000013)
    .ARM.Collect$$libinit$$00000015          0x000002e6   Section        0  libinit2.o(.ARM.Collect$$libinit$$00000015)
    .ARM.Collect$$libinit$$00000017          0x000002e6   Section        0  libinit2.o(.ARM.Collect$$libinit$$00000017)
    .ARM.Collect$$libinit$$00000019          0x000002e6   Section        0  libinit2.o(.ARM.Collect$$libinit$$00000019)
    .ARM.Collect$$libinit$$0000001B          0x000002e6   Section        0  libinit2.o(.ARM.Collect$$libinit$$0000001B)
    .ARM.Collect$$libinit$$0000001D          0x000002e6   Section        0  libinit2.o(.ARM.Collect$$libinit$$0000001D)
    .ARM.Collect$$libinit$$0000001F          0x000002e6   Section        0  libinit2.o(.ARM.Collect$$libinit$$0000001F)
    .ARM.Collect$$libinit$$00000021          0x000002e6   Section        0  libinit2.o(.ARM.Collect$$libinit$$00000021)
    .ARM.Collect$$libinit$$00000023          0x000002e6   Section        0  libinit2.o(.ARM.Collect$$libinit$$00000023)
    .ARM.Collect$$libinit$$00000025          0x000002e6   Section        0  libinit2.o(.ARM.Collect$$libinit$$00000025)
    .ARM.Collect$$libinit$$0000002C          0x000002e6   Section        0  libinit2.o(.ARM.Collect$$libinit$$0000002C)
    .ARM.Collect$$libinit$$0000002E          0x000002e6   Section        0  libinit2.o(.ARM.Collect$$libinit$$0000002E)
    .ARM.Collect$$libinit$$00000030          0x000002e6   Section        0  libinit2.o(.ARM.Collect$$libinit$$00000030)
    .ARM.Collect$$libinit$$00000032          0x000002e6   Section        0  libinit2.o(.ARM.Collect$$libinit$$00000032)
    .ARM.Collect$$libinit$$00000033          0x000002e6   Section        2  libinit2.o(.ARM.Collect$$libinit$$00000033)
    .ARM.Collect$$libshutdown$$00000000      0x000002e8   Section        2  libshutdown.o(.ARM.Collect$$libshutdown$$00000000)
    .ARM.Collect$$libshutdown$$00000002      0x000002ea   Section        0  libshutdown2.o(.ARM.Collect$$libshutdown$$00000002)
    .ARM.Collect$$libshutdown$$00000004      0x000002ea   Section        0  libshutdown2.o(.ARM.Collect$$libshutdown$$00000004)
    .ARM.Collect$$libshutdown$$00000006      0x000002ea   Section        0  libshutdown2.o(.ARM.Collect$$libshutdown$$00000006)
    .ARM.Collect$$libshutdown$$00000009      0x000002ea   Section        0  libshutdown2.o(.ARM.Collect$$libshutdown$$00000009)
    .ARM.Collect$$libshutdown$$0000000C      0x000002ea   Section        0  libshutdown2.o(.ARM.Collect$$libshutdown$$0000000C)
    .ARM.Collect$$libshutdown$$0000000E      0x000002ea   Section        0  libshutdown2.o(.ARM.Collect$$libshutdown$$0000000E)
    .ARM.Collect$$libshutdown$$00000011      0x000002ea   Section        0  libshutdown2.o(.ARM.Collect$$libshutdown$$00000011)
    .ARM.Collect$$libshutdown$$00000012      0x000002ea   Section        2  libshutdown2.o(.ARM.Collect$$libshutdown$$00000012)
    .ARM.Collect$$rtentry$$00000000          0x000002ec   Section        0  __rtentry.o(.ARM.Collect$$rtentry$$00000000)
    .ARM.Collect$$rtentry$$00000002          0x000002ec   Section        0  __rtentry2.o(.ARM.Collect$$rtentry$$00000002)
    .ARM.Collect$$rtentry$$00000004          0x000002ec   Section        6  __rtentry4.o(.ARM.Collect$$rtentry$$00000004)
    .ARM.Collect$$rtentry$$00000008          0x000002f2   Section        8  __rtentry2.o(.ARM.Collect$$rtentry$$00000008)
    .ARM.Collect$$rtentry$$0000000A          0x000002fa   Section        4  __rtentry2.o(.ARM.Collect$$rtentry$$0000000A)
    .ARM.Collect$$rtentry$$0000000C          0x000002fe   Section        0  __rtentry2.o(.ARM.Collect$$rtentry$$0000000C)
    .ARM.Collect$$rtentry$$0000000D          0x000002fe   Section        8  __rtentry2.o(.ARM.Collect$$rtentry$$0000000D)
    .ARM.Collect$$rtexit$$00000000           0x00000306   Section        2  rtexit.o(.ARM.Collect$$rtexit$$00000000)
    .ARM.Collect$$rtexit$$00000002           0x00000308   Section        0  rtexit2.o(.ARM.Collect$$rtexit$$00000002)
    .ARM.Collect$$rtexit$$00000003           0x00000308   Section        4  rtexit2.o(.ARM.Collect$$rtexit$$00000003)
    .ARM.Collect$$rtexit$$00000004           0x0000030c   Section        6  rtexit2.o(.ARM.Collect$$rtexit$$00000004)
    .emb_text                                0x00000314   Section        6  sysctl.o(.emb_text)
    $v0                                      0x00000314   Number         0  sysctl.o(.emb_text)
    .emb_text                                0x0000031c   Section      190  port.o(.emb_text)
    $v0                                      0x0000031c   Number         0  port.o(.emb_text)
    .text                                    0x000003dc   Section      276  startup_tm4c123.o(.text)
    $v0                                      0x000003dc   Number         0  startup_tm4c123.o(.text)
    .text                                    0x000004f0   Section      138  rt_memcpy_v6.o(.text)
    .text                                    0x0000057a   Section       16  aeabi_memset.o(.text)
    .text                                    0x0000058a   Section        0  heapauxi.o(.text)
    .text                                    0x00000590   Section      100  rt_memcpy_w.o(.text)
    .text                                    0x000005f4   Section       68  rt_memclr.o(.text)
    .text                                    0x00000638   Section       78  rt_memclr_w.o(.text)
    .text                                    0x00000686   Section       74  sys_stackheap_outer.o(.text)
    .text                                    0x000006d0   Section        0  exit.o(.text)
    .text                                    0x000006e4   Section        8  libspace.o(.text)
    .text                                    0x000006ec   Section        0  sys_exit.o(.text)
    .text                                    0x000006f8   Section        2  use_no_semi.o(.text)
    .text                                    0x000006fa   Section        0  indicate_semi.o(.text)
    i.GPIODirModeSet                         0x000006fa   Section        0  gpio.o(i.GPIODirModeSet)
    i.GPIOPadConfigSet                       0x0000072c   Section        0  gpio.o(i.GPIOPadConfigSet)
    i.GPIOPinTypeGPIOOutput                  0x000008b8   Section        0  gpio.o(i.GPIOPinTypeGPIOOutput)
    i.GPIOPinWrite                           0x000008d6   Section        0  gpio.o(i.GPIOPinWrite)
    i.SysCtlClockGet                         0x000008e0   Section        0  sysctl.o(i.SysCtlClockGet)
    i.SysCtlClockSet                         0x00000a4c   Section        0  sysctl.o(i.SysCtlClockSet)
    i.SysCtlPeripheralEnable                 0x00000b78   Section        0  sysctl.o(i.SysCtlPeripheralEnable)
    i.SysTick_Handler                        0x00000bac   Section        0  cmsis_os2.o(i.SysTick_Handler)
    i.SystemInit                             0x00000bc4   Section        0  system_tm4c123.o(i.SystemInit)
    i.Wait                                   0x00000c5c   Section        0  main.o(i.Wait)
    i._mutex_acquire                         0x00000c7e   Section        0  clib_arm.o(i._mutex_acquire)
    __tagsym$$used                           0x00000c7f   Number         0  clib_arm.o(i._mutex_acquire)
    i._mutex_free                            0x00000c94   Section        0  clib_arm.o(i._mutex_free)
    __tagsym$$used                           0x00000c95   Number         0  clib_arm.o(i._mutex_free)
    i._mutex_initialize                      0x00000cc8   Section        0  clib_arm.o(i._mutex_initialize)
    __tagsym$$used                           0x00000cc9   Number         0  clib_arm.o(i._mutex_initialize)
    i._mutex_release                         0x00000d28   Section        0  clib_arm.o(i._mutex_release)
    __tagsym$$used                           0x00000d29   Number         0  clib_arm.o(i._mutex_release)
    i._platform_post_stackheap_init          0x00000d40   Section        0  clib_arm.o(i._platform_post_stackheap_init)
    i.main                                   0x00000d44   Section        0  main.o(i.main)
    i.os_kernel_is_active                    0x00000d94   Section        0  clib_arm.o(i.os_kernel_is_active)
    os_kernel_is_active                      0x00000d95   Thumb Code    32  clib_arm.o(i.os_kernel_is_active)
    i.prvAddCurrentTaskToDelayedList         0x00000db8   Section        0  tasks.o(i.prvAddCurrentTaskToDelayedList)
    prvAddCurrentTaskToDelayedList           0x00000db9   Thumb Code   100  tasks.o(i.prvAddCurrentTaskToDelayedList)
    i.prvAddNewTaskToReadyList               0x00000e34   Section        0  tasks.o(i.prvAddNewTaskToReadyList)
    prvAddNewTaskToReadyList                 0x00000e35   Thumb Code   154  tasks.o(i.prvAddNewTaskToReadyList)
    i.prvCheckForValidListAndQueue           0x00000eec   Section        0  timers.o(i.prvCheckForValidListAndQueue)
    prvCheckForValidListAndQueue             0x00000eed   Thumb Code    62  timers.o(i.prvCheckForValidListAndQueue)
    i.prvCheckTasksWaitingTermination        0x00000f48   Section        0  tasks.o(i.prvCheckTasksWaitingTermination)
    prvCheckTasksWaitingTermination          0x00000f49   Thumb Code    60  tasks.o(i.prvCheckTasksWaitingTermination)
    i.prvCopyDataFromQueue                   0x00000f90   Section        0  queue.o(i.prvCopyDataFromQueue)
    prvCopyDataFromQueue                     0x00000f91   Thumb Code    42  queue.o(i.prvCopyDataFromQueue)
    i.prvCopyDataToQueue                     0x00000fba   Section        0  queue.o(i.prvCopyDataToQueue)
    prvCopyDataToQueue                       0x00000fbb   Thumb Code   126  queue.o(i.prvCopyDataToQueue)
    i.prvDeleteTCB                           0x00001038   Section        0  tasks.o(i.prvDeleteTCB)
    prvDeleteTCB                             0x00001039   Thumb Code    40  tasks.o(i.prvDeleteTCB)
    i.prvGetDisinheritPriorityAfterTimeout   0x00001060   Section        0  queue.o(i.prvGetDisinheritPriorityAfterTimeout)
    prvGetDisinheritPriorityAfterTimeout     0x00001061   Thumb Code    20  queue.o(i.prvGetDisinheritPriorityAfterTimeout)
    i.prvGetNextExpireTime                   0x00001074   Section        0  timers.o(i.prvGetNextExpireTime)
    prvGetNextExpireTime                     0x00001075   Thumb Code    36  timers.o(i.prvGetNextExpireTime)
    i.prvIdleTask                            0x0000109c   Section        0  tasks.o(i.prvIdleTask)
    prvIdleTask                              0x0000109d   Thumb Code    32  tasks.o(i.prvIdleTask)
    i.prvInitialiseMutex                     0x000010c4   Section        0  queue.o(i.prvInitialiseMutex)
    prvInitialiseMutex                       0x000010c5   Thumb Code    30  queue.o(i.prvInitialiseMutex)
    i.prvInitialiseNewQueue                  0x000010e2   Section        0  queue.o(i.prvInitialiseNewQueue)
    prvInitialiseNewQueue                    0x000010e3   Thumb Code    42  queue.o(i.prvInitialiseNewQueue)
    i.prvInitialiseNewTask                   0x0000110c   Section        0  tasks.o(i.prvInitialiseNewTask)
    prvInitialiseNewTask                     0x0000110d   Thumb Code   154  tasks.o(i.prvInitialiseNewTask)
    i.prvInitialiseTaskLists                 0x000011a8   Section        0  tasks.o(i.prvInitialiseTaskLists)
    prvInitialiseTaskLists                   0x000011a9   Thumb Code    70  tasks.o(i.prvInitialiseTaskLists)
    i.prvInsertTimerInActiveList             0x00001210   Section        0  timers.o(i.prvInsertTimerInActiveList)
    prvInsertTimerInActiveList               0x00001211   Thumb Code    80  timers.o(i.prvInsertTimerInActiveList)
    i.prvIsQueueEmpty                        0x00001268   Section        0  queue.o(i.prvIsQueueEmpty)
    prvIsQueueEmpty                          0x00001269   Thumb Code    26  queue.o(i.prvIsQueueEmpty)
    i.prvIsQueueFull                         0x00001282   Section        0  queue.o(i.prvIsQueueFull)
    prvIsQueueFull                           0x00001283   Thumb Code    30  queue.o(i.prvIsQueueFull)
    i.prvProcessExpiredTimer                 0x000012a0   Section        0  timers.o(i.prvProcessExpiredTimer)
    prvProcessExpiredTimer                   0x000012a1   Thumb Code    86  timers.o(i.prvProcessExpiredTimer)
    i.prvProcessReceivedCommands             0x000012fc   Section        0  timers.o(i.prvProcessReceivedCommands)
    prvProcessReceivedCommands               0x000012fd   Thumb Code   264  timers.o(i.prvProcessReceivedCommands)
    i.prvProcessTimerOrBlockTask             0x00001408   Section        0  timers.o(i.prvProcessTimerOrBlockTask)
    prvProcessTimerOrBlockTask               0x00001409   Thumb Code   102  timers.o(i.prvProcessTimerOrBlockTask)
    i.prvResetNextTaskUnblockTime            0x0000147c   Section        0  tasks.o(i.prvResetNextTaskUnblockTime)
    prvResetNextTaskUnblockTime              0x0000147d   Thumb Code    42  tasks.o(i.prvResetNextTaskUnblockTime)
    i.prvSampleTimeNow                       0x000014b0   Section        0  timers.o(i.prvSampleTimeNow)
    prvSampleTimeNow                         0x000014b1   Thumb Code    40  timers.o(i.prvSampleTimeNow)
    i.prvSwitchTimerLists                    0x000014dc   Section        0  timers.o(i.prvSwitchTimerLists)
    prvSwitchTimerLists                      0x000014dd   Thumb Code   126  timers.o(i.prvSwitchTimerLists)
    i.prvTaskExitError                       0x00001564   Section        0  port.o(i.prvTaskExitError)
    prvTaskExitError                         0x00001565   Thumb Code    22  port.o(i.prvTaskExitError)
    i.prvTimerTask                           0x0000157a   Section        0  timers.o(i.prvTimerTask)
    prvTimerTask                             0x0000157b   Thumb Code    26  timers.o(i.prvTimerTask)
    i.prvUnlockQueue                         0x00001594   Section        0  queue.o(i.prvUnlockQueue)
    prvUnlockQueue                           0x00001595   Thumb Code   126  queue.o(i.prvUnlockQueue)
    i.pvPortMalloc                           0x00001614   Section        0  heap_1.o(i.pvPortMalloc)
    i.pvTaskIncrementMutexHeldCount          0x00001684   Section        0  tasks.o(i.pvTaskIncrementMutexHeldCount)
    i.pxPortInitialiseStack                  0x000016a4   Section        0  port.o(i.pxPortInitialiseStack)
    i.uxListRemove                           0x000016d0   Section        0  list.o(i.uxListRemove)
    i.vApplicationGetIdleTaskMemory          0x000016f8   Section        0  cmsis_os2.o(i.vApplicationGetIdleTaskMemory)
    i.vApplicationGetTimerTaskMemory         0x00001710   Section        0  cmsis_os2.o(i.vApplicationGetTimerTaskMemory)
    i.vApplicationStackOverflowHook          0x00001728   Section        0  cmsis_os2.o(i.vApplicationStackOverflowHook)
    i.vListInitialise                        0x0000172a   Section        0  list.o(i.vListInitialise)
    i.vListInitialiseItem                    0x00001744   Section        0  list.o(i.vListInitialiseItem)
    i.vListInsert                            0x0000174a   Section        0  list.o(i.vListInsert)
    i.vListInsertEnd                         0x0000177e   Section        0  list.o(i.vListInsertEnd)
    i.vPeriodicTask                          0x00001798   Section        0  main.o(i.vPeriodicTask)
    i.vPortEnterCritical                     0x000017ec   Section        0  port.o(i.vPortEnterCritical)
    i.vPortExitCritical                      0x00001810   Section        0  port.o(i.vPortExitCritical)
    i.vPortFree                              0x00001830   Section        0  heap_1.o(i.vPortFree)
    i.vPortSetupTimerInterrupt               0x00001834   Section        0  port.o(i.vPortSetupTimerInterrupt)
    i.vQueueDelete                           0x0000185c   Section        0  queue.o(i.vQueueDelete)
    i.vQueueWaitForMessageRestricted         0x00001870   Section        0  queue.o(i.vQueueWaitForMessageRestricted)
    i.vTaskDelayUntil                        0x000018bc   Section        0  tasks.o(i.vTaskDelayUntil)
    i.vTaskInternalSetTimeOutState           0x00001930   Section        0  tasks.o(i.vTaskInternalSetTimeOutState)
    i.vTaskMissedYield                       0x00001948   Section        0  tasks.o(i.vTaskMissedYield)
    i.vTaskPlaceOnEventList                  0x00001954   Section        0  tasks.o(i.vTaskPlaceOnEventList)
    i.vTaskPlaceOnEventListRestricted        0x00001974   Section        0  tasks.o(i.vTaskPlaceOnEventListRestricted)
    i.vTaskPriorityDisinheritAfterTimeout    0x0000199c   Section        0  tasks.o(i.vTaskPriorityDisinheritAfterTimeout)
    i.vTaskStartScheduler                    0x00001a28   Section        0  tasks.o(i.vTaskStartScheduler)
    i.vTaskSuspendAll                        0x00001abc   Section        0  tasks.o(i.vTaskSuspendAll)
    i.vTaskSwitchContext                     0x00001acc   Section        0  tasks.o(i.vTaskSwitchContext)
    i.xPortStartScheduler                    0x00001b7c   Section        0  port.o(i.xPortStartScheduler)
    i.xPortSysTickHandler                    0x00001bc4   Section        0  port.o(i.xPortSysTickHandler)
    i.xQueueCreateMutex                      0x00001bf8   Section        0  queue.o(i.xQueueCreateMutex)
    i.xQueueCreateMutexStatic                0x00001c1a   Section        0  queue.o(i.xQueueCreateMutexStatic)
    i.xQueueGenericCreate                    0x00001c44   Section        0  queue.o(i.xQueueGenericCreate)
    i.xQueueGenericCreateStatic              0x00001c7e   Section        0  queue.o(i.xQueueGenericCreateStatic)
    i.xQueueGenericReset                     0x00001cac   Section        0  queue.o(i.xQueueGenericReset)
    i.xQueueGenericSend                      0x00001d2c   Section        0  queue.o(i.xQueueGenericSend)
    i.xQueueGenericSendFromISR               0x00001e44   Section        0  queue.o(i.xQueueGenericSendFromISR)
    i.xQueueReceive                          0x00001ed0   Section        0  queue.o(i.xQueueReceive)
    i.xQueueSemaphoreTake                    0x00001fd4   Section        0  queue.o(i.xQueueSemaphoreTake)
    i.xTaskCheckForTimeOut                   0x00002104   Section        0  tasks.o(i.xTaskCheckForTimeOut)
    i.xTaskCreate                            0x00002160   Section        0  tasks.o(i.xTaskCreate)
    i.xTaskCreateStatic                      0x000021c4   Section        0  tasks.o(i.xTaskCreateStatic)
    i.xTaskGetSchedulerState                 0x00002214   Section        0  tasks.o(i.xTaskGetSchedulerState)
    i.xTaskGetTickCount                      0x00002234   Section        0  tasks.o(i.xTaskGetTickCount)
    i.xTaskIncrementTick                     0x00002240   Section        0  tasks.o(i.xTaskIncrementTick)
    i.xTaskPriorityDisinherit                0x00002358   Section        0  tasks.o(i.xTaskPriorityDisinherit)
    i.xTaskPriorityInherit                   0x000023b8   Section        0  tasks.o(i.xTaskPriorityInherit)
    i.xTaskRemoveFromEventList               0x0000245c   Section        0  tasks.o(i.xTaskRemoveFromEventList)
    i.xTaskResumeAll                         0x000024dc   Section        0  tasks.o(i.xTaskResumeAll)
    i.xTimerCreateTimerTask                  0x000025c4   Section        0  timers.o(i.xTimerCreateTimerTask)
    i.xTimerGenericCommand                   0x00002624   Section        0  timers.o(i.xTimerGenericCommand)
    x$fpl$fpinit                             0x00002690   Section       10  fpinit.o(x$fpl$fpinit)
    $v0                                      0x00002690   Number         0  fpinit.o(x$fpl$fpinit)
    .constdata                               0x0000269c   Section      596  sysctl.o(.constdata)
    g_pui32Xtals                             0x0000269c   Data         108  sysctl.o(.constdata)
    g_pppui32XTALtoVCO                       0x00002708   Data         432  sysctl.o(.constdata)
    g_sXTALtoMEMTIM                          0x000028b8   Data          48  sysctl.o(.constdata)
    g_pui32VCOFrequencies                    0x000028e8   Data           8  sysctl.o(.constdata)
    .data                                    0x20000000   Section        1  clib_arm.o(.data)
    os_kernel_active                         0x20000000   Data           1  clib_arm.o(.data)
    .data                                    0x20000004   Section        4  system_tm4c123.o(.data)
    .data                                    0x20000008   Section        8  heap_1.o(.data)
    xNextFreeByte                            0x20000008   Data           4  heap_1.o(.data)
    pucAlignedHeap                           0x2000000c   Data           4  heap_1.o(.data)
    .data                                    0x20000010   Section       60  tasks.o(.data)
    pxDelayedTaskList                        0x20000014   Data           4  tasks.o(.data)
    pxOverflowDelayedTaskList                0x20000018   Data           4  tasks.o(.data)
    uxDeletedTasksWaitingCleanUp             0x2000001c   Data           4  tasks.o(.data)
    uxCurrentNumberOfTasks                   0x20000020   Data           4  tasks.o(.data)
    xTickCount                               0x20000024   Data           4  tasks.o(.data)
    uxTopReadyPriority                       0x20000028   Data           4  tasks.o(.data)
    xSchedulerRunning                        0x2000002c   Data           4  tasks.o(.data)
    xPendedTicks                             0x20000030   Data           4  tasks.o(.data)
    xYieldPending                            0x20000034   Data           4  tasks.o(.data)
    xNumOfOverflows                          0x20000038   Data           4  tasks.o(.data)
    uxTaskNumber                             0x2000003c   Data           4  tasks.o(.data)
    xNextTaskUnblockTime                     0x20000040   Data           4  tasks.o(.data)
    xIdleTaskHandle                          0x20000044   Data           4  tasks.o(.data)
    uxSchedulerSuspended                     0x20000048   Data           4  tasks.o(.data)
    .data                                    0x2000004c   Section       20  timers.o(.data)
    pxCurrentTimerList                       0x2000004c   Data           4  timers.o(.data)
    pxOverflowTimerList                      0x20000050   Data           4  timers.o(.data)
    xTimerQueue                              0x20000054   Data           4  timers.o(.data)
    xTimerTaskHandle                         0x20000058   Data           4  timers.o(.data)
    xLastTime                                0x2000005c   Data           4  timers.o(.data)
    .data                                    0x20000060   Section        4  port.o(.data)
    uxCriticalNesting                        0x20000060   Data           4  port.o(.data)
    .bss                                     0x20000064   Section      916  clib_arm.o(.bss)
    os_libspace                              0x20000064   Data         480  clib_arm.o(.bss)
    os_libspace_id                           0x20000244   Data          16  clib_arm.o(.bss)
    clib_mutex_cb                            0x20000254   Data         400  clib_arm.o(.bss)
    clib_mutex_id                            0x200003e4   Data          20  clib_arm.o(.bss)
    .bss                                     0x200003f8   Section     1016  cmsis_os2.o(.bss)
    Idle_TCB                                 0x200003f8   Data          92  cmsis_os2.o(.bss)
    Idle_Stack                               0x20000454   Data         512  cmsis_os2.o(.bss)
    Timer_TCB                                0x20000654   Data          92  cmsis_os2.o(.bss)
    Timer_Stack                              0x200006b0   Data         320  cmsis_os2.o(.bss)
    .bss                                     0x200007f0   Section     8192  heap_1.o(.bss)
    ucHeap                                   0x200007f0   Data        8192  heap_1.o(.bss)
    .bss                                     0x200027f0   Section     1220  tasks.o(.bss)
    pxReadyTasksLists                        0x200027f0   Data        1120  tasks.o(.bss)
    xDelayedTaskList1                        0x20002c50   Data          20  tasks.o(.bss)
    xDelayedTaskList2                        0x20002c64   Data          20  tasks.o(.bss)
    xPendingReadyList                        0x20002c78   Data          20  tasks.o(.bss)
    xTasksWaitingTermination                 0x20002c8c   Data          20  tasks.o(.bss)
    xSuspendedTaskList                       0x20002ca0   Data          20  tasks.o(.bss)
    .bss                                     0x20002cb4   Section      200  timers.o(.bss)
    xActiveTimerList1                        0x20002cb4   Data          20  timers.o(.bss)
    xActiveTimerList2                        0x20002cc8   Data          20  timers.o(.bss)
    xStaticTimerQueue                        0x20002cdc   Data          80  timers.o(.bss)
    ucStaticTimerQueueStorage                0x20002d2c   Data          80  timers.o(.bss)
    .bss                                     0x20002d7c   Section       96  libspace.o(.bss)
    HEAP                                     0x20002de0   Section        0  startup_tm4c123.o(HEAP)
    STACK                                    0x20002de0   Section      512  startup_tm4c123.o(STACK)
    Heap_Mem                                 0x20002de0   Data           0  startup_tm4c123.o(HEAP)
    Stack_Mem                                0x20002de0   Data         512  startup_tm4c123.o(STACK)
    __initial_sp                             0x20002fe0   Data           0  startup_tm4c123.o(STACK)

    Global Symbols

    Symbol Name                              Value     Ov Type        Size  Object(Section)

    BuildAttributes$$THM_ISAv4$E$P$D$K$B$S$7EM$VFPi3$EXTD16$VFPS$VFMA$PE$A:L22UL41UL21$X:L11$S22US41US21$IEEE1$IW$USESV6$~STKCKD$USESV7$~SHL$OSPACE$ROPI$EBA8$UX$STANDARDLIB$REQ8$PRES8$EABIv2 0x00000000   Number         0  anon$$obj.o ABSOLUTE
    __ARM_use_no_argv                        0x00000000   Number         0  main.o ABSOLUTE
    __Vectors                                0x00000000   Data           4  startup_tm4c123.o(RESET)
    __ARM_exceptions_init                     - Undefined Weak Reference
    __alloca_initialize                       - Undefined Weak Reference
    __arm_fini_                               - Undefined Weak Reference
    __arm_preinit_                            - Undefined Weak Reference
    __cpp_initialize__aeabi_                  - Undefined Weak Reference
    __cxa_finalize                            - Undefined Weak Reference
    __rt_locale                               - Undefined Weak Reference
    __sigvec_lookup                           - Undefined Weak Reference
    _atexit_init                              - Undefined Weak Reference
    _call_atexit_fns                          - Undefined Weak Reference
    _clock_init                               - Undefined Weak Reference
    _fp_trap_init                             - Undefined Weak Reference
    _fp_trap_shutdown                         - Undefined Weak Reference
    _get_lc_collate                           - Undefined Weak Reference
    _get_lc_ctype                             - Undefined Weak Reference
    _get_lc_monetary                          - Undefined Weak Reference
    _get_lc_numeric                           - Undefined Weak Reference
    _get_lc_time                              - Undefined Weak Reference
    _getenv_init                              - Undefined Weak Reference
    _handle_redirection                       - Undefined Weak Reference
    _init_alloc                               - Undefined Weak Reference
    _init_user_alloc                          - Undefined Weak Reference
    _initio                                   - Undefined Weak Reference
    _rand_init                                - Undefined Weak Reference
    _signal_finish                            - Undefined Weak Reference
    _signal_init                              - Undefined Weak Reference
    _terminate_alloc                          - Undefined Weak Reference
    _terminate_user_alloc                     - Undefined Weak Reference
    _terminateio                              - Undefined Weak Reference
    __Vectors_End                            0x0000026c   Data           0  startup_tm4c123.o(RESET)
    __Vectors_Size                           0x0000026c   Number         0  startup_tm4c123.o ABSOLUTE
    __main                                   0x0000026d   Thumb Code     8  __main.o(!!!main)
    __scatterload                            0x00000275   Thumb Code     0  __scatter.o(!!!scatter)
    __scatterload_rt2                        0x00000275   Thumb Code    44  __scatter.o(!!!scatter)
    __scatterload_rt2_thumb_only             0x00000275   Thumb Code     0  __scatter.o(!!!scatter)
    __scatterload_null                       0x00000283   Thumb Code     0  __scatter.o(!!!scatter)
    __scatterload_copy                       0x000002a9   Thumb Code    26  __scatter_copy.o(!!handler_copy)
    __scatterload_zeroinit                   0x000002c5   Thumb Code    28  __scatter_zi.o(!!handler_zi)
    __rt_lib_init                            0x000002e1   Thumb Code     0  libinit.o(.ARM.Collect$$libinit$$00000000)
    __rt_lib_init_fp_1                       0x000002e3   Thumb Code     0  libinit2.o(.ARM.Collect$$libinit$$00000001)
    __rt_lib_init_alloca_1                   0x000002e7   Thumb Code     0  libinit2.o(.ARM.Collect$$libinit$$0000002E)
    __rt_lib_init_argv_1                     0x000002e7   Thumb Code     0  libinit2.o(.ARM.Collect$$libinit$$0000002C)
    __rt_lib_init_atexit_1                   0x000002e7   Thumb Code     0  libinit2.o(.ARM.Collect$$libinit$$0000001B)
    __rt_lib_init_clock_1                    0x000002e7   Thumb Code     0  libinit2.o(.ARM.Collect$$libinit$$00000021)
    __rt_lib_init_cpp_1                      0x000002e7   Thumb Code     0  libinit2.o(.ARM.Collect$$libinit$$00000032)
    __rt_lib_init_exceptions_1               0x000002e7   Thumb Code     0  libinit2.o(.ARM.Collect$$libinit$$00000030)
    __rt_lib_init_fp_trap_1                  0x000002e7   Thumb Code     0  libinit2.o(.ARM.Collect$$libinit$$0000001F)
    __rt_lib_init_getenv_1                   0x000002e7   Thumb Code     0  libinit2.o(.ARM.Collect$$libinit$$00000023)
    __rt_lib_init_heap_1                     0x000002e7   Thumb Code     0  libinit2.o(.ARM.Collect$$libinit$$0000000A)
    __rt_lib_init_lc_collate_1               0x000002e7   Thumb Code     0  libinit2.o(.ARM.Collect$$libinit$$00000011)
    __rt_lib_init_lc_ctype_1                 0x000002e7   Thumb Code     0  libinit2.o(.ARM.Collect$$libinit$$00000013)
    __rt_lib_init_lc_monetary_1              0x000002e7   Thumb Code     0  libinit2.o(.ARM.Collect$$libinit$$00000015)
    __rt_lib_init_lc_numeric_1               0x000002e7   Thumb Code     0  libinit2.o(.ARM.Collect$$libinit$$00000017)
    __rt_lib_init_lc_time_1                  0x000002e7   Thumb Code     0  libinit2.o(.ARM.Collect$$libinit$$00000019)
    __rt_lib_init_preinit_1                  0x000002e7   Thumb Code     0  libinit2.o(.ARM.Collect$$libinit$$00000004)
    __rt_lib_init_rand_1                     0x000002e7   Thumb Code     0  libinit2.o(.ARM.Collect$$libinit$$0000000E)
    __rt_lib_init_return                     0x000002e7   Thumb Code     0  libinit2.o(.ARM.Collect$$libinit$$00000033)
    __rt_lib_init_signal_1                   0x000002e7   Thumb Code     0  libinit2.o(.ARM.Collect$$libinit$$0000001D)
    __rt_lib_init_stdio_1                    0x000002e7   Thumb Code     0  libinit2.o(.ARM.Collect$$libinit$$00000025)
    __rt_lib_init_user_alloc_1               0x000002e7   Thumb Code     0  libinit2.o(.ARM.Collect$$libinit$$0000000C)
    __rt_lib_shutdown                        0x000002e9   Thumb Code     0  libshutdown.o(.ARM.Collect$$libshutdown$$00000000)
    __rt_lib_shutdown_cpp_1                  0x000002eb   Thumb Code     0  libshutdown2.o(.ARM.Collect$$libshutdown$$00000004)
    __rt_lib_shutdown_fini_1                 0x000002eb   Thumb Code     0  libshutdown2.o(.ARM.Collect$$libshutdown$$00000002)
    __rt_lib_shutdown_fp_trap_1              0x000002eb   Thumb Code     0  libshutdown2.o(.ARM.Collect$$libshutdown$$00000009)
    __rt_lib_shutdown_heap_1                 0x000002eb   Thumb Code     0  libshutdown2.o(.ARM.Collect$$libshutdown$$00000011)
    __rt_lib_shutdown_return                 0x000002eb   Thumb Code     0  libshutdown2.o(.ARM.Collect$$libshutdown$$00000012)
    __rt_lib_shutdown_signal_1               0x000002eb   Thumb Code     0  libshutdown2.o(.ARM.Collect$$libshutdown$$0000000C)
    __rt_lib_shutdown_stdio_1                0x000002eb   Thumb Code     0  libshutdown2.o(.ARM.Collect$$libshutdown$$00000006)
    __rt_lib_shutdown_user_alloc_1           0x000002eb   Thumb Code     0  libshutdown2.o(.ARM.Collect$$libshutdown$$0000000E)
    __rt_entry                               0x000002ed   Thumb Code     0  __rtentry.o(.ARM.Collect$$rtentry$$00000000)
    __rt_entry_presh_1                       0x000002ed   Thumb Code     0  __rtentry2.o(.ARM.Collect$$rtentry$$00000002)
    __rt_entry_sh                            0x000002ed   Thumb Code     0  __rtentry4.o(.ARM.Collect$$rtentry$$00000004)
    __rt_entry_postsh_1                      0x000002f3   Thumb Code     0  __rtentry2.o(.ARM.Collect$$rtentry$$00000008)
    __rt_entry_li                            0x000002fb   Thumb Code     0  __rtentry2.o(.ARM.Collect$$rtentry$$0000000A)
    __rt_entry_main                          0x000002ff   Thumb Code     0  __rtentry2.o(.ARM.Collect$$rtentry$$0000000D)
    __rt_entry_postli_1                      0x000002ff   Thumb Code     0  __rtentry2.o(.ARM.Collect$$rtentry$$0000000C)
    __rt_exit                                0x00000307   Thumb Code     0  rtexit.o(.ARM.Collect$$rtexit$$00000000)
    __rt_exit_ls                             0x00000309   Thumb Code     0  rtexit2.o(.ARM.Collect$$rtexit$$00000003)
    __rt_exit_prels_1                        0x00000309   Thumb Code     0  rtexit2.o(.ARM.Collect$$rtexit$$00000002)
    __rt_exit_exit                           0x0000030d   Thumb Code     0  rtexit2.o(.ARM.Collect$$rtexit$$00000004)
    SysCtlDelay                              0x00000315   Thumb Code     6  sysctl.o(.emb_text)
    SVC_Handler                              0x0000031d   Thumb Code    28  port.o(.emb_text)
    __asm___6_port_c_39a90d8d__prvStartFirstTask 0x0000033d   Thumb Code    36  port.o(.emb_text)
    __asm___6_port_c_39a90d8d__prvEnableVFP  0x00000365   Thumb Code    16  port.o(.emb_text)
    PendSV_Handler                           0x00000379   Thumb Code    88  port.o(.emb_text)
    vPortGetIPSR                             0x000003d5   Thumb Code     6  port.o(.emb_text)
    Reset_Handler                            0x000003dd   Thumb Code     8  startup_tm4c123.o(.text)
    NMI_Handler                              0x000003e5   Thumb Code     2  startup_tm4c123.o(.text)
    HardFault_Handler                        0x000003e7   Thumb Code     2  startup_tm4c123.o(.text)
    MemManage_Handler                        0x000003e9   Thumb Code     2  startup_tm4c123.o(.text)
    BusFault_Handler                         0x000003eb   Thumb Code     2  startup_tm4c123.o(.text)
    UsageFault_Handler                       0x000003ed   Thumb Code     2  startup_tm4c123.o(.text)
    DebugMon_Handler                         0x000003f1   Thumb Code     2  startup_tm4c123.o(.text)
    GPIOA_Handler                            0x000003f7   Thumb Code     2  startup_tm4c123.o(.text)
    GPIOB_Handler                            0x000003f9   Thumb Code     2  startup_tm4c123.o(.text)
    GPIOC_Handler                            0x000003fb   Thumb Code     2  startup_tm4c123.o(.text)
    GPIOD_Handler                            0x000003fd   Thumb Code     2  startup_tm4c123.o(.text)
    GPIOE_Handler                            0x000003ff   Thumb Code     2  startup_tm4c123.o(.text)
    UART0_Handler                            0x00000401   Thumb Code     2  startup_tm4c123.o(.text)
    UART1_Handler                            0x00000403   Thumb Code     2  startup_tm4c123.o(.text)
    SSI0_Handler                             0x00000405   Thumb Code     2  startup_tm4c123.o(.text)
    I2C0_Handler                             0x00000407   Thumb Code     2  startup_tm4c123.o(.text)
    PMW0_FAULT_Handler                       0x00000409   Thumb Code     2  startup_tm4c123.o(.text)
    PWM0_0_Handler                           0x0000040b   Thumb Code     2  startup_tm4c123.o(.text)
    PWM0_1_Handler                           0x0000040d   Thumb Code     2  startup_tm4c123.o(.text)
    PWM0_2_Handler                           0x0000040f   Thumb Code     2  startup_tm4c123.o(.text)
    QEI0_Handler                             0x00000411   Thumb Code     2  startup_tm4c123.o(.text)
    ADC0SS0_Handler                          0x00000413   Thumb Code     2  startup_tm4c123.o(.text)
    ADC0SS1_Handler                          0x00000415   Thumb Code     2  startup_tm4c123.o(.text)
    ADC0SS2_Handler                          0x00000417   Thumb Code     2  startup_tm4c123.o(.text)
    ADC0SS3_Handler                          0x00000419   Thumb Code     2  startup_tm4c123.o(.text)
    WDT0_Handler                             0x0000041b   Thumb Code     2  startup_tm4c123.o(.text)
    TIMER0A_Handler                          0x0000041d   Thumb Code     2  startup_tm4c123.o(.text)
    TIMER0B_Handler                          0x0000041f   Thumb Code     2  startup_tm4c123.o(.text)
    TIMER1A_Handler                          0x00000421   Thumb Code     2  startup_tm4c123.o(.text)
    TIMER1B_Handler                          0x00000423   Thumb Code     2  startup_tm4c123.o(.text)
    TIMER2A_Handler                          0x00000425   Thumb Code     2  startup_tm4c123.o(.text)
    TIMER2B_Handler                          0x00000427   Thumb Code     2  startup_tm4c123.o(.text)
    COMP0_Handler                            0x00000429   Thumb Code     2  startup_tm4c123.o(.text)
    COMP1_Handler                            0x0000042b   Thumb Code     2  startup_tm4c123.o(.text)
    COMP2_Handler                            0x0000042d   Thumb Code     2  startup_tm4c123.o(.text)
    SYSCTL_Handler                           0x0000042f   Thumb Code     2  startup_tm4c123.o(.text)
    FLASH_Handler                            0x00000431   Thumb Code     2  startup_tm4c123.o(.text)
    GPIOF_Handler                            0x00000433   Thumb Code     2  startup_tm4c123.o(.text)
    GPIOG_Handler                            0x00000435   Thumb Code     2  startup_tm4c123.o(.text)
    GPIOH_Handler                            0x00000437   Thumb Code     2  startup_tm4c123.o(.text)
    UART2_Handler                            0x00000439   Thumb Code     2  startup_tm4c123.o(.text)
    SSI1_Handler                             0x0000043b   Thumb Code     2  startup_tm4c123.o(.text)
    TIMER3A_Handler                          0x0000043d   Thumb Code     2  startup_tm4c123.o(.text)
    TIMER3B_Handler                          0x0000043f   Thumb Code     2  startup_tm4c123.o(.text)
    I2C1_Handler                             0x00000441   Thumb Code     2  startup_tm4c123.o(.text)
    QEI1_Handler                             0x00000443   Thumb Code     2  startup_tm4c123.o(.text)
    CAN0_Handler                             0x00000445   Thumb Code     2  startup_tm4c123.o(.text)
    CAN1_Handler                             0x00000447   Thumb Code     2  startup_tm4c123.o(.text)
    CAN2_Handler                             0x00000449   Thumb Code     2  startup_tm4c123.o(.text)
    HIB_Handler                              0x0000044b   Thumb Code     2  startup_tm4c123.o(.text)
    USB0_Handler                             0x0000044d   Thumb Code     2  startup_tm4c123.o(.text)
    PWM0_3_Handler                           0x0000044f   Thumb Code     2  startup_tm4c123.o(.text)
    UDMA_Handler                             0x00000451   Thumb Code     2  startup_tm4c123.o(.text)
    UDMAERR_Handler                          0x00000453   Thumb Code     2  startup_tm4c123.o(.text)
    ADC1SS0_Handler                          0x00000455   Thumb Code     2  startup_tm4c123.o(.text)
    ADC1SS1_Handler                          0x00000457   Thumb Code     2  startup_tm4c123.o(.text)
    ADC1SS2_Handler                          0x00000459   Thumb Code     2  startup_tm4c123.o(.text)
    ADC1SS3_Handler                          0x0000045b   Thumb Code     2  startup_tm4c123.o(.text)
    GPIOJ_Handler                            0x0000045d   Thumb Code     2  startup_tm4c123.o(.text)
    GPIOK_Handler                            0x0000045f   Thumb Code     2  startup_tm4c123.o(.text)
    GPIOL_Handler                            0x00000461   Thumb Code     2  startup_tm4c123.o(.text)
    SSI2_Handler                             0x00000463   Thumb Code     2  startup_tm4c123.o(.text)
    SSI3_Handler                             0x00000465   Thumb Code     2  startup_tm4c123.o(.text)
    UART3_Handler                            0x00000467   Thumb Code     2  startup_tm4c123.o(.text)
    UART4_Handler                            0x00000469   Thumb Code     2  startup_tm4c123.o(.text)
    UART5_Handler                            0x0000046b   Thumb Code     2  startup_tm4c123.o(.text)
    UART6_Handler                            0x0000046d   Thumb Code     2  startup_tm4c123.o(.text)
    UART7_Handler                            0x0000046f   Thumb Code     2  startup_tm4c123.o(.text)
    I2C2_Handler                             0x00000471   Thumb Code     2  startup_tm4c123.o(.text)
    I2C3_Handler                             0x00000473   Thumb Code     2  startup_tm4c123.o(.text)
    TIMER4A_Handler                          0x00000475   Thumb Code     2  startup_tm4c123.o(.text)
    TIMER4B_Handler                          0x00000477   Thumb Code     2  startup_tm4c123.o(.text)
    TIMER5A_Handler                          0x00000479   Thumb Code     2  startup_tm4c123.o(.text)
    TIMER5B_Handler                          0x0000047b   Thumb Code     2  startup_tm4c123.o(.text)
    WTIMER0A_Handler                         0x0000047d   Thumb Code     2  startup_tm4c123.o(.text)
    WTIMER0B_Handler                         0x0000047f   Thumb Code     2  startup_tm4c123.o(.text)
    WTIMER1A_Handler                         0x00000481   Thumb Code     2  startup_tm4c123.o(.text)
    WTIMER1B_Handler                         0x00000483   Thumb Code     2  startup_tm4c123.o(.text)
    WTIMER2A_Handler                         0x00000485   Thumb Code     2  startup_tm4c123.o(.text)
    WTIMER2B_Handler                         0x00000487   Thumb Code     2  startup_tm4c123.o(.text)
    WTIMER3A_Handler                         0x00000489   Thumb Code     2  startup_tm4c123.o(.text)
    WTIMER3B_Handler                         0x0000048b   Thumb Code     2  startup_tm4c123.o(.text)
    WTIMER4A_Handler                         0x0000048d   Thumb Code     2  startup_tm4c123.o(.text)
    WTIMER4B_Handler                         0x0000048f   Thumb Code     2  startup_tm4c123.o(.text)
    WTIMER5A_Handler                         0x00000491   Thumb Code     2  startup_tm4c123.o(.text)
    WTIMER5B_Handler                         0x00000493   Thumb Code     2  startup_tm4c123.o(.text)
    FPU_Handler                              0x00000495   Thumb Code     2  startup_tm4c123.o(.text)
    I2C4_Handler                             0x00000497   Thumb Code     2  startup_tm4c123.o(.text)
    I2C5_Handler                             0x00000499   Thumb Code     2  startup_tm4c123.o(.text)
    GPIOM_Handler                            0x0000049b   Thumb Code     2  startup_tm4c123.o(.text)
    GPION_Handler                            0x0000049d   Thumb Code     2  startup_tm4c123.o(.text)
    QEI2_Handler                             0x0000049f   Thumb Code     2  startup_tm4c123.o(.text)
    GPIOP0_Handler                           0x000004a1   Thumb Code     2  startup_tm4c123.o(.text)
    GPIOP1_Handler                           0x000004a3   Thumb Code     2  startup_tm4c123.o(.text)
    GPIOP2_Handler                           0x000004a5   Thumb Code     2  startup_tm4c123.o(.text)
    GPIOP3_Handler                           0x000004a7   Thumb Code     2  startup_tm4c123.o(.text)
    GPIOP4_Handler                           0x000004a9   Thumb Code     2  startup_tm4c123.o(.text)
    GPIOP5_Handler                           0x000004ab   Thumb Code     2  startup_tm4c123.o(.text)
    GPIOP6_Handler                           0x000004ad   Thumb Code     2  startup_tm4c123.o(.text)
    GPIOP7_Handler                           0x000004af   Thumb Code     2  startup_tm4c123.o(.text)
    GPIOQ0_Handler                           0x000004b1   Thumb Code     2  startup_tm4c123.o(.text)
    GPIOQ1_Handler                           0x000004b3   Thumb Code     2  startup_tm4c123.o(.text)
    GPIOQ2_Handler                           0x000004b5   Thumb Code     2  startup_tm4c123.o(.text)
    GPIOQ3_Handler                           0x000004b7   Thumb Code     2  startup_tm4c123.o(.text)
    GPIOQ4_Handler                           0x000004b9   Thumb Code     2  startup_tm4c123.o(.text)
    GPIOQ5_Handler                           0x000004bb   Thumb Code     2  startup_tm4c123.o(.text)
    GPIOQ6_Handler                           0x000004bd   Thumb Code     2  startup_tm4c123.o(.text)
    GPIOQ7_Handler                           0x000004bf   Thumb Code     2  startup_tm4c123.o(.text)
    GPIOR_Handler                            0x000004c1   Thumb Code     2  startup_tm4c123.o(.text)
    GPIOS_Handler                            0x000004c3   Thumb Code     2  startup_tm4c123.o(.text)
    PMW1_0_Handler                           0x000004c5   Thumb Code     2  startup_tm4c123.o(.text)
    PWM1_1_Handler                           0x000004c7   Thumb Code     2  startup_tm4c123.o(.text)
    PWM1_2_Handler                           0x000004c9   Thumb Code     2  startup_tm4c123.o(.text)
    PWM1_3_Handler                           0x000004cb   Thumb Code     2  startup_tm4c123.o(.text)
    PWM1_FAULT_Handler                       0x000004cd   Thumb Code     2  startup_tm4c123.o(.text)
    __user_initial_stackheap                 0x000004d1   Thumb Code     0  startup_tm4c123.o(.text)
    __aeabi_memcpy                           0x000004f1   Thumb Code     0  rt_memcpy_v6.o(.text)
    __rt_memcpy                              0x000004f1   Thumb Code   138  rt_memcpy_v6.o(.text)
    _memcpy_lastbytes                        0x00000557   Thumb Code     0  rt_memcpy_v6.o(.text)
    __aeabi_memset                           0x0000057b   Thumb Code    16  aeabi_memset.o(.text)
    __use_two_region_memory                  0x0000058b   Thumb Code     2  heapauxi.o(.text)
    __rt_heap_escrow$2region                 0x0000058d   Thumb Code     2  heapauxi.o(.text)
    __rt_heap_expand$2region                 0x0000058f   Thumb Code     2  heapauxi.o(.text)
    __aeabi_memcpy4                          0x00000591   Thumb Code     0  rt_memcpy_w.o(.text)
    __aeabi_memcpy8                          0x00000591   Thumb Code     0  rt_memcpy_w.o(.text)
    __rt_memcpy_w                            0x00000591   Thumb Code   100  rt_memcpy_w.o(.text)
    _memcpy_lastbytes_aligned                0x000005d9   Thumb Code     0  rt_memcpy_w.o(.text)
    __aeabi_memclr                           0x000005f5   Thumb Code     0  rt_memclr.o(.text)
    __rt_memclr                              0x000005f5   Thumb Code    68  rt_memclr.o(.text)
    _memset                                  0x000005f9   Thumb Code     0  rt_memclr.o(.text)
    __aeabi_memclr4                          0x00000639   Thumb Code     0  rt_memclr_w.o(.text)
    __aeabi_memclr8                          0x00000639   Thumb Code     0  rt_memclr_w.o(.text)
    __rt_memclr_w                            0x00000639   Thumb Code    78  rt_memclr_w.o(.text)
    _memset_w                                0x0000063d   Thumb Code     0  rt_memclr_w.o(.text)
    __user_setup_stackheap                   0x00000687   Thumb Code    74  sys_stackheap_outer.o(.text)
    exit                                     0x000006d1   Thumb Code    18  exit.o(.text)
    __user_libspace                          0x000006e5   Thumb Code     8  libspace.o(.text)
    __user_perproc_libspace                  0x000006e5   Thumb Code     0  libspace.o(.text)
    _sys_exit                                0x000006ed   Thumb Code     8  sys_exit.o(.text)
    __I$use$semihosting                      0x000006f9   Thumb Code     0  use_no_semi.o(.text)
    __use_no_semihosting_swi                 0x000006f9   Thumb Code     2  use_no_semi.o(.text)
    GPIODirModeSet                           0x000006fb   Thumb Code    50  gpio.o(i.GPIODirModeSet)
    __semihosting_library_function           0x000006fb   Thumb Code     0  indicate_semi.o(.text)
    GPIOPadConfigSet                         0x0000072d   Thumb Code   384  gpio.o(i.GPIOPadConfigSet)
    GPIOPinTypeGPIOOutput                    0x000008b9   Thumb Code    30  gpio.o(i.GPIOPinTypeGPIOOutput)
    GPIOPinWrite                             0x000008d7   Thumb Code    10  gpio.o(i.GPIOPinWrite)
    SysCtlClockGet                           0x000008e1   Thumb Code   324  sysctl.o(i.SysCtlClockGet)
    SysCtlClockSet                           0x00000a4d   Thumb Code   280  sysctl.o(i.SysCtlClockSet)
    SysCtlPeripheralEnable                   0x00000b79   Thumb Code    46  sysctl.o(i.SysCtlPeripheralEnable)
    SysTick_Handler                          0x00000bad   Thumb Code    22  cmsis_os2.o(i.SysTick_Handler)
    SystemInit                               0x00000bc5   Thumb Code   112  system_tm4c123.o(i.SystemInit)
    Wait                                     0x00000c5d   Thumb Code    34  main.o(i.Wait)
    _mutex_acquire                           0x00000c7f   Thumb Code    22  clib_arm.o(i._mutex_acquire)
    _mutex_free                              0x00000c95   Thumb Code    46  clib_arm.o(i._mutex_free)
    _mutex_initialize                        0x00000cc9   Thumb Code    86  clib_arm.o(i._mutex_initialize)
    _mutex_release                           0x00000d29   Thumb Code    24  clib_arm.o(i._mutex_release)
    _platform_post_stackheap_init            0x00000d41   Thumb Code     2  clib_arm.o(i._platform_post_stackheap_init)
    main                                     0x00000d45   Thumb Code    56  main.o(i.main)
    pvPortMalloc                             0x00001615   Thumb Code    98  heap_1.o(i.pvPortMalloc)
    pvTaskIncrementMutexHeldCount            0x00001685   Thumb Code    26  tasks.o(i.pvTaskIncrementMutexHeldCount)
    pxPortInitialiseStack                    0x000016a5   Thumb Code    38  port.o(i.pxPortInitialiseStack)
    uxListRemove                             0x000016d1   Thumb Code    40  list.o(i.uxListRemove)
    vApplicationGetIdleTaskMemory            0x000016f9   Thumb Code    14  cmsis_os2.o(i.vApplicationGetIdleTaskMemory)
    vApplicationGetTimerTaskMemory           0x00001711   Thumb Code    14  cmsis_os2.o(i.vApplicationGetTimerTaskMemory)
    vApplicationStackOverflowHook            0x00001729   Thumb Code     2  cmsis_os2.o(i.vApplicationStackOverflowHook)
    vListInitialise                          0x0000172b   Thumb Code    26  list.o(i.vListInitialise)
    vListInitialiseItem                      0x00001745   Thumb Code     6  list.o(i.vListInitialiseItem)
    vListInsert                              0x0000174b   Thumb Code    52  list.o(i.vListInsert)
    vListInsertEnd                           0x0000177f   Thumb Code    24  list.o(i.vListInsertEnd)
    vPeriodicTask                            0x00001799   Thumb Code    80  main.o(i.vPeriodicTask)
    vPortEnterCritical                       0x000017ed   Thumb Code    30  port.o(i.vPortEnterCritical)
    vPortExitCritical                        0x00001811   Thumb Code    28  port.o(i.vPortExitCritical)
    vPortFree                                0x00001831   Thumb Code     2  heap_1.o(i.vPortFree)
    vPortSetupTimerInterrupt                 0x00001835   Thumb Code    36  port.o(i.vPortSetupTimerInterrupt)
    vQueueDelete                             0x0000185d   Thumb Code    20  queue.o(i.vQueueDelete)
    vQueueWaitForMessageRestricted           0x00001871   Thumb Code    74  queue.o(i.vQueueWaitForMessageRestricted)
    vTaskDelayUntil                          0x000018bd   Thumb Code   106  tasks.o(i.vTaskDelayUntil)
    vTaskInternalSetTimeOutState             0x00001931   Thumb Code    14  tasks.o(i.vTaskInternalSetTimeOutState)
    vTaskMissedYield                         0x00001949   Thumb Code     8  tasks.o(i.vTaskMissedYield)
    vTaskPlaceOnEventList                    0x00001955   Thumb Code    28  tasks.o(i.vTaskPlaceOnEventList)
    vTaskPlaceOnEventListRestricted          0x00001975   Thumb Code    36  tasks.o(i.vTaskPlaceOnEventListRestricted)
    vTaskPriorityDisinheritAfterTimeout      0x0000199d   Thumb Code   130  tasks.o(i.vTaskPriorityDisinheritAfterTimeout)
    vTaskStartScheduler                      0x00001a29   Thumb Code   120  tasks.o(i.vTaskStartScheduler)
    vTaskSuspendAll                          0x00001abd   Thumb Code    12  tasks.o(i.vTaskSuspendAll)
    vTaskSwitchContext                       0x00001acd   Thumb Code   154  tasks.o(i.vTaskSwitchContext)
    xPortStartScheduler                      0x00001b7d   Thumb Code    58  port.o(i.xPortStartScheduler)
    xPortSysTickHandler                      0x00001bc5   Thumb Code    46  port.o(i.xPortSysTickHandler)
    xQueueCreateMutex                        0x00001bf9   Thumb Code    34  queue.o(i.xQueueCreateMutex)
    xQueueCreateMutexStatic                  0x00001c1b   Thumb Code    42  queue.o(i.xQueueCreateMutexStatic)
    xQueueGenericCreate                      0x00001c45   Thumb Code    58  queue.o(i.xQueueGenericCreate)
    xQueueGenericCreateStatic                0x00001c7f   Thumb Code    46  queue.o(i.xQueueGenericCreateStatic)
    xQueueGenericReset                       0x00001cad   Thumb Code   122  queue.o(i.xQueueGenericReset)
    xQueueGenericSend                        0x00001d2d   Thumb Code   276  queue.o(i.xQueueGenericSend)
    xQueueGenericSendFromISR                 0x00001e45   Thumb Code   138  queue.o(i.xQueueGenericSendFromISR)
    xQueueReceive                            0x00001ed1   Thumb Code   256  queue.o(i.xQueueReceive)
    xQueueSemaphoreTake                      0x00001fd5   Thumb Code   300  queue.o(i.xQueueSemaphoreTake)
    xTaskCheckForTimeOut                     0x00002105   Thumb Code    84  tasks.o(i.xTaskCheckForTimeOut)
    xTaskCreate                              0x00002161   Thumb Code   100  tasks.o(i.xTaskCreate)
    xTaskCreateStatic                        0x000021c5   Thumb Code    78  tasks.o(i.xTaskCreateStatic)
    xTaskGetSchedulerState                   0x00002215   Thumb Code    24  tasks.o(i.xTaskGetSchedulerState)
    xTaskGetTickCount                        0x00002235   Thumb Code     6  tasks.o(i.xTaskGetTickCount)
    xTaskIncrementTick                       0x00002241   Thumb Code   236  tasks.o(i.xTaskIncrementTick)
    xTaskPriorityDisinherit                  0x00002359   Thumb Code    86  tasks.o(i.xTaskPriorityDisinherit)
    xTaskPriorityInherit                     0x000023b9   Thumb Code   150  tasks.o(i.xTaskPriorityInherit)
    xTaskRemoveFromEventList                 0x0000245d   Thumb Code   102  tasks.o(i.xTaskRemoveFromEventList)
    xTaskResumeAll                           0x000024dd   Thumb Code   194  tasks.o(i.xTaskResumeAll)
    xTimerCreateTimerTask                    0x000025c5   Thumb Code    76  timers.o(i.xTimerCreateTimerTask)
    xTimerGenericCommand                     0x00002625   Thumb Code   104  timers.o(i.xTimerGenericCommand)
    _fp_init                                 0x00002691   Thumb Code    10  fpinit.o(x$fpl$fpinit)
    __fplib_config_fpu_vfp                   0x00002699   Thumb Code     0  fpinit.o(x$fpl$fpinit)
    __fplib_config_pureend_doubles           0x00002699   Thumb Code     0  fpinit.o(x$fpl$fpinit)
    Region$$Table$$Base                      0x000028f0   Number         0  anon$$obj.o(Region$$Table)
    Region$$Table$$Limit                     0x00002910   Number         0  anon$$obj.o(Region$$Table)
    SystemCoreClock                          0x20000004   Data           4  system_tm4c123.o(.data)
    pxCurrentTCB                             0x20000010   Data           4  tasks.o(.data)
    __libspace_start                         0x20002d7c   Data          96  libspace.o(.bss)
    __temporary_stack_top$libspace           0x20002ddc   Data           0  libspace.o(.bss)



==============================================================================

Memory Map of the image

  Image Entry point : 0x000003dd

  Load Region LR_1 (Base: 0x00000000, Size: 0x00002974, Max: 0xffffffff, ABSOLUTE)

    Execution Region ER_RO (Exec base: 0x00000000, Load base: 0x00000000, Size: 0x00002910, Max: 0xffffffff, ABSOLUTE)

    Exec Addr    Load Addr    Size         Type   Attr      Idx    E Section Name        Object

    0x00000000   0x00000000   0x0000026c   Data   RO         3344    RESET               startup_tm4c123.o
    0x0000026c   0x0000026c   0x00000008   Code   RO         4535  * !!!main             c_w.l(__main.o)
    0x00000274   0x00000274   0x00000034   Code   RO         4698    !!!scatter          c_w.l(__scatter.o)
    0x000002a8   0x000002a8   0x0000001a   Code   RO         4700    !!handler_copy      c_w.l(__scatter_copy.o)
    0x000002c2   0x000002c2   0x00000002   PAD
    0x000002c4   0x000002c4   0x0000001c   Code   RO         4702    !!handler_zi        c_w.l(__scatter_zi.o)
    0x000002e0   0x000002e0   0x00000002   Code   RO         4566    .ARM.Collect$$libinit$$00000000  c_w.l(libinit.o)
    0x000002e2   0x000002e2   0x00000004   Code   RO         4572    .ARM.Collect$$libinit$$00000001  c_w.l(libinit2.o)
    0x000002e6   0x000002e6   0x00000000   Code   RO         4575    .ARM.Collect$$libinit$$00000004  c_w.l(libinit2.o)
    0x000002e6   0x000002e6   0x00000000   Code   RO         4578    .ARM.Collect$$libinit$$0000000A  c_w.l(libinit2.o)
    0x000002e6   0x000002e6   0x00000000   Code   RO         4580    .ARM.Collect$$libinit$$0000000C  c_w.l(libinit2.o)
    0x000002e6   0x000002e6   0x00000000   Code   RO         4582    .ARM.Collect$$libinit$$0000000E  c_w.l(libinit2.o)
    0x000002e6   0x000002e6   0x00000000   Code   RO         4585    .ARM.Collect$$libinit$$00000011  c_w.l(libinit2.o)
    0x000002e6   0x000002e6   0x00000000   Code   RO         4587    .ARM.Collect$$libinit$$00000013  c_w.l(libinit2.o)
    0x000002e6   0x000002e6   0x00000000   Code   RO         4589    .ARM.Collect$$libinit$$00000015  c_w.l(libinit2.o)
    0x000002e6   0x000002e6   0x00000000   Code   RO         4591    .ARM.Collect$$libinit$$00000017  c_w.l(libinit2.o)
    0x000002e6   0x000002e6   0x00000000   Code   RO         4593    .ARM.Collect$$libinit$$00000019  c_w.l(libinit2.o)
    0x000002e6   0x000002e6   0x00000000   Code   RO         4595    .ARM.Collect$$libinit$$0000001B  c_w.l(libinit2.o)
    0x000002e6   0x000002e6   0x00000000   Code   RO         4597    .ARM.Collect$$libinit$$0000001D  c_w.l(libinit2.o)
    0x000002e6   0x000002e6   0x00000000   Code   RO         4599    .ARM.Collect$$libinit$$0000001F  c_w.l(libinit2.o)
    0x000002e6   0x000002e6   0x00000000   Code   RO         4601    .ARM.Collect$$libinit$$00000021  c_w.l(libinit2.o)
    0x000002e6   0x000002e6   0x00000000   Code   RO         4603    .ARM.Collect$$libinit$$00000023  c_w.l(libinit2.o)
    0x000002e6   0x000002e6   0x00000000   Code   RO         4605    .ARM.Collect$$libinit$$00000025  c_w.l(libinit2.o)
    0x000002e6   0x000002e6   0x00000000   Code   RO         4609    .ARM.Collect$$libinit$$0000002C  c_w.l(libinit2.o)
    0x000002e6   0x000002e6   0x00000000   Code   RO         4611    .ARM.Collect$$libinit$$0000002E  c_w.l(libinit2.o)
    0x000002e6   0x000002e6   0x00000000   Code   RO         4613    .ARM.Collect$$libinit$$00000030  c_w.l(libinit2.o)
    0x000002e6   0x000002e6   0x00000000   Code   RO         4615    .ARM.Collect$$libinit$$00000032  c_w.l(libinit2.o)
    0x000002e6   0x000002e6   0x00000002   Code   RO         4616    .ARM.Collect$$libinit$$00000033  c_w.l(libinit2.o)
    0x000002e8   0x000002e8   0x00000002   Code   RO         4636    .ARM.Collect$$libshutdown$$00000000  c_w.l(libshutdown.o)
    0x000002ea   0x000002ea   0x00000000   Code   RO         4649    .ARM.Collect$$libshutdown$$00000002  c_w.l(libshutdown2.o)
    0x000002ea   0x000002ea   0x00000000   Code   RO         4651    .ARM.Collect$$libshutdown$$00000004  c_w.l(libshutdown2.o)
    0x000002ea   0x000002ea   0x00000000   Code   RO         4653    .ARM.Collect$$libshutdown$$00000006  c_w.l(libshutdown2.o)
    0x000002ea   0x000002ea   0x00000000   Code   RO         4656    .ARM.Collect$$libshutdown$$00000009  c_w.l(libshutdown2.o)
    0x000002ea   0x000002ea   0x00000000   Code   RO         4659    .ARM.Collect$$libshutdown$$0000000C  c_w.l(libshutdown2.o)
    0x000002ea   0x000002ea   0x00000000   Code   RO         4661    .ARM.Collect$$libshutdown$$0000000E  c_w.l(libshutdown2.o)
    0x000002ea   0x000002ea   0x00000000   Code   RO         4664    .ARM.Collect$$libshutdown$$00000011  c_w.l(libshutdown2.o)
    0x000002ea   0x000002ea   0x00000002   Code   RO         4665    .ARM.Collect$$libshutdown$$00000012  c_w.l(libshutdown2.o)
    0x000002ec   0x000002ec   0x00000000   Code   RO         4537    .ARM.Collect$$rtentry$$00000000  c_w.l(__rtentry.o)
    0x000002ec   0x000002ec   0x00000000   Code   RO         4543    .ARM.Collect$$rtentry$$00000002  c_w.l(__rtentry2.o)
    0x000002ec   0x000002ec   0x00000006   Code   RO         4555    .ARM.Collect$$rtentry$$00000004  c_w.l(__rtentry4.o)
    0x000002f2   0x000002f2   0x00000008   Code   RO         4544    .ARM.Collect$$rtentry$$00000008  c_w.l(__rtentry2.o)
    0x000002fa   0x000002fa   0x00000004   Code   RO         4546    .ARM.Collect$$rtentry$$0000000A  c_w.l(__rtentry2.o)
    0x000002fe   0x000002fe   0x00000000   Code   RO         4548    .ARM.Collect$$rtentry$$0000000C  c_w.l(__rtentry2.o)
    0x000002fe   0x000002fe   0x00000008   Code   RO         4549    .ARM.Collect$$rtentry$$0000000D  c_w.l(__rtentry2.o)
    0x00000306   0x00000306   0x00000002   Code   RO         4570    .ARM.Collect$$rtexit$$00000000  c_w.l(rtexit.o)
    0x00000308   0x00000308   0x00000000   Code   RO         4618    .ARM.Collect$$rtexit$$00000002  c_w.l(rtexit2.o)
    0x00000308   0x00000308   0x00000004   Code   RO         4619    .ARM.Collect$$rtexit$$00000003  c_w.l(rtexit2.o)
    0x0000030c   0x0000030c   0x00000006   Code   RO         4620    .ARM.Collect$$rtexit$$00000004  c_w.l(rtexit2.o)
    0x00000312   0x00000312   0x00000002   PAD
    0x00000314   0x00000314   0x00000006   Code   RO          799    .emb_text           sysctl.o
    0x0000031a   0x0000031a   0x00000002   PAD
    0x0000031c   0x0000031c   0x000000be   Code   RO         4447    .emb_text           port.o
    0x000003da   0x000003da   0x00000002   PAD
    0x000003dc   0x000003dc   0x00000114   Code   RO         3345  * .text               startup_tm4c123.o
    0x000004f0   0x000004f0   0x0000008a   Code   RO         4529    .text               c_w.l(rt_memcpy_v6.o)
    0x0000057a   0x0000057a   0x00000010   Code   RO         4531    .text               c_w.l(aeabi_memset.o)
    0x0000058a   0x0000058a   0x00000006   Code   RO         4533    .text               c_w.l(heapauxi.o)
    0x00000590   0x00000590   0x00000064   Code   RO         4538    .text               c_w.l(rt_memcpy_w.o)
    0x000005f4   0x000005f4   0x00000044   Code   RO         4540    .text               c_w.l(rt_memclr.o)
    0x00000638   0x00000638   0x0000004e   Code   RO         4557    .text               c_w.l(rt_memclr_w.o)
    0x00000686   0x00000686   0x0000004a   Code   RO         4559    .text               c_w.l(sys_stackheap_outer.o)
    0x000006d0   0x000006d0   0x00000012   Code   RO         4561    .text               c_w.l(exit.o)
    0x000006e2   0x000006e2   0x00000002   PAD
    0x000006e4   0x000006e4   0x00000008   Code   RO         4567    .text               c_w.l(libspace.o)
    0x000006ec   0x000006ec   0x0000000c   Code   RO         4628    .text               c_w.l(sys_exit.o)
    0x000006f8   0x000006f8   0x00000002   Code   RO         4639    .text               c_w.l(use_no_semi.o)
    0x000006fa   0x000006fa   0x00000000   Code   RO         4641    .text               c_w.l(indicate_semi.o)
    0x000006fa   0x000006fa   0x00000032   Code   RO            6    i.GPIODirModeSet    gpio.o
    0x0000072c   0x0000072c   0x0000018c   Code   RO           18    i.GPIOPadConfigSet  gpio.o
    0x000008b8   0x000008b8   0x0000001e   Code   RO           30    i.GPIOPinTypeGPIOOutput  gpio.o
    0x000008d6   0x000008d6   0x0000000a   Code   RO           48    i.GPIOPinWrite      gpio.o
    0x000008e0   0x000008e0   0x0000016c   Code   RO          802    i.SysCtlClockGet    sysctl.o
    0x00000a4c   0x00000a4c   0x0000012c   Code   RO          804    i.SysCtlClockSet    sysctl.o
    0x00000b78   0x00000b78   0x00000034   Code   RO          833    i.SysCtlPeripheralEnable  sysctl.o
    0x00000bac   0x00000bac   0x00000016   Code   RO         2722    i.SysTick_Handler   cmsis_os2.o
    0x00000bc2   0x00000bc2   0x00000002   PAD
    0x00000bc4   0x00000bc4   0x00000098   Code   RO         3353    i.SystemInit        system_tm4c123.o
    0x00000c5c   0x00000c5c   0x00000022   Code   RO         2476    i.Wait              main.o
    0x00000c7e   0x00000c7e   0x00000016   Code   RO         2640    i._mutex_acquire    clib_arm.o
    0x00000c94   0x00000c94   0x00000034   Code   RO         2641    i._mutex_free       clib_arm.o
    0x00000cc8   0x00000cc8   0x00000060   Code   RO         2642    i._mutex_initialize  clib_arm.o
    0x00000d28   0x00000d28   0x00000018   Code   RO         2643    i._mutex_release    clib_arm.o
    0x00000d40   0x00000d40   0x00000002   Code   RO         2644    i._platform_post_stackheap_init  clib_arm.o
    0x00000d42   0x00000d42   0x00000002   PAD
    0x00000d44   0x00000d44   0x00000050   Code   RO         2477    i.main              main.o
    0x00000d94   0x00000d94   0x00000024   Code   RO         2645    i.os_kernel_is_active  clib_arm.o
    0x00000db8   0x00000db8   0x0000007c   Code   RO         3875    i.prvAddCurrentTaskToDelayedList  tasks.o
    0x00000e34   0x00000e34   0x000000b8   Code   RO         3876    i.prvAddNewTaskToReadyList  tasks.o
    0x00000eec   0x00000eec   0x0000005c   Code   RO         4272    i.prvCheckForValidListAndQueue  timers.o
    0x00000f48   0x00000f48   0x00000048   Code   RO         3877    i.prvCheckTasksWaitingTermination  tasks.o
    0x00000f90   0x00000f90   0x0000002a   Code   RO         3638    i.prvCopyDataFromQueue  queue.o
    0x00000fba   0x00000fba   0x0000007e   Code   RO         3639    i.prvCopyDataToQueue  queue.o
    0x00001038   0x00001038   0x00000028   Code   RO         3878    i.prvDeleteTCB      tasks.o
    0x00001060   0x00001060   0x00000014   Code   RO         3640    i.prvGetDisinheritPriorityAfterTimeout  queue.o
    0x00001074   0x00001074   0x00000028   Code   RO         4273    i.prvGetNextExpireTime  timers.o
    0x0000109c   0x0000109c   0x00000028   Code   RO         3879    i.prvIdleTask       tasks.o
    0x000010c4   0x000010c4   0x0000001e   Code   RO         3641    i.prvInitialiseMutex  queue.o
    0x000010e2   0x000010e2   0x0000002a   Code   RO         3642    i.prvInitialiseNewQueue  queue.o
    0x0000110c   0x0000110c   0x0000009a   Code   RO         3880    i.prvInitialiseNewTask  tasks.o
    0x000011a6   0x000011a6   0x00000002   PAD
    0x000011a8   0x000011a8   0x00000068   Code   RO         3881    i.prvInitialiseTaskLists  tasks.o
    0x00001210   0x00001210   0x00000058   Code   RO         4275    i.prvInsertTimerInActiveList  timers.o
    0x00001268   0x00001268   0x0000001a   Code   RO         3643    i.prvIsQueueEmpty   queue.o
    0x00001282   0x00001282   0x0000001e   Code   RO         3644    i.prvIsQueueFull    queue.o
    0x000012a0   0x000012a0   0x0000005c   Code   RO         4276    i.prvProcessExpiredTimer  timers.o
    0x000012fc   0x000012fc   0x0000010c   Code   RO         4277    i.prvProcessReceivedCommands  timers.o
    0x00001408   0x00001408   0x00000074   Code   RO         4278    i.prvProcessTimerOrBlockTask  timers.o
    0x0000147c   0x0000147c   0x00000034   Code   RO         3883    i.prvResetNextTaskUnblockTime  tasks.o
    0x000014b0   0x000014b0   0x0000002c   Code   RO         4279    i.prvSampleTimeNow  timers.o
    0x000014dc   0x000014dc   0x00000088   Code   RO         4280    i.prvSwitchTimerLists  timers.o
    0x00001564   0x00001564   0x00000016   Code   RO         4448    i.prvTaskExitError  port.o
    0x0000157a   0x0000157a   0x0000001a   Code   RO         4281    i.prvTimerTask      timers.o
    0x00001594   0x00001594   0x0000007e   Code   RO         3645    i.prvUnlockQueue    queue.o
    0x00001612   0x00001612   0x00000002   PAD
    0x00001614   0x00001614   0x00000070   Code   RO         3593    i.pvPortMalloc      heap_1.o
    0x00001684   0x00001684   0x00000020   Code   RO         3886    i.pvTaskIncrementMutexHeldCount  tasks.o
    0x000016a4   0x000016a4   0x0000002c   Code   RO         4449    i.pxPortInitialiseStack  port.o
    0x000016d0   0x000016d0   0x00000028   Code   RO         3542    i.uxListRemove      list.o
    0x000016f8   0x000016f8   0x00000018   Code   RO         2798    i.vApplicationGetIdleTaskMemory  cmsis_os2.o
    0x00001710   0x00001710   0x00000018   Code   RO         2799    i.vApplicationGetTimerTaskMemory  cmsis_os2.o
    0x00001728   0x00001728   0x00000002   Code   RO         2800    i.vApplicationStackOverflowHook  cmsis_os2.o
    0x0000172a   0x0000172a   0x0000001a   Code   RO         3543    i.vListInitialise   list.o
    0x00001744   0x00001744   0x00000006   Code   RO         3544    i.vListInitialiseItem  list.o
    0x0000174a   0x0000174a   0x00000034   Code   RO         3545    i.vListInsert       list.o
    0x0000177e   0x0000177e   0x00000018   Code   RO         3546    i.vListInsertEnd    list.o
    0x00001796   0x00001796   0x00000002   PAD
    0x00001798   0x00001798   0x00000054   Code   RO         2478    i.vPeriodicTask     main.o
    0x000017ec   0x000017ec   0x00000024   Code   RO         4451    i.vPortEnterCritical  port.o
    0x00001810   0x00001810   0x00000020   Code   RO         4452    i.vPortExitCritical  port.o
    0x00001830   0x00001830   0x00000002   Code   RO         3594    i.vPortFree         heap_1.o
    0x00001832   0x00001832   0x00000002   PAD
    0x00001834   0x00001834   0x00000028   Code   RO         4453    i.vPortSetupTimerInterrupt  port.o
    0x0000185c   0x0000185c   0x00000014   Code   RO         3651    i.vQueueDelete      queue.o
    0x00001870   0x00001870   0x0000004a   Code   RO         3653    i.vQueueWaitForMessageRestricted  queue.o
    0x000018ba   0x000018ba   0x00000002   PAD
    0x000018bc   0x000018bc   0x00000074   Code   RO         3897    i.vTaskDelayUntil   tasks.o
    0x00001930   0x00001930   0x00000018   Code   RO         3901    i.vTaskInternalSetTimeOutState  tasks.o
    0x00001948   0x00001948   0x0000000c   Code   RO         3902    i.vTaskMissedYield  tasks.o
    0x00001954   0x00001954   0x00000020   Code   RO         3904    i.vTaskPlaceOnEventList  tasks.o
    0x00001974   0x00001974   0x00000028   Code   RO         3905    i.vTaskPlaceOnEventListRestricted  tasks.o
    0x0000199c   0x0000199c   0x0000008c   Code   RO         3907    i.vTaskPriorityDisinheritAfterTimeout  tasks.o
    0x00001a28   0x00001a28   0x00000094   Code   RO         3913    i.vTaskStartScheduler  tasks.o
    0x00001abc   0x00001abc   0x00000010   Code   RO         3915    i.vTaskSuspendAll   tasks.o
    0x00001acc   0x00001acc   0x000000b0   Code   RO         3916    i.vTaskSwitchContext  tasks.o
    0x00001b7c   0x00001b7c   0x00000048   Code   RO         4454    i.xPortStartScheduler  port.o
    0x00001bc4   0x00001bc4   0x00000034   Code   RO         4455    i.xPortSysTickHandler  port.o
    0x00001bf8   0x00001bf8   0x00000022   Code   RO         3656    i.xQueueCreateMutex  queue.o
    0x00001c1a   0x00001c1a   0x0000002a   Code   RO         3657    i.xQueueCreateMutexStatic  queue.o
    0x00001c44   0x00001c44   0x0000003a   Code   RO         3658    i.xQueueGenericCreate  queue.o
    0x00001c7e   0x00001c7e   0x0000002e   Code   RO         3659    i.xQueueGenericCreateStatic  queue.o
    0x00001cac   0x00001cac   0x00000080   Code   RO         3660    i.xQueueGenericReset  queue.o
    0x00001d2c   0x00001d2c   0x00000118   Code   RO         3661    i.xQueueGenericSend  queue.o
    0x00001e44   0x00001e44   0x0000008a   Code   RO         3662    i.xQueueGenericSendFromISR  queue.o
    0x00001ece   0x00001ece   0x00000002   PAD
    0x00001ed0   0x00001ed0   0x00000104   Code   RO         3671    i.xQueueReceive     queue.o
    0x00001fd4   0x00001fd4   0x00000130   Code   RO         3673    i.xQueueSemaphoreTake  queue.o
    0x00002104   0x00002104   0x0000005c   Code   RO         3918    i.xTaskCheckForTimeOut  tasks.o
    0x00002160   0x00002160   0x00000064   Code   RO         3919    i.xTaskCreate       tasks.o
    0x000021c4   0x000021c4   0x0000004e   Code   RO         3920    i.xTaskCreateStatic  tasks.o
    0x00002212   0x00002212   0x00000002   PAD
    0x00002214   0x00002214   0x00000020   Code   RO         3924    i.xTaskGetSchedulerState  tasks.o
    0x00002234   0x00002234   0x0000000c   Code   RO         3925    i.xTaskGetTickCount  tasks.o
    0x00002240   0x00002240   0x00000118   Code   RO         3927    i.xTaskIncrementTick  tasks.o
    0x00002358   0x00002358   0x00000060   Code   RO         3930    i.xTaskPriorityDisinherit  tasks.o
    0x000023b8   0x000023b8   0x000000a4   Code   RO         3931    i.xTaskPriorityInherit  tasks.o
    0x0000245c   0x0000245c   0x00000080   Code   RO         3932    i.xTaskRemoveFromEventList  tasks.o
    0x000024dc   0x000024dc   0x000000e8   Code   RO         3933    i.xTaskResumeAll    tasks.o
    0x000025c4   0x000025c4   0x00000060   Code   RO         4290    i.xTimerCreateTimerTask  timers.o
    0x00002624   0x00002624   0x0000006c   Code   RO         4291    i.xTimerGenericCommand  timers.o
    0x00002690   0x00002690   0x0000000a   Code   RO         4626    x$fpl$fpinit        fz_wm.l(fpinit.o)
    0x0000269a   0x0000269a   0x00000002   PAD
    0x0000269c   0x0000269c   0x00000254   Data   RO          857    .constdata          sysctl.o
    0x000028f0   0x000028f0   0x00000020   Data   RO         4696    Region$$Table       anon$$obj.o


    Execution Region ER_RW (Exec base: 0x20000000, Load base: 0x00002910, Size: 0x00000064, Max: 0xffffffff, ABSOLUTE)

    Exec Addr    Load Addr    Size         Type   Attr      Idx    E Section Name        Object

    0x20000000   0x00002910   0x00000001   Data   RW         2647    .data               clib_arm.o
    0x20000001   0x00002911   0x00000003   PAD
    0x20000004   0x00002914   0x00000004   Data   RW         3355    .data               system_tm4c123.o
    0x20000008   0x00002918   0x00000008   Data   RW         3598    .data               heap_1.o
    0x20000010   0x00002920   0x0000003c   Data   RW         3936    .data               tasks.o
    0x2000004c   0x0000295c   0x00000014   Data   RW         4299    .data               timers.o
    0x20000060   0x00002970   0x00000004   Data   RW         4456    .data               port.o


    Execution Region ER_ZI (Exec base: 0x20000064, Load base: 0x00002974, Size: 0x00002f7c, Max: 0xffffffff, ABSOLUTE)

    Exec Addr    Load Addr    Size         Type   Attr      Idx    E Section Name        Object

    0x20000064        -       0x00000394   Zero   RW         2646    .bss                clib_arm.o
    0x200003f8        -       0x000003f8   Zero   RW         2801    .bss                cmsis_os2.o
    0x200007f0        -       0x00002000   Zero   RW         3597    .bss                heap_1.o
    0x200027f0        -       0x000004c4   Zero   RW         3935    .bss                tasks.o
    0x20002cb4        -       0x000000c8   Zero   RW         4298    .bss                timers.o
    0x20002d7c        -       0x00000060   Zero   RW         4568    .bss                c_w.l(libspace.o)
    0x20002ddc   0x00002974   0x00000004   PAD
    0x20002de0        -       0x00000000   Zero   RW         3343    HEAP                startup_tm4c123.o
    0x20002de0        -       0x00000200   Zero   RW         3342    STACK               startup_tm4c123.o


==============================================================================

Image component sizes


      Code (inc. data)   RO Data    RW Data    ZI Data      Debug   Object Name

       232         20          0          1        916      20288   clib_arm.o
        72         20          0          0       1016      27287   cmsis_os2.o
         0          0          0          0          0      10532   event_groups.o
       486         12          0          0          0       7223   gpio.o
       114         14          0          8       8192       2359   heap_1.o
       148          0          0          0          0      12894   list.o
       198         28          0          0          0      12150   main.o
       488         56          0          4          0      10320   port.o
      1826         18          0          0          0      21050   queue.o
       276         24        620          0        512       5448   startup_tm4c123.o
       722         66        596          0          0       4355   sysctl.o
       152         40          0          4          0        839   system_tm4c123.o
      2720        374          0         60       1220      42908   tasks.o
      1106        114          0         20        200      12927   timers.o

    ----------------------------------------------------------------------
      8562        786       1248        100      12056     190580   Object Totals
         0          0         32          0          0          0   (incl. Generated)
        22          0          0          3          0          0   (incl. Padding)

    ----------------------------------------------------------------------

      Code (inc. data)   RO Data    RW Data    ZI Data      Debug   Library Member Name

         8          0          0          0          0         68   __main.o
         0          0          0          0          0          0   __rtentry.o
        20          0          0          0          0          0   __rtentry2.o
         6          0          0          0          0          0   __rtentry4.o
        52          8          0          0          0          0   __scatter.o
        26          0          0          0          0          0   __scatter_copy.o
        28          0          0          0          0          0   __scatter_zi.o
        16          0          0          0          0         68   aeabi_memset.o
        18          0          0          0          0         80   exit.o
         6          0          0          0          0        152   heapauxi.o
         0          0          0          0          0          0   indicate_semi.o
         2          0          0          0          0          0   libinit.o
         6          0          0          0          0          0   libinit2.o
         2          0          0          0          0          0   libshutdown.o
         2          0          0          0          0          0   libshutdown2.o
         8          4          0          0         96         68   libspace.o
        68          0          0          0          0         68   rt_memclr.o
        78          0          0          0          0         80   rt_memclr_w.o
       138          0          0          0          0         68   rt_memcpy_v6.o
       100          0          0          0          0         80   rt_memcpy_w.o
         2          0          0          0          0          0   rtexit.o
        10          0          0          0          0          0   rtexit2.o
        12          4          0          0          0         68   sys_exit.o
        74          0          0          0          0         80   sys_stackheap_outer.o
         2          0          0          0          0         68   use_no_semi.o
        10          0          0          0          0        116   fpinit.o

    ----------------------------------------------------------------------
       702         16          0          0        100       1064   Library Totals
         8          0          0          0          4          0   (incl. Padding)

    ----------------------------------------------------------------------

      Code (inc. data)   RO Data    RW Data    ZI Data      Debug   Library Name

       684         16          0          0         96        948   c_w.l
        10          0          0          0          0        116   fz_wm.l

    ----------------------------------------------------------------------
       702         16          0          0        100       1064   Library Totals

    ----------------------------------------------------------------------

==============================================================================


      Code (inc. data)   RO Data    RW Data    ZI Data      Debug   

      9264        802       1248        100      12156     182228   Grand Totals
      9264        802       1248        100      12156     182228   ELF Image Totals
      9264        802       1248        100          0          0   ROM Totals

==============================================================================

    Total RO  Size (Code + RO Data)                10512 (  10.27kB)
    Total RW  Size (RW Data + ZI Data)             12256 (  11.97kB)
    Total ROM Size (Code + RO Data + RW Data)      10612 (  10.36kB)

==============================================================================

